01-07 13:09:27.474  1363  1411 V BatteryExternalStatsWorker: WiFi energy data was reset, new WiFi energy data is WifiActivityEnergyInfo{ timestamp=56717342 mStackState=3 mControllerTxTimeMs=0 mControllerTxTimePerLevelMs=[0, 0, 0, 0, 0, 0, 0, 0, 0, 0, 0, 0, 0, 0, 0, 0, 0, 0, 0, 0, 0, 0, 0, 0, 0, 0, 0, 0, 0, 0, 0, 0, 0, 1050, 10408, 0, 0, 0, 0, 0, 0, 0, 0, 0, 0, 0, 0, 0, 0, 0, 0, 0, 0, 0, 0, 0, 0, 0, 0, 0, 0, 0, 0, 0, 0, 0, 0, 0, 0, 0, 0, 0, 0, 0, 0, 0, 0, 0, 1050, 10408, 0, 0, 0, 0, 0, 0, 0, 0, 0, 0, 0, 0, 0, 0, 0, 0, 0, 0, 0, 0, 0, 0, 0, 0, 0, 0, 0, 0, 98, 0, 1, 0, 0, 0, 0, 0, 343, 0, 843, 0, 5605, 0, 11515, 0, 0, 0, 0, 0, 0, 0, 0, 0, 0, 0, 0, 0, 0, 0, 0, 0, 0, 0, 0, 0, 0, 0, 0, 0, 0, 0, 0, 0, 0, 98, 0, 1, 0, 0, 0, 0, 0, 343, 0, 843, 0, 5605, 0, 11515, 0, 0, 0, 0, 0, 0, 0, 0, 0, 0, 0, 0] mControllerRxTimeMs=0 mControllerScanTimeMs=0 mControllerIdleTimeMs=0 mControllerEnergyUsed=0 }
01-07 13:10:24.719  1363  2762 D ConnectivityService: Returning BLOCKED NetworkInfo to uid=10181
01-07 13:11:43.742  1363  1396 I EntropyMixer: Writing entropy...
01-07 13:11:43.746  1363  1403 W BroadcastQueue: Background execution not allowed: receiving Intent { act=android.intent.action.ACTION_POWER_CONNECTED flg=0x4000010 (has extras) } to com.google.android.apps.turbo/.nudges.broadcasts.BatteryStatusChangedReceiver
01-07 13:11:43.746  1363  1403 W BroadcastQueue: Background execution not allowed: receiving Intent { act=android.intent.action.ACTION_POWER_CONNECTED flg=0x4000010 (has extras) } to com.google.android.gms/.gcm.nts.SchedulerReceiver
01-07 13:11:43.746  1363  1403 W BroadcastQueue: Background execution not allowed: receiving Intent { act=android.intent.action.ACTION_POWER_CONNECTED flg=0x4000010 (has extras) } to com.google.android.gms/.chimera.GmsIntentOperationService$PersistentTrustedReceiver
01-07 13:11:43.747  1363  1403 W BroadcastQueue: Background execution not allowed: receiving Intent { act=android.intent.action.ACTION_POWER_CONNECTED flg=0x4000010 (has extras) } to com.google.android.projection.gearhead/com.google.android.apps.auto.components.connectivity.impl.ConnectivityEventHandlerImpl$ConnectivityEventBroadcastReceiver
01-07 13:11:43.763  1363  1435 I PowerManagerService: Waking up from Dozing (uid=1000, reason=WAKE_REASON_PLUGGED_IN, details=android.server.power:PLUGGED:true)...
01-07 13:11:43.779  1363  1435 I DisplayPowerController: Blocking screen on until initial contents have been drawn.
01-07 13:11:43.784  1779  9222 D PowerUI : can't show warning due to - plugged: true status unknown: false
01-07 13:11:43.787  1363  1435 V DisplayPowerController: Brightness [42] reason changing to: 'manual', previous reason: 'screen_off'.
01-07 13:11:43.789  1363  1397 I DisplayManagerService: Display device changed state: "Built-in Screen", ON
01-07 13:11:43.813  1363  1363 W UsageStatsService: Event reported without a package name, eventType:15
01-07 13:11:43.819  1363  1729 D ConnectivityService: Blocked status changed to false for 10123(278) on netId 101
01-07 13:11:43.819  1363  1729 D ConnectivityService: Blocked status changed to false for 10123(279) on netId 101
01-07 13:11:43.820  1363  1729 D ConnectivityService: Blocked status changed to false for 10123(280) on netId 101
01-07 13:11:43.820  1363  1729 D ConnectivityService: Blocked status changed to false for 10181(276) on netId 101
01-07 13:11:43.820  1363  1729 D ConnectivityService: Blocked status changed to false for 10181(277) on netId 101
01-07 13:11:43.821  1363  1729 D ConnectivityService: Blocked status changed to false for 10139(119) on netId 101
01-07 13:11:43.822  1363  1729 D ConnectivityService: Blocked status changed to false for 10198(22) on netId 101
01-07 13:11:43.823  1363  1729 D ConnectivityService: Blocked status changed to false for 10198(23) on netId 101
01-07 13:11:43.937  1363  1435 V DisplayPowerController: Brightness [44] reason changing to: 'automatic', previous reason: 'manual'.
01-07 13:11:43.960  1363  1363 V SettingsProvider: Notifying for 0: content://settings/system/screen_brightness
01-07 13:11:43.987  1363  1435 I DisplayPowerController: Unblocked screen on after 208 ms
01-07 13:11:43.989  1363  1435 W PowerManagerService: Screen on took 225 ms
01-07 13:11:43.989  1363  1435 I DreamManagerService: Gently waking up from dream.
01-07 13:11:43.989  1363  1394 I DreamManagerService: Performing gentle wake from dream.
01-07 13:11:44.005  1363  1386 I DreamManagerService: Leaving dreamland.
01-07 13:11:44.005  1363  1394 I DreamManagerService: Performing gentle wake from dream.
01-07 13:11:44.005  1363  1394 I DreamController: Stopping dream: name=ComponentInfo{com.android.systemui/com.android.systemui.doze.DozeService}, isTest=false, canDoze=true, userId=0
01-07 13:11:44.132  1779  9358 D PowerUI : can't show warning due to - plugged: true status unknown: false
01-07 13:11:51.773  1363  1435 V DisplayPowerController: Brightness [6] reason changing to: 'automatic [ dim ]', previous reason: 'automatic'.
01-07 13:11:52.311  1779  9366 D PowerUI : can't show warning due to - plugged: true status unknown: false
01-07 13:11:53.765  1363  1435 I PowerManagerService: Going to sleep due to timeout (uid 1000)...
01-07 13:11:53.767  1363  1363 W UsageStatsService: Event reported without a package name, eventType:16
01-07 13:11:53.824  1363  1435 V DisplayPowerController: Brightness [44] reason changing to: 'automatic', previous reason: 'automatic [ dim ]'.
01-07 13:11:53.952  1779  2500 D PowerUI : can't show warning due to - plugged: true status unknown: false
01-07 13:11:54.244  1363  1435 I DisplayPowerController: Blocking screen off
01-07 13:11:54.245  1363  1435 I DisplayPowerController: Unblocked screen off after 1 ms
01-07 13:11:54.293  1363  1435 V DisplayPowerController: Brightness [0] reason changing to: 'screen_off', previous reason: 'automatic'.
01-07 13:11:54.295  1363  1397 I DisplayManagerService: Display device changed state: "Built-in Screen", OFF
01-07 13:11:54.458  1363  1435 I DreamManagerService: Entering dreamland.
01-07 13:11:54.460  1363  1435 I PowerManagerService: Dozing...
01-07 13:11:54.461  1363  1394 I DreamController: Starting dream: name=ComponentInfo{com.android.systemui/com.android.systemui.doze.DozeService}, isTest=false, canDoze=true, userId=0
01-07 13:12:09.643  1363  1386 I ActivityManager: Killing 11313:com.android.providers.calendar/u0a70 (adj 965): empty for 1806s
01-07 13:12:43.745  1779  7813 D PowerUI : can't show warning due to - plugged: true status unknown: false
01-07 13:12:53.875  1779  8884 D PowerUI : can't show warning due to - plugged: true status unknown: false
01-07 13:12:54.515  1363  2762 E WifiService: Permission violation - getScanResults not allowed for uid=10144, packageName=com.google.android.gms, reason=java.lang.SecurityException: Location mode is disabled for the device
01-07 13:12:54.744  1363  2762 E WifiService: Permission violation - getScanResults not allowed for uid=10144, packageName=com.google.android.gms, reason=java.lang.SecurityException: Location mode is disabled for the device
01-07 13:13:40.882  1363  1404 I ActivityManager: Start proc 12236:com.android.cellbroadcastreceiver/u0a78 for broadcast {com.android.cellbroadcastreceiver/com.android.cellbroadcastreceiver.CellBroadcastReceiver}
01-07 13:13:43.746  1779  8907 D PowerUI : can't show warning due to - plugged: true status unknown: false
01-07 13:13:53.753  1363  1386 I ActivityManager: Killing 11535:com.android.keychain/1000 (adj 965): empty for 1806s
01-07 13:14:05.283  1363  1403 I ActivityManager: Killing 11501:com.android.vending:download_service/u0a123 (adj 955): empty for 1802s
01-07 13:14:05.338  1363  2762 D ConnectivityService: ConnectivityService NetworkRequestInfo binderDied(NetworkRequest [ TRACK_DEFAULT id=280, [ Capabilities: INTERNET&NOT_RESTRICTED&TRUSTED Uid: 10123] ], android.os.BinderProxy@9da97dd)
01-07 13:14:05.339  1363  1729 D ConnectivityService: releasing NetworkRequest [ TRACK_DEFAULT id=280, [ Capabilities: INTERNET&NOT_RESTRICTED&TRUSTED Uid: 10123] ] (release request)
01-07 13:14:05.934  1363  1386 D ConnectivityService: Returning UNBLOCKED NetworkInfo to uid=10181
01-07 13:14:11.051  1363  1435 I DisplayPowerController: Blocking screen on until initial contents have been drawn.
01-07 13:14:11.076  1363  1435 V DisplayPowerController: Brightness [25] reason changing to: 'doze', previous reason: 'screen_off'.
01-07 13:14:11.077  1363  1397 I DisplayManagerService: Display device changed state: "Built-in Screen", ON
01-07 13:14:11.126  1363  1435 I DisplayPowerController: Unblocked screen on after 76 ms
01-07 13:14:16.596  1363  1435 I DisplayPowerController: Blocking screen off
01-07 13:14:16.597  1363  1435 I DisplayPowerController: Unblocked screen off after 1 ms
01-07 13:14:16.622  1363  1435 V DisplayPowerController: Brightness [0] reason changing to: 'screen_off', previous reason: 'doze'.
01-07 13:14:16.623  1363  1397 I DisplayManagerService: Display device changed state: "Built-in Screen", OFF
01-07 13:14:18.730  1363  1404 I ActivityManager: Start proc 12280:com.google.android.apps.safetyhub/u0a112 for service {com.google.android.apps.safetyhub/androidx.work.impl.background.systemjob.SystemJobService}
01-07 13:14:34.103  1363  2762 I ActivityManager: Killing 11420:com.android.vending/u0a123 (adj 945): empty for 1800s
01-07 13:14:34.107  1363  2762 I ActivityManager: Killing 10536:com.google.android.youtube/u0a189 (adj 955): empty for 1800s
01-07 13:14:34.195  1363  2797 D ConnectivityService: ConnectivityService NetworkRequestInfo binderDied(NetworkRequest [ LISTEN id=279, [ Capabilities: INTERNET&NOT_RESTRICTED&TRUSTED Uid: 10123] ], android.os.BinderProxy@b910ad7)
01-07 13:14:34.195  1363  1917 D ConnectivityService: ConnectivityService NetworkRequestInfo binderDied(NetworkRequest [ TRACK_DEFAULT id=278, [ Capabilities: INTERNET&NOT_RESTRICTED&TRUSTED Uid: 10123] ], android.os.BinderProxy@9034a56)
01-07 13:14:34.196  1363  1729 D ConnectivityService: releasing NetworkRequest [ TRACK_DEFAULT id=278, [ Capabilities: INTERNET&NOT_RESTRICTED&TRUSTED Uid: 10123] ] (release request)
01-07 13:14:34.222  1363  5257 D ConnectivityService: ConnectivityService NetworkRequestInfo binderDied(NetworkRequest [ TRACK_DEFAULT id=272, [ Capabilities: INTERNET&NOT_RESTRICTED&TRUSTED Uid: 10189] ], android.os.BinderProxy@7594fc4)
01-07 13:14:34.222  1363  1386 D ConnectivityService: ConnectivityService NetworkRequestInfo binderDied(NetworkRequest [ LISTEN id=273, [ Capabilities: INTERNET&NOT_RESTRICTED&TRUSTED&FOREGROUND Uid: 10189] ], android.os.BinderProxy@cecdead)
01-07 13:14:34.223  1363  1729 D ConnectivityService: releasing NetworkRequest [ TRACK_DEFAULT id=272, [ Capabilities: INTERNET&NOT_RESTRICTED&TRUSTED Uid: 10189] ] (release request)
01-07 13:14:43.749  1779  9156 D PowerUI : can't show warning due to - plugged: true status unknown: false
01-07 13:15:49.430  1363  1402 I UsageStatsService: User[0] Flushing usage stats to disk
01-07 13:15:49.502  1363  1402 W AppIdleHistory: Skipping App Idle write for unexpected null package
01-07 13:16:08.579  1363  1404 I ActivityManager: Start proc 12355:com.google.android.as:learning_bg/u0a113 for service {com.google.android.as/com.google.android.gms.learning.internal.training.InAppTrainingService}
01-07 13:16:43.744  1779  9222 D PowerUI : can't show warning due to - plugged: true status unknown: false
01-07 13:18:03.637  1363  1404 I ActivityManager: Start proc 12400:com.android.providers.calendar/u0a70 for content provider {com.android.providers.calendar/com.android.providers.calendar.CalendarProvider2}
01-07 13:18:03.752  1363  5257 W ActivityManager: Unable to start service Intent { act=com.google.firebase.MESSAGING_EVENT pkg=com.google.android.googlequicksearchbox } U=0: not found
01-07 13:18:04.534  1363  2797 W ActivityManager: Unable to start service Intent { act=com.google.firebase.MESSAGING_EVENT pkg=com.google.android.googlequicksearchbox } U=0: not found
01-07 13:18:14.548  1363  1404 I ActivityManager: Start proc 12431:com.google.android.apps.messaging/u0a177 for service {com.google.android.apps.messaging/androidx.work.impl.background.systemjob.SystemJobService}
01-07 13:18:14.785  1363  5257 E WifiService: Permission violation - getScanResults not allowed for uid=10144, packageName=com.google.android.gms, reason=java.lang.SecurityException: Location mode is disabled for the device
01-07 13:18:14.846  1779  9358 D PowerUI : can't show warning due to - plugged: true status unknown: false
01-07 13:18:14.861  1363  5257 D ConnectivityService: Returning UNBLOCKED NetworkInfo to uid=10177
01-07 13:18:14.866  1363  5257 D ConnectivityService: requestNetwork for uid/pid:10177/12431 NetworkRequest [ TRACK_DEFAULT id=283, [ Capabilities: INTERNET&NOT_RESTRICTED&TRUSTED Uid: 10177] ]
01-07 13:18:15.286  1363  1729 D ConnectivityService: releasing NetworkRequest [ TRACK_DEFAULT id=283, [ Capabilities: INTERNET&NOT_RESTRICTED&TRUSTED Uid: 10177] ] (release request)
01-07 13:18:35.888  1363  7112 W ActivityManager: Background start not allowed: service Intent { cmp=com.google.android.apps.messaging/.shared.datamodel.action.execution.ActionExecutorImpl$EmptyService } to com.google.android.apps.messaging/.shared.datamodel.action.execution.ActionExecutorImpl$EmptyService from pid=12431 uid=10177 pkg=com.google.android.apps.messaging startFg?=false
01-07 13:18:35.897  1363  7112 I chatty  : uid=1000(system) Binder:1363_17 identical 1 line
01-07 13:18:36.060  1363  7112 W ActivityManager: Background start not allowed: service Intent { cmp=com.google.android.apps.messaging/.shared.datamodel.action.execution.ActionExecutorImpl$EmptyService } to com.google.android.apps.messaging/.shared.datamodel.action.execution.ActionExecutorImpl$EmptyService from pid=12431 uid=10177 pkg=com.google.android.apps.messaging startFg?=false
01-07 13:18:43.744  1779  9366 D PowerUI : can't show warning due to - plugged: true status unknown: false
01-07 13:20:29.988  1363  6752 W ActivityManager: Background start not allowed: service Intent { cmp=com.google.android.apps.messaging/.shared.datamodel.action.execution.ActionExecutorImpl$EmptyService } to com.google.android.apps.messaging/.shared.datamodel.action.execution.ActionExecutorImpl$EmptyService from pid=12431 uid=10177 pkg=com.google.android.apps.messaging startFg?=false
01-07 13:20:29.997  1363  6752 W ActivityManager: Background start not allowed: service Intent { cmp=com.google.android.apps.messaging/.shared.datamodel.action.execution.ActionExecutorImpl$EmptyService } to com.google.android.apps.messaging/.shared.datamodel.action.execution.ActionExecutorImpl$EmptyService from pid=12431 uid=10177 pkg=com.google.android.apps.messaging startFg?=false
01-07 13:20:30.091  1363  1404 I ActivityManager: Start proc 12534:android.process.acore/u0a61 for content provider {com.android.providers.contacts/com.android.providers.contacts.ContactsProvider2}
01-07 13:20:30.305  1363  9474 D CountryDetector: The first listener is added
01-07 13:20:30.310 12534 12534 D ActivityThread: Loading provider contacts;com.android.contacts: com.android.providers.contacts.ContactsProvider2
01-07 13:20:32.615  1363  7112 W ActivityManager: Background start not allowed: service Intent { cmp=com.google.android.apps.messaging/.shared.datamodel.action.execution.ActionExecutorImpl$EmptyService } to com.google.android.apps.messaging/.shared.datamodel.action.execution.ActionExecutorImpl$EmptyService from pid=12431 uid=10177 pkg=com.google.android.apps.messaging startFg?=false
--------- beginning of main
01-07 13:22:25.570 12355 12367 I .as:learning_b: Background concurrent copying GC freed 10012(492KB) AllocSpace objects, 1298(21MB) LOS objects, 49% free, 3565KB/7131KB, paused 71us total 101.007ms
01-07 13:22:37.599 14628 14645 I AiAiReflection: Closing Reflection federated learning iterator, returned 1000 examples. Asked for in selection criteria: 1000
01-07 13:22:37.610 14628 14654 I AiAiReflection: Received a federated learning request for collection '/reflection'.Requesting 1000 examples with version 3, mods between 0 and 70
01-07 13:22:43.728  1779  2500 D PowerUI : can't show warning due to - plugged: true status unknown: false
01-07 13:22:57.834 14628 16231 I AiAiReflection: Closing Reflection federated learning iterator, returned 1000 examples. Asked for in selection criteria: 1000
01-07 13:22:59.667 12355 12376 E memtrack: Couldn't load memtrack module
01-07 13:22:59.667 12355 12376 W android.os.Debug: failed to get memory consumption info: -1
01-07 13:22:59.881 12355 12376 I brella.jtd: Reporting (via SideChannel-enabled protocol).
01-07 13:23:00.020 12355 12376 I brella.jtd: Using Secure Aggregation client implementation: native
01-07 13:23:00.022 12355 12376 I brella.jtd: Using native secagg client.
01-07 13:23:43.723   833   833 I chatty  : uid=1000(system) health@2.0-serv expire 11 lines
01-07 13:23:43.745  1779  7813 D PowerUI : can't show warning due to - plugged: true status unknown: false
01-07 13:24:10.488   779  1816 I netd    : trafficSwapActiveStatsMap() <0.85ms>
01-07 13:24:10.493   779  1816 I netd    : tetherGetStats() <2.59ms>
01-07 13:24:29.192   827   827 V ContextHubHal: queryApps
01-07 13:24:29.195   827   838 V ContextHubHal: Got nanoapp list response with 9 apps
01-07 13:24:29.195   827   838 V ContextHubHal: App 0x476f6f676c00100b ver 0x30008 enabled 1 system 0
01-07 13:24:29.195   827   838 V ContextHubHal: App 0x476f6f676c00100d ver 0xf enabled 1 system 0
01-07 13:24:29.195   827   838 V ContextHubHal: App 0x476f6f676c001010 ver 0x20000 enabled 1 system 1
01-07 13:24:29.196   827   838 V ContextHubHal: App 0x476f6f676c00100e ver 0x2 enabled 1 system 0
01-07 13:24:29.196   827   838 V ContextHubHal: App 0x476f6f676c001004 ver 0x40009 enabled 1 system 0
01-07 13:24:29.196   827   838 V ContextHubHal: App 0x476f6f676c001011 ver 0x10001 enabled 1 system 0
01-07 13:24:29.196   827   838 V ContextHubHal: App 0x476f6f676c000016 ver 0x1000002 enabled 1 system 1
01-07 13:24:29.196   827   838 V ContextHubHal: App 0x476f6f676c00100f ver 0x10000 enabled 1 system 0
01-07 13:24:29.196   827   838 V ContextHubHal: App 0x476f6f676c001012 ver 0x3 enabled 1 system 0
01-07 13:24:29.198   845  1157 I chatty  : uid=1000(system) sensors@1.0-ser expire 10 lines
01-07 13:24:29.269  1363  1752 W Process : Unable to open /proc/558/status
01-07 13:24:32.297  2711  3397 I A       : send()
01-07 13:24:41.079  2419 12743 E memtrack: Couldn't load memtrack module
01-07 13:24:41.079  2419 12743 W android.os.Debug: failed to get memory consumption info: -1
01-07 13:24:43.724   833   833 I chatty  : uid=1000(system) health@2.0-serv expire 3 lines
01-07 13:24:46.994  3007 12748 E memtrack: Couldn't load memtrack module
01-07 13:24:46.994  3007 12748 W android.os.Debug: failed to get memory consumption info: -1
01-07 13:25:39.328   779  1816 I netd    : firewallSetUidRule(2, 10192, 1) <0.13ms>
01-07 13:25:39.367   812   812 D Zygote  : Forked child process 12765
01-07 13:25:39.371  1363  1404 W ActivityManager: Slow operation: 55ms so far, now at startProcess: returned from zygote!
01-07 13:25:39.372  1363  1404 W ActivityManager: Slow operation: 57ms so far, now at startProcess: done updating battery stats
01-07 13:25:39.373  1363  1404 W ActivityManager: Slow operation: 57ms so far, now at startProcess: building log message
01-07 13:25:39.373  1363  1404 I ActivityManager: Start proc 12765:com.google.android.apps.docs/u0a192 for service {com.google.android.apps.docs/com.google.android.libraries.internal.growth.growthkit.internal.jobs.impl.GrowthKitJobService}
01-07 13:25:39.373  1363  1404 W ActivityManager: Slow operation: 57ms so far, now at startProcess: starting to update pids map
01-07 13:25:39.373  1363  1404 W ActivityManager: Slow operation: 58ms so far, now at startProcess: done updating pids map
01-07 13:25:39.373  1363  1404 W ActivityManager: Slow operation: 51ms so far, now at startProcess: asking zygote to start proc
01-07 13:25:39.393 12765 12765 E droid.apps.doc: Not starting debugger since process cannot load the jdwp agent.
01-07 13:25:39.401   812   812 D Zygote  : Forked child process 12782
01-07 13:25:39.404  1363  1404 W ActivityManager: Slow operation: 81ms so far, now at startProcess: returned from zygote!
01-07 13:25:39.405  1363  1404 W ActivityManager: Slow operation: 82ms so far, now at startProcess: done updating battery stats
01-07 13:25:39.405  1363  1404 W ActivityManager: Slow operation: 82ms so far, now at startProcess: building log message
01-07 13:25:39.405  1363  1404 I ActivityManager: Start proc 12782:com.google.android.settings.intelligence/u0a132 for service {com.google.android.settings.intelligence/com.google.android.settings.intelligence.modules.contextualcards.impl.CardCollectorJobService}
01-07 13:25:39.405  1363  1404 W ActivityManager: Slow operation: 82ms so far, now at startProcess: starting to update pids map
01-07 13:25:39.405  1363  1404 W ActivityManager: Slow operation: 83ms so far, now at startProcess: done updating pids map
01-07 13:25:39.426 12782 12782 E gs.intelligenc: Not starting debugger since process cannot load the jdwp agent.
01-07 13:25:39.430  1363  6752 I ActivityManager: Killing 11911:com.google.android.apps.gcs/u0a107 (adj 965): empty for 1812s
01-07 13:25:39.446 12765 12765 I droid.apps.doc: The ClassLoaderContext is a special shared library.
01-07 13:25:39.459   812   812 I Zygote  : Process 11911 exited due to signal 9 (Killed)
01-07 13:25:39.465 12782 12782 I gs.intelligenc: The ClassLoaderContext is a special shared library.
01-07 13:25:39.468  1363  1405 I libprocessgroup: Successfully killed process cgroup uid 10107 pid 11911 in 35ms
01-07 13:25:39.565 12782 12804 W gs.intelligenc: Accessing hidden field Ljava/util/Collections$SynchronizedCollection;->mutex:Ljava/lang/Object; (greylist-max-o, reflection, denied)
01-07 13:25:39.565 12782 12804 W gs.intelligenc: Accessing hidden method Ljava/util/Collections$SynchronizedSet;-><init>(Ljava/util/Set;Ljava/lang/Object;)V (greylist-max-o, reflection, denied)
01-07 13:25:39.565 12782 12804 W gs.intelligenc: Accessing hidden method Ljava/util/Collections$SynchronizedCollection;-><init>(Ljava/util/Collection;Ljava/lang/Object;)V (greylist-max-o, reflection, denied)
01-07 13:25:39.678 12765 12821 W droid.apps.doc: Accessing hidden field Ljava/util/Collections$SynchronizedCollection;->mutex:Ljava/lang/Object; (greylist-max-o, reflection, denied)
01-07 13:25:39.679 12765 12821 W droid.apps.doc: Accessing hidden method Ljava/util/Collections$SynchronizedSet;-><init>(Ljava/util/Set;Ljava/lang/Object;)V (greylist-max-o, reflection, denied)
01-07 13:25:39.679 12765 12821 W droid.apps.doc: Accessing hidden method Ljava/util/Collections$SynchronizedCollection;-><init>(Ljava/util/Collection;Ljava/lang/Object;)V (greylist-max-o, reflection, denied)
01-07 13:25:39.683 12782 12809 W DynamiteModule: Local module descriptor class for com.google.android.gms.crash not found.
01-07 13:25:39.716 12782 12809 I DynamiteLoaderV2Impl: [71] Dynamitemodulesc
01-07 13:25:39.720 12782 12809 W gs.intelligenc: ClassLoaderContext type mismatch. expected=PCL, found=DLC (PCL[] | DLC[];PCL[/data/app/com.google.android.settings.intelligence-ydzMUWcPls-D3HzZneW8zw==/base.apk*934824489:/data/app/com.google.android.settings.intelligence-ydzMUWcPls-D3HzZneW8zw==/base.apk!classes2.dex*208986226]{PCL[/system/framework/org.apache.http.legacy.jar*1038351580]})
01-07 13:25:39.720 12782 12809 W gs.intelligenc: Found duplicate classes, falling back to extracting from APK : /data/user_de/0/com.google.android.gms/app_chimera/m/000000bc/DynamiteModulesC.apk
01-07 13:25:39.720 12782 12809 W gs.intelligenc: NOTE: This wastes RAM and hurts startup performance.
01-07 13:25:39.721 12782 12809 W gs.intelligenc: Found duplicated class when checking oat files: 'La;' in /data/user_de/0/com.google.android.gms/app_chimera/m/000000bc/DynamiteModulesC.apk and /data/app/com.google.android.settings.intelligence-ydzMUWcPls-D3HzZneW8zw==/base.apk
01-07 13:25:39.721 12782 12809 W gs.intelligenc: 
01-07 13:25:39.753   813   813 D Zygote  : Forked child process 12831
01-07 13:25:39.756  1363  1404 I ActivityManager: Start proc 12831:com.android.vending/u0a123 for content provider {com.android.vending/com.google.android.finsky.slice.PhoneskyContextualCardProvider}
01-07 13:25:39.764 12782 12809 I FirebaseCrashApiImpl: FirebaseCrashApiImpl created by ClassLoader dalvik.system.DelegateLastClassLoader[DexPathList[[zip file "/data/user_de/0/com.google.android.gms/app_chimera/m/000000bc/DynamiteModulesC.apk"],nativeLibraryDirectories=[/data/user_de/0/com.google.android.gms/app_chimera/m/000000bc/DynamiteModulesC.apk!/lib/arm64-v8a, /system/lib64, /product/lib64]]]
01-07 13:25:39.765 12831 12831 E android.vendin: Not starting debugger since process cannot load the jdwp agent.
01-07 13:25:39.785 12782 12810 I DynamiteModule: Considering local module com.google.android.gms.flags:3 and remote module com.google.android.gms.flags:3
01-07 13:25:39.786 12782 12810 I DynamiteModule: Selected local version of com.google.android.gms.flags
01-07 13:25:39.796 12831 12831 I android.vendin: The ClassLoaderContext is a special shared library.
01-07 13:25:39.799 12782 12810 W DynamiteModule: Local module descriptor class for com.google.android.gms.crash not found.
01-07 13:25:39.815  1363  7112 D ConnectivityService: Returning UNBLOCKED NetworkInfo to uid=10192
01-07 13:25:39.817 12765 12857 W FieldDefinition: [RxCachedThreadScheduler-9] Ignoring isIndexed constraint as field also has uniqueness constraint (on just this field, and therefore SQLite will have to create an index on that. For field: bwd$a@1b411c3
01-07 13:25:39.836 12782 12810 I FirebaseCrashApiImpl: FirebaseCrash reporting API initialized
01-07 13:25:39.837 12782 12810 W FirebaseCrashAnalytics: Unable to log event, missing Google Analytics for Firebase library
01-07 13:25:39.852 12831 12831 W android.vendin: JIT profile information will not be recorded: profile file does not exits.
01-07 13:25:39.873 12765 12873 W DynamiteModule: Local module descriptor class for com.google.android.gms.providerinstaller.dynamite not found.
01-07 13:25:39.874  2419  2436 W ProviderHelper: Unknown dynamite feature providerinstaller.dynamite
01-07 13:25:39.879 12765 12873 W ProviderInstaller: Failed to load providerinstaller module: No acceptable module found. Local version is 0 and remote version is 0.
01-07 13:25:39.884 12831 12831 I Finsky  : [2] gkn.az(5): Process created at version: 23.1.30-21 [0] [PR] 346929339
01-07 13:25:39.957 12765 12856 E NotificationAccessor: Cannot delete notification channel. Channel not found.
01-07 13:25:39.959 12765 12856 I chatty  : uid=10192(com.google.android.apps.docs) identical 3 lines
01-07 13:25:39.960 12765 12856 E NotificationAccessor: Cannot delete notification channel. Channel not found.
01-07 13:25:39.972 12765 12873 I droid.apps.doc: The ClassLoaderContext is a special shared library.
01-07 13:25:40.021 12765 12873 I droid.apps.doc: The ClassLoaderContext is a special shared library.
01-07 13:25:40.033 12831 12892 I Finsky  : [255] aafq.a(2): Started reading experiment flags from file [0tGUNCGIkbk4o6-fQ335kUYSKwVj4lusnHT-A5Dsy08].
01-07 13:25:40.036 12831 12892 I Finsky  : [255] aafq.a(18): Finished reading experiment flags from file [0tGUNCGIkbk4o6-fQ335kUYSKwVj4lusnHT-A5Dsy08].
01-07 13:25:40.067 12831 12892 I Finsky  : [255] aafq.a(2): Started reading experiment flags from file [Rcd757bQ5ktiD9Ia6j87Re0UNnWoP0COfaoE1VWmTxM].
01-07 13:25:40.078 12831 12892 I Finsky  : [255] aafq.a(18): Finished reading experiment flags from file [Rcd757bQ5ktiD9Ia6j87Re0UNnWoP0COfaoE1VWmTxM].
01-07 13:25:40.082 12831 12831 I Finsky  : [2] aafq.a(2): Started reading experiment flags from file [Se-xCc4LzNyh3UrKMIU2sUf-PUKz4oQEbpKZDMuaFno].
01-07 13:25:40.086 12831 12831 I Finsky  : [2] aafq.a(18): Finished reading experiment flags from file [Se-xCc4LzNyh3UrKMIU2sUf-PUKz4oQEbpKZDMuaFno].
01-07 13:25:40.095 12831 12831 I Finsky  : [2] adkl.<init>(3): Resetting scheduler db
01-07 13:25:40.113 12765 12862 D NetworkSecurityConfig: Using Network Security Config from resource network_security_config debugBuild: false
01-07 13:25:40.153 12765 12873 V NativeCrypto: Registering com/google/android/gms/org/conscrypt/NativeCrypto's 286 native methods...
01-07 13:25:40.182 12782 12824 W RankingPostProcessor: A card with invalid score: content://com.google.android.settings.intelligence.modules.contextualcards.slices/suggestion/com.google.android.setupwizard/com.google.android.setupwizard.deferred.DeferredSettingsSuggestionActivity
01-07 13:25:40.183 12782 12824 W RankingPostProcessor: A card with invalid score: content://com.google.android.settings.intelligence.modules.contextualcards.slices/suggestion/com.google.android.apps.tips/com.google.android.apps.tips.suggestions.TipsHomeActivity
01-07 13:25:40.184 12782 12824 W RankingPostProcessor: A card with invalid score: content://com.google.android.settings.intelligence.modules.contextualcards.slices/suggestion/com.google.android.apps.tips/com.google.android.apps.tips.suggestions.ManageWellbeingTipsActivity
01-07 13:25:40.184 12782 12824 W RankingPostProcessor: A card with invalid score: content://com.google.android.settings.intelligence.modules.contextualcards.slices/suggestion/com.google.android.apps.tips/com.google.android.apps.tips.suggestions.ExploreAppsTipsActivity
01-07 13:25:40.184 12782 12824 W RankingPostProcessor: A card with invalid score: content://com.google.android.settings.intelligence.modules.contextualcards.slices/suggestion/com.google.android.apps.tips/com.google.android.apps.tips.suggestions.SimplifyTipsActivity
01-07 13:25:40.184 12782 12824 W RankingPostProcessor: A card with invalid score: content://com.google.android.settings.intelligence.modules.contextualcards.slices/suggestion/com.google.android.apps.tips/com.google.android.apps.tips.suggestions.NavigationTipsActivity
01-07 13:25:40.204  3007  3007 D BoundBrokerSvc: onBind: Intent { act=com.google.android.gms.feedback.internal.IFeedbackService cmp=com.google.android.gms/.chimera.GmsBoundBrokerService }
01-07 13:25:40.204  3007  3007 D BoundBrokerSvc: Loading bound service for intent: Intent { act=com.google.android.gms.feedback.internal.IFeedbackService cmp=com.google.android.gms/.chimera.GmsBoundBrokerService }
01-07 13:25:40.233 12765 12873 I ProviderInstaller: Installed default security provider GmsCore_OpenSSL
01-07 13:25:40.312   779 12919 E ResolverController: No valid NAT64 prefix (101, <unspecified>/0)
01-07 13:25:40.316  1363  6752 D ConnectivityService: requestNetwork for uid/pid:10123/12831 NetworkRequest [ TRACK_DEFAULT id=284, [ Capabilities: INTERNET&NOT_RESTRICTED&TRUSTED Uid: 10123] ]
01-07 13:25:40.317  1363  1725 D WifiNetworkFactory: got request NetworkRequest [ TRACK_DEFAULT id=284, [ Capabilities: INTERNET&NOT_RESTRICTED&TRUSTED Uid: 10123] ] with score 60 and serial -1
01-07 13:25:40.319  1363  1756 D WIFI_AWARE_FACTORY: got request NetworkRequest [ TRACK_DEFAULT id=284, [ Capabilities: INTERNET&NOT_RESTRICTED&TRUSTED Uid: 10123] ] with score 60 and serial -1
01-07 13:25:40.320  1363  1757 D Ethernet: got request NetworkRequest [ TRACK_DEFAULT id=284, [ Capabilities: INTERNET&NOT_RESTRICTED&TRUSTED Uid: 10123] ] with score 60 and serial -1
01-07 13:25:40.320  2000  2000 D PhoneSwitcherNetworkRequstListener: got request NetworkRequest [ TRACK_DEFAULT id=284, [ Capabilities: INTERNET&NOT_RESTRICTED&TRUSTED Uid: 10123] ] with score 60 and serial -1
01-07 13:25:40.320  1363  1725 D UntrustedWifiNetworkFactory: got request NetworkRequest [ TRACK_DEFAULT id=284, [ Capabilities: INTERNET&NOT_RESTRICTED&TRUSTED Uid: 10123] ] with score 60 and serial -1
01-07 13:25:40.325 12831 12891 I Finsky  : [254] akoh.a(2): Not a unicorn account
01-07 13:25:40.327 12831 12891 I Finsky  : [254] zmi.<init>(3): PackageMonitorReceiverImpl - Registering in memory receiver for android.intent.action.PACKAGE_ADDED and android.intent.action.PACKAGE_REMOVED
01-07 13:25:40.330 12831 12890 I cr_CronetLibraryLoader: Cronet version: 88.0.4324.29, arch: armv8l
01-07 13:25:40.330   779 12921 E ResolverController: No valid NAT64 prefix (101, <unspecified>/0)
01-07 13:25:40.334  2419  3381 W Conscrypt: Could not set socket write timeout: java.net.SocketException: Socket closed
01-07 13:25:40.334  2419  3381 W Conscrypt: 	at com.google.android.gms.org.conscrypt.Platform.setSocketWriteTimeout(:com.google.android.gms@204714037@20.47.14 (120400-349456378):2)
01-07 13:25:40.334  2419  3381 W Conscrypt: 	at com.google.android.gms.org.conscrypt.ConscryptFileDescriptorSocket.setSoWriteTimeout(:com.google.android.gms@204714037@20.47.14 (120400-349456378):0)
01-07 13:25:40.350   779 12926 E ResolverController: No valid NAT64 prefix (101, <unspecified>/0)
01-07 13:25:40.351  2419  3697 W Conscrypt: Could not set socket write timeout: java.net.SocketException: Socket closed
01-07 13:25:40.352  2419  3697 W Conscrypt: 	at com.google.android.gms.org.conscrypt.Platform.setSocketWriteTimeout(:com.google.android.gms@204714037@20.47.14 (120400-349456378):2)
01-07 13:25:40.352  2419  3697 W Conscrypt: 	at com.google.android.gms.org.conscrypt.ConscryptFileDescriptorSocket.setSoWriteTimeout(:com.google.android.gms@204714037@20.47.14 (120400-349456378):0)
01-07 13:25:40.354 12831 12891 W Settings: Setting download_manager_max_bytes_over_mobile has moved from android.provider.Settings.Secure to android.provider.Settings.Global.
01-07 13:25:40.358  2419  3381 W Conscrypt: Could not set socket write timeout: java.net.SocketException: Socket closed
01-07 13:25:40.358  2419  3381 W Conscrypt: 	at com.google.android.gms.org.conscrypt.Platform.setSocketWriteTimeout(:com.google.android.gms@204714037@20.47.14 (120400-349456378):2)
01-07 13:25:40.358  2419  3381 W Conscrypt: 	at com.google.android.gms.org.conscrypt.ConscryptFileDescriptorSocket.setSoWriteTimeout(:com.google.android.gms@204714037@20.47.14 (120400-349456378):0)
01-07 13:25:40.363 12831 12932 I Finsky  : [272] aisa.run(4): Set SystemUpdateActivity enabled state to 1
01-07 13:25:40.364 12831 12891 I Finsky  : [254] xez.i(3): SettingNotFoundException, fall through to G.downloadBytesOverMobileMaximum
01-07 13:25:40.364 12831 12891 W Settings: Setting download_manager_recommended_max_bytes_over_mobile has moved from android.provider.Settings.Secure to android.provider.Settings.Global.
01-07 13:25:40.371   779 12930 E ResolverController: No valid NAT64 prefix (101, <unspecified>/0)
01-07 13:25:40.374  2419  3697 W Conscrypt: Could not set socket write timeout: java.net.SocketException: Socket closed
01-07 13:25:40.375  2419  3697 W Conscrypt: 	at com.google.android.gms.org.conscrypt.Platform.setSocketWriteTimeout(:com.google.android.gms@204714037@20.47.14 (120400-349456378):2)
01-07 13:25:40.375  2419  3697 W Conscrypt: 	at com.google.android.gms.org.conscrypt.ConscryptFileDescriptorSocket.setSoWriteTimeout(:com.google.android.gms@204714037@20.47.14 (120400-349456378):0)
01-07 13:25:40.382 12831 12888 W android.vendin: Accessing hidden field Ljava/util/Collections$SynchronizedCollection;->mutex:Ljava/lang/Object; (greylist-max-o, reflection, denied)
01-07 13:25:40.383 12831 12888 W android.vendin: Accessing hidden method Ljava/util/Collections$SynchronizedSet;-><init>(Ljava/util/Set;Ljava/lang/Object;)V (greylist-max-o, reflection, denied)
01-07 13:25:40.383 12831 12888 W android.vendin: Accessing hidden method Ljava/util/Collections$SynchronizedCollection;-><init>(Ljava/util/Collection;Ljava/lang/Object;)V (greylist-max-o, reflection, denied)
01-07 13:25:40.385 12782 12935 I DynamiteLoaderV2Impl: [71] BrellaDynamite.optional
01-07 13:25:40.389 12831 12889 I Finsky  : [252] ult.n(5): Enqueuing libraries load for 1388840133
01-07 13:25:40.397 12831 12889 I Finsky  : [252] kef.j(3): Subscription detail: N/A
01-07 13:25:40.402 12831 12931 I Finsky  : [273] ult.o(1): Starting libraries load for 1388840133
01-07 13:25:40.405 12782 12935 W gs.intelligenc: ClassLoaderContext type mismatch. expected=PCL, found=DLC (PCL[] | DLC[];PCL[/data/app/com.google.android.settings.intelligence-ydzMUWcPls-D3HzZneW8zw==/base.apk*934824489:/data/app/com.google.android.settings.intelligence-ydzMUWcPls-D3HzZneW8zw==/base.apk!classes2.dex*208986226]{PCL[/system/framework/org.apache.http.legacy.jar*1038351580]})
01-07 13:25:40.409 12782 12935 W gs.intelligenc: Found duplicate classes, falling back to extracting from APK : /data/user_de/0/com.google.android.gms/app_chimera/m/000000b6/dl-BrellaDynamite.optional_204714100400.apk
01-07 13:25:40.410 12782 12935 W gs.intelligenc: NOTE: This wastes RAM and hurts startup performance.
01-07 13:25:40.410 12782 12935 W gs.intelligenc: Found duplicated class when checking oat files: 'La;' in /data/app/com.google.android.settings.intelligence-ydzMUWcPls-D3HzZneW8zw==/base.apk and /data/user_de/0/com.google.android.gms/app_chimera/m/000000b6/dl-BrellaDynamite.optional_204714100400.apk
01-07 13:25:40.410 12782 12935 W gs.intelligenc: 
01-07 13:25:40.410 12831 12891 I Finsky  : [254] xez.j(3): SettingNotFoundException, fall through to G.downloadBytesOverMobileRecommended
01-07 13:25:40.424   833   833 I /vendor/bin/hw/android.hardware.health@2.0-service.bonito: capacity: 0
01-07 13:25:40.424 12831 12891 I Finsky  : [254] awff.b(2): registerListener
01-07 13:25:40.430 12831 12891 I Finsky  : [254] awff.b(2): registerListener
01-07 13:25:40.432  1779  8884 D PowerUI : can't show warning due to - plugged: true status unknown: false
01-07 13:25:40.434 12831 12889 I Finsky  : [252] amup.w(2): Setup app restrictions monitor
01-07 13:25:40.442 12831 12889 I Finsky  : [252] amwl.a(3): Device wide unknown source restriction is changed.
01-07 13:25:40.468   779 12958 E ResolverController: No valid NAT64 prefix (101, <unspecified>/0)
01-07 13:25:40.483 12765 12949 W native  : http_transport.cc:86 Disabled SSL verification
01-07 13:25:40.516 12831 12931 I Finsky  : [273] ult.o(20): Loaded library for account: [5uYwZ6upCIfVNQJLrRRMm5W9nKhF25ZjX-BAOjnCXXY]
01-07 13:25:40.517 12831 12931 I Finsky  : [273] ult.o(24): Finished loading 1 libraries.
01-07 13:25:40.540 12831 12831 I Finsky  : [2] rgb.<init>(13): Installer: Setting Parallelism[DEFAULT]
01-07 13:25:40.549 12831 12831 I Finsky  : [2] rcw.v(2): Installer: Attempting to start installer
01-07 13:25:40.553 12831 12831 I Finsky  : [2] awff.b(2): registerListener
01-07 13:25:40.557 12831 12831 I Finsky  : [2] kee.onSubscriptionsChanged(1): onSubscriptionsChanged
01-07 13:25:40.559 12831 12831 I Finsky  : [2] rcw.O(1): Installer kick - no action, not running yet
01-07 13:25:40.578 12831 12893 D NetworkSecurityConfig: No Network Security Config specified, using platform default
01-07 13:25:40.625 12831 12974 I Finsky  : [296] qyd.a(9): Installer: Registering atomic install listeners with package installer
01-07 13:25:40.625 12831 12968 I Finsky  : [294] qzh.a(3): Installer: Checking for orphaned groups
01-07 13:25:40.626   779 12973 E ResolverController: No valid NAT64 prefix (101, <unspecified>/0)
01-07 13:25:40.628 12831 12977 I Finsky  : [299] zhr.run(17): Dropped session 1074595691 since it's created by system.
01-07 13:25:40.628 12831 12977 I Finsky  : [299] zhr.run(17): Dropped session 1354505173 since it's created by system.
01-07 13:25:40.636 12831 12974 I Finsky  : [296] nbd.d(1): getDownloads()
01-07 13:25:40.661   813   813 D Zygote  : Forked child process 12981
01-07 13:25:40.668  1363  1404 I ActivityManager: Start proc 12981:com.android.vending:download_service/u0a123 for service {com.android.vending/com.google.android.finsky.ipcservers.downloadservice.DownloadServiceGrpcServerAndroidService}
01-07 13:25:40.678 12981 12981 E ownload_servic: Not starting debugger since process cannot load the jdwp agent.
01-07 13:25:40.712 12981 12981 I ownload_servic: The ClassLoaderContext is a special shared library.
01-07 13:25:40.772 12981 12981 W ownload_servic: JIT profile information will not be recorded: profile file does not exits.
01-07 13:25:40.793   779  1816 I netd    : firewallSetUidRule(2, 10192, 2) <0.04ms>
01-07 13:25:40.796 12981 12981 I Finsky:download_service: [2] gkn.az(5): Process created at version: 23.1.30-21 [0] [PR] 346929339
01-07 13:25:40.819 12831 12893 W android.vendin: Verification of void com.android.org.conscrypt.TrustManagerImpl.<clinit>() took 127.494ms
01-07 13:25:40.826  1766  1766 V AvrcpMediaPlayerList: mPackageChangedBroadcastReceiver: action: android.intent.action.PACKAGE_CHANGED
01-07 13:25:40.828  1766  1766 D AvrcpMediaPlayerList: Name of package changed: com.google.android.apps.docs
01-07 13:25:40.835  1363  1402 E system_server: No package ID 7f found for ID 0x7f08026e.
01-07 13:25:40.835  1363  1402 E system_server: No package ID 7f found for ID 0x7f1304f1.
01-07 13:25:40.835  1363  1402 E system_server: No package ID 7f found for ID 0x7f1304f1.
01-07 13:25:40.836  1363  1402 E system_server: No package ID 7f found for ID 0x7f08026a.
01-07 13:25:40.836  1363  1402 E system_server: No package ID 7f found for ID 0x7f1304ef.
01-07 13:25:40.836  1363  1402 E system_server: No package ID 7f found for ID 0x7f1304ef.
01-07 13:25:40.836  1363  1402 E system_server: No package ID 7f found for ID 0x7f08026c.
01-07 13:25:40.836  1363  1402 E system_server: No package ID 7f found for ID 0x7f1304f0.
01-07 13:25:40.836  1363  1402 E system_server: No package ID 7f found for ID 0x7f1304f0.
01-07 13:25:40.860  2000  2000 E PhoneInterfaceManager: [PhoneIntfMgr] getCarrierPackageNamesForIntent: No UICC
01-07 13:25:40.860  2000  2000 D CarrierSvcBindHelper: No carrier app for: 0
01-07 13:25:40.860  2000  2000 D ImsResolver: maybeAddedImsService, packageName: com.google.android.apps.docs
01-07 13:25:40.864  2739  2739 D RegisteredNfcFServicesCache: Service unchanged, not updating
01-07 13:25:40.879  2419 13007 I Fitness : OnPackageChangedOperation got intent: Intent { act=android.intent.action.PACKAGE_CHANGED dat=package:com.google.android.apps.docs flg=0x45000010 pkg=com.google.android.gms cmp=com.google.android.gms/.chimera.PersistentIntentOperationService (has extras) } [CONTEXT service_id=17 ]
01-07 13:25:40.895  1363  1707 I InputReader: Reconfiguring input devices.  changes=0x00000010
01-07 13:25:40.901 12981 12981 I Finsky:download_service: [2] aafq.a(2): Started reading experiment flags from file [0tGUNCGIkbk4o6-fQ335kUYSKwVj4lusnHT-A5Dsy08].
01-07 13:25:40.903  2419 13007 I Fitness : FitCleanupIntentOperation received Intent android.intent.action.PACKAGE_CHANGED [CONTEXT service_id=17 ]
01-07 13:25:40.904 12981 12981 I Finsky:download_service: [2] aafq.a(18): Finished reading experiment flags from file [0tGUNCGIkbk4o6-fQ335kUYSKwVj4lusnHT-A5Dsy08].
01-07 13:25:40.907 12981 12981 I Finsky:download_service: [2] aafq.a(2): Started reading experiment flags from file [Rcd757bQ5ktiD9Ia6j87Re0UNnWoP0COfaoE1VWmTxM].
01-07 13:25:40.928 12981 12981 I Finsky:download_service: [2] aafq.a(18): Finished reading experiment flags from file [Rcd757bQ5ktiD9Ia6j87Re0UNnWoP0COfaoE1VWmTxM].
01-07 13:25:40.932 12981 12981 I Finsky:download_service: [2] tsb.onCreate(2): IPC-SERVER: Starting gRPC host service...
01-07 13:25:40.967  1363  1363 I Telecom : DefaultDialerCache: Refreshing default dialer for user 0: now com.google.android.dialer: DDC.oR@AUg
01-07 13:25:40.979  1363  9474 D ConnectivityService: requestNetwork for uid/pid:10123/12981 NetworkRequest [ TRACK_DEFAULT id=286, [ Capabilities: INTERNET&NOT_RESTRICTED&TRUSTED Uid: 10123] ]
01-07 13:25:40.979  1363  1725 D WifiNetworkFactory: got request NetworkRequest [ TRACK_DEFAULT id=286, [ Capabilities: INTERNET&NOT_RESTRICTED&TRUSTED Uid: 10123] ] with score 60 and serial -1
01-07 13:25:40.979  1363  1725 D UntrustedWifiNetworkFactory: got request NetworkRequest [ TRACK_DEFAULT id=286, [ Capabilities: INTERNET&NOT_RESTRICTED&TRUSTED Uid: 10123] ] with score 60 and serial -1
01-07 13:25:40.980  1363  1756 D WIFI_AWARE_FACTORY: got request NetworkRequest [ TRACK_DEFAULT id=286, [ Capabilities: INTERNET&NOT_RESTRICTED&TRUSTED Uid: 10123] ] with score 60 and serial -1
01-07 13:25:40.980  1363  1757 D Ethernet: got request NetworkRequest [ TRACK_DEFAULT id=286, [ Capabilities: INTERNET&NOT_RESTRICTED&TRUSTED Uid: 10123] ] with score 60 and serial -1
01-07 13:25:40.980  2000  2000 D PhoneSwitcherNetworkRequstListener: got request NetworkRequest [ TRACK_DEFAULT id=286, [ Capabilities: INTERNET&NOT_RESTRICTED&TRUSTED Uid: 10123] ] with score 60 and serial -1
01-07 13:25:41.013 12981 13031 I Finsky:download_service: [261] mtl.c(1): getDownloads()
01-07 13:25:41.023 12831 12831 I Finsky  : [2] adkl.b(5): SCH: Jobs in database: 1-1337 26-1414141414 29-29 34-158 34-160 
01-07 13:25:41.026 12831 12831 I Finsky  : [2] adix.d(37): SCH: ConstraintMapping: 1-1337, 34-160,  -> L: 11276684ms, D: 75453626ms, C: false, I: false, N: 1
01-07 13:25:41.026 12831 12831 I Finsky  : [2] adix.d(37): SCH: ConstraintMapping: 34-158,  -> L: 593937320ms, D: 2524107516ms, C: false, I: true, N: 2
01-07 13:25:41.026 12831 12831 I Finsky  : [2] adix.d(37): SCH: ConstraintMapping: 34-158,  -> L: 593937320ms, D: 2524107516ms, C: true, I: true, N: 2
01-07 13:25:41.027 12831 12831 I Finsky  : [2] adix.d(37): SCH: ConstraintMapping: 26-1414141414, 29-29,  -> L: 29067ms, D: 59067ms, C: false, I: false, N: 0
01-07 13:25:41.048 12831 12831 I Finsky  : [2] adix.f(7): SCH: Cancelling existing jobscheduler jobs: 9007 9006 9004 9005 
01-07 13:25:41.049 12831 12831 I Finsky  : [2] adix.e(23): SCH: Scheduling job Id: 9000, L: 11276684, D: 75453626, C: false, I: false, N: 1
01-07 13:25:41.051 12831 12831 I Finsky  : [2] adix.e(23): SCH: Scheduling job Id: 9001, L: 593937320, D: 2524107516, C: false, I: true, N: 2
01-07 13:25:41.052 12831 12831 I Finsky  : [2] adix.e(23): SCH: Scheduling job Id: 9002, L: 593937320, D: 2524107516, C: true, I: true, N: 2
01-07 13:25:41.054 12831 12831 I Finsky  : [2] adix.e(23): SCH: Scheduling job Id: 9003, L: 29067, D: 59067, C: false, I: false, N: 0
01-07 13:25:41.068 12831 12974 I Finsky  : [296] rbk.run(2): Installer: Installer starting.
01-07 13:25:41.068 12831 12974 I Finsky  : [296] rbk.run(4): Installer: Installer started.
01-07 13:25:41.070 12831 12831 I Finsky  : [2] rcw.O(7): Installer: found apps to install. isMultiUserMode=false, apps=[]
01-07 13:25:41.097 12831 12831 I Finsky  : [2] aflt.a(1): Connecting InstallListener to SplitInstallService broadcaster...
01-07 13:25:41.101 12831 12831 I Finsky  : [2] amcf.a(1): Warm data store was already initialized.
01-07 13:25:41.160  1363  5731 D ConnectivityService: Returning BLOCKED NetworkInfo to uid=10192
01-07 13:25:41.192 12765 12862 W CelloAccountCapability: [ImpressionsTracker-0] Unknown mime type (application/vnd.google-apps.script) returned in supported import map
01-07 13:25:41.193 12765 12862 W CelloAccountCapability: [ImpressionsTracker-0] Unknown mime type (application/vnd.google-apps.script) returned in supported import map
01-07 13:25:41.193 12765 12862 W CelloAccountCapability: [ImpressionsTracker-0] Unknown mime type (application/vnd.google-apps.script+json) returned in supported export map
01-07 13:25:41.208  3007  8569 I Icing   : IndexChimeraService.getServiceInterface callingPackage=com.google.android.gms componentName=AppsCorpus serviceId=36
01-07 13:25:41.210 12765 12855 E CelloDelayUploadFixer: [RxCachedThreadScheduler-7] Cleanup delay upload complete
01-07 13:25:41.222  3007  3053 I gle.android.gm: Waiting for a blocking GC ProfileSaver
01-07 13:25:41.237 12765 12862 W CelloAccountCapability: [ImpressionsTracker-0] Unknown mime type (application/vnd.google-apps.script) returned in supported import map
01-07 13:25:41.237 12765 12862 W CelloAccountCapability: [ImpressionsTracker-0] Unknown mime type (application/vnd.google-apps.script) returned in supported import map
01-07 13:25:41.237 12765 12862 W CelloAccountCapability: [ImpressionsTracker-0] Unknown mime type (application/vnd.google-apps.script+json) returned in supported export map
01-07 13:25:41.269  3007  6989 I GmsCoreXrpcWrapper: Returning a channel provider with trafficStatsTag=12803
01-07 13:25:41.312  3007  8569 I Icing   : IndexChimeraService.getServiceInterface callingPackage=com.google.android.gms componentName=null serviceId=30
01-07 13:25:41.346  3007  6989 I Icing   : Usage reports ok 1, Failed Usage reports 0, indexed 0, rejected 0
01-07 13:25:41.352  3007  6989 I GmsCoreXrpcWrapper: Returning a channel provider with trafficStatsTag=12803
01-07 13:25:41.364  3007  6989 I Icing   : Usage reports ok 0, Failed Usage reports 0, indexed 0, rejected 0
01-07 13:25:41.366  3007  6989 I Icing   : Indexing com.google.android.gms-internal.3p:MobileApplication from com.google.android.gms using seqno 2406
01-07 13:25:41.376  3007  6989 I Icing   : Indexing com.google.android.gms-apps from com.google.android.gms
01-07 13:25:41.412  3007  3022 I gle.android.gm: Background concurrent copying GC freed 62080(3686KB) AllocSpace objects, 22(952KB) LOS objects, 49% free, 14MB/28MB, paused 103us total 287.313ms
01-07 13:25:41.412  3007  3022 W gle.android.gm: Reducing the number of considered missed Gc histogram windows from 118 to 100
01-07 13:25:41.412  3007  3053 I gle.android.gm: WaitForGcToComplete blocked ProfileSaver on HeapTrim for 189.775ms
01-07 13:25:41.429  3007  6989 I Icing   : Indexing done com.google.android.gms-apps
01-07 13:25:41.677   833   833 I /vendor/bin/hw/android.hardware.health@2.0-service.bonito: Entry state_: 1 charger_status: Charging batteryLevel: 100
01-07 13:25:41.677   833   833 I /vendor/bin/hw/android.hardware.health@2.0-service.bonito: Exit state_: 1 batteryLevel: 100
01-07 13:25:41.678   833   833 I /vendor/bin/hw/android.hardware.health@2.0-service.bonito: capacity: 0
01-07 13:25:41.700  1779  8907 D PowerUI : can't show warning due to - plugged: true status unknown: false
