01-07 09:46:33.300  1779  7813 D PowerUI : can't show warning due to - plugged: true status unknown: false
01-07 09:46:35.538  1363  7112 I chatty  : uid=1000(system) Binder:1363_17 expire 2 lines
01-07 09:46:35.987  1363  6752 I chatty  : uid=1000(system) Binder:1363_16 expire 6 lines
01-07 09:51:33.336  1779  8884 D PowerUI : can't show warning due to - plugged: true status unknown: false
01-07 09:52:33.296  1779  8907 D PowerUI : can't show warning due to - plugged: true status unknown: false
01-07 09:55:17.811  1363  8465 I chatty  : uid=1000(system) Binder:1363_1A expire 1 line
01-07 09:56:17.846  1363  2798 I chatty  : uid=1000(system) Binder:1363_F expire 2 lines
01-07 09:57:17.910  1363  1916 I chatty  : uid=1000(system) Binder:1363_6 expire 5 lines
01-07 09:58:33.295  1779  9156 D PowerUI : can't show warning due to - plugged: true status unknown: false
01-07 09:59:33.286  1779  9222 D PowerUI : can't show warning due to - plugged: true status unknown: false
01-07 10:00:33.295  1779  9358 D PowerUI : can't show warning due to - plugged: true status unknown: false
01-07 10:01:05.380  1363  1402 I chatty  : uid=1000(system) android.bg expire 4 lines
01-07 10:02:33.328  1779  9366 D PowerUI : can't show warning due to - plugged: true status unknown: false
01-07 10:03:33.294  1779  2500 D PowerUI : can't show warning due to - plugged: true status unknown: false
01-07 10:07:15.052  1363  1363 I chatty  : uid=1000 system_server expire 2 lines
01-07 10:07:15.256  1363  5080 I chatty  : uid=1000(system) Binder:1363_10 expire 1 line
01-07 10:07:15.287  1363  2688 I chatty  : uid=1000(system) backup-0 expire 5 lines
01-07 10:12:18.846  1363  1807 I chatty  : uid=1000(system) Binder:1363_5 expire 3 lines
01-07 10:13:24.933  1363  2139 I chatty  : uid=1000(system) Binder:1363_9 expire 2 lines
01-07 10:13:24.936  1363  1403 I chatty  : uid=1000(system) ActivityManager expire 11 lines
01-07 10:13:25.225  1363  2797 I chatty  : uid=1000(system) Binder:1363_E expire 5 lines
01-07 10:13:33.309  1779  7813 D PowerUI : can't show warning due to - plugged: true status unknown: false
01-07 10:13:40.558  1363  1932 I chatty  : uid=1000(system) Binder:1363_8 expire 5 lines
01-07 10:14:15.118  1363  1729 I chatty  : uid=1000(system) ConnectivitySer expire 1 line
01-07 10:14:15.624  1363  1435 I chatty  : uid=1000(system) PowerManagerSer expire 6 lines
01-07 10:14:33.292  1779  8884 D PowerUI : can't show warning due to - plugged: true status unknown: false
01-07 10:14:46.824  1363  1404 I chatty  : uid=1000(system) ActivityManager expire 11 lines
01-07 10:15:40.584  1363  5249 I chatty  : uid=1000(system) Binder:1363_11 expire 5 lines
01-07 10:15:40.589  7227  7227 D ActivityThread: Loading provider contacts;com.android.contacts: com.android.providers.contacts.ContactsProvider2
01-07 10:16:33.297  1779  8907 D PowerUI : can't show warning due to - plugged: true status unknown: false
01-07 10:17:33.291  1779  9156 D PowerUI : can't show warning due to - plugged: true status unknown: false
01-07 10:18:09.845  1363  9090 I chatty  : uid=1000(system) Binder:1363_1D expire 8 lines
01-07 10:18:33.286  1779  9222 D PowerUI : can't show warning due to - plugged: true status unknown: false
01-07 10:19:33.293  1779  9358 D PowerUI : can't show warning due to - plugged: true status unknown: false
01-07 10:22:33.329  1779  9366 D PowerUI : can't show warning due to - plugged: true status unknown: false
01-07 10:24:38.032  1363  1387 I chatty  : uid=1000(system) Binder:1363_2 expire 2 lines
01-07 10:24:38.283  7522  7639 E ActivityThread: Failed to find provider info for com.google.android.instantapps.supervisor.SupervisorArchiveProvider
01-07 10:24:39.805  3007  7753 W PackageParser: Unknown element under <manifest>: queries at /data/user_de/0/com.google.android.gms/app_chimera/m/000000b8/AdsDynamite.apk Binary XML file line #5
01-07 10:24:39.875  3007  7753 W PackageParser: Unknown element under <manifest>: queries at /data/user_de/0/com.google.android.gms/app_chimera/m/000000c0/dl-AdsFdrDynamite.integ_204204100100000.apk Binary XML file line #5
01-07 10:24:39.906  3007  7753 W PackageParser: Unknown element under <manifest>: queries at /data/user_de/0/com.google.android.gms/app_chimera/m/000000b3/dl-Payments.integ_202390001100400.apk Binary XML file line #5
01-07 10:24:40.145  1363  1404 I chatty  : uid=1000(system) ActivityManager expire 8 lines
01-07 10:24:40.185  3007  7753 W PackageParser: Unknown element under <manifest>: queries at /data/user_de/0/com.google.android.gms/app_chimera/m/000000b8/AdsDynamite.apk Binary XML file line #5
01-07 10:24:40.276  3007  7753 W PackageParser: Unknown element under <manifest>: queries at /data/user_de/0/com.google.android.gms/app_chimera/m/000000c0/dl-AdsFdrDynamite.integ_204204100100000.apk Binary XML file line #5
01-07 10:24:40.316  3007  7753 W PackageParser: Unknown element under <manifest>: queries at /data/user_de/0/com.google.android.gms/app_chimera/m/000000a6/dl-Payments.integ_202112000100400.apk Binary XML file line #5
01-07 10:24:40.548  3007  7753 W PackageParser: Unknown element under <manifest>: queries at /data/user_de/0/com.google.android.gms/app_chimera/m/000000b8/AdsDynamite.apk Binary XML file line #5
01-07 10:24:40.614  3007  7753 W PackageParser: Unknown element under <manifest>: queries at /data/user_de/0/com.google.android.gms/app_chimera/m/000000c0/dl-AdsFdrDynamite.integ_204204100100000.apk Binary XML file line #5
01-07 10:24:40.685  1363  9474 I chatty  : uid=1000(system) Binder:1363_1F expire 4 lines
01-07 10:24:41.286  3007  8567 W PackageParser: Unknown element under <manifest>: queries at /data/user_de/0/com.google.android.gms/app_chimera/m/000000b8/AdsDynamite.apk Binary XML file line #5
01-07 10:24:41.372  3007  8567 W PackageParser: Unknown element under <manifest>: queries at /data/user_de/0/com.google.android.gms/app_chimera/m/000000c0/dl-AdsFdrDynamite.integ_204204100100000.apk Binary XML file line #5
01-07 10:24:41.408  3007  8567 W PackageParser: Unknown element under <manifest>: queries at /data/user_de/0/com.google.android.gms/app_chimera/m/000000b3/dl-Payments.integ_202390001100400.apk Binary XML file line #5
01-07 10:24:41.648  3007  8567 W PackageParser: Unknown element under <manifest>: queries at /data/user_de/0/com.google.android.gms/app_chimera/m/000000b8/AdsDynamite.apk Binary XML file line #5
01-07 10:24:41.712  3007  8567 W PackageParser: Unknown element under <manifest>: queries at /data/user_de/0/com.google.android.gms/app_chimera/m/000000c0/dl-AdsFdrDynamite.integ_204204100100000.apk Binary XML file line #5
01-07 10:24:41.742  3007  8567 W PackageParser: Unknown element under <manifest>: queries at /data/user_de/0/com.google.android.gms/app_chimera/m/000000a6/dl-Payments.integ_202112000100400.apk Binary XML file line #5
01-07 10:24:41.949  3007  8567 W PackageParser: Unknown element under <manifest>: queries at /data/user_de/0/com.google.android.gms/app_chimera/m/000000b8/AdsDynamite.apk Binary XML file line #5
01-07 10:24:42.014  3007  8567 W PackageParser: Unknown element under <manifest>: queries at /data/user_de/0/com.google.android.gms/app_chimera/m/000000c0/dl-AdsFdrDynamite.integ_204204100100000.apk Binary XML file line #5
01-07 10:25:14.803  1363  1446 I chatty  : uid=1000(system) PackageManager expire 188 lines
01-07 10:25:14.969  1363  2797 I chatty  : uid=1000(system) Binder:1363_E expire 1 line
01-07 10:25:14.969  1363  9474 I chatty  : uid=1000(system) Binder:1363_1F expire 2 lines
01-07 10:25:14.969  1363  9090 I chatty  : uid=1000(system) Binder:1363_1D expire 1 line
01-07 10:25:14.970  1363  1729 I chatty  : uid=1000(system) ConnectivitySer expire 6 lines
01-07 10:25:15.111  1363  1397 I chatty  : uid=1000(system) android.display expire 5 lines
01-07 10:25:15.113  1363  1403 I chatty  : uid=1000(system) ActivityManager expire 49 lines
01-07 10:25:25.041  1363  1404 I chatty  : uid=1000(system) ActivityManager expire 16 lines
01-07 10:25:30.138  1363  1363 I chatty  : uid=1000 system_server expire 17 lines
01-07 10:25:30.233  1363  6752 I chatty  : uid=1000(system) Binder:1363_16 expire 2 lines
01-07 10:25:30.419  1363  1394 I chatty  : uid=1000(system) android.fg expire 6 lines
01-07 10:25:30.598  1363  2553 I chatty  : uid=1000(system) Binder:1363_A expire 3 lines
01-07 10:25:30.894  1363  2760 I chatty  : uid=1000(system) Binder:1363_C expire 1 line
01-07 10:25:31.194  1363  7805 I chatty  : uid=1000(system) Binder:1363_18 expire 1 line
01-07 10:25:31.212  1363  1917 I chatty  : uid=1000(system) Binder:1363_7 expire 4 lines
01-07 10:25:31.347  1363  1932 I chatty  : uid=1000(system) Binder:1363_8 expire 1 line
01-07 10:25:31.722  1363  1402 I chatty  : uid=1000(system) android.bg expire 1 line
01-07 10:25:31.745  1363  1715 I chatty  : uid=1000(system) Binder:1363_3 expire 2 lines
01-07 10:25:33.273  1779  2500 D PowerUI : can't show warning due to - plugged: true status unknown: false
01-07 10:25:44.000  1363  1403 I chatty  : uid=1000(system) ActivityManager expire 4 lines
01-07 10:25:49.100  1363  1916 I chatty  : uid=1000(system) Binder:1363_6 expire 2 lines
01-07 10:26:33.294  1779  7813 D PowerUI : can't show warning due to - plugged: true status unknown: false
01-07 10:28:33.293  1779  8884 D PowerUI : can't show warning due to - plugged: true status unknown: false
01-07 10:29:11.162  1363  1435 I chatty  : uid=1000(system) PowerManagerSer expire 20 lines
01-07 10:30:27.422  1363  1363 I chatty  : uid=1000 system_server expire 5 lines
01-07 10:30:27.425  1363  1411 I chatty  : uid=1000(system) batterystats-wo expire 5 lines
01-07 10:30:27.484  1363  1404 I chatty  : uid=1000(system) ActivityManager expire 6 lines
01-07 10:30:28.115  1363  9482 I chatty  : uid=1000(system) Binder:1363_20 expire 3 lines
01-07 10:33:26.994  1363  1729 I chatty  : uid=1000(system) ConnectivitySer expire 38 lines
01-07 10:34:28.469  1363  1411 I chatty  : uid=1000(system) batterystats-wo expire 6 lines
01-07 10:40:06.277  1363  6752 I chatty  : uid=1000(system) Binder:1363_16 expire 1 line
01-07 10:40:06.283  1363  1403 I chatty  : uid=1000(system) ActivityManager expire 13 lines
01-07 10:40:06.338  1363  7805 I chatty  : uid=1000(system) Binder:1363_18 expire 10 lines
01-07 10:40:07.139  1363  1932 I chatty  : uid=1000(system) Binder:1363_8 expire 6 lines
01-07 10:40:27.363  1363  1396 I chatty  : uid=1000(system) android.io expire 1 line
01-07 10:40:27.369  1363  1435 I chatty  : uid=1000(system) PowerManagerSer expire 14 lines
01-07 10:40:27.392  1363  1397 I chatty  : uid=1000(system) android.display expire 8 lines
01-07 10:40:27.403  1779  9222 D PowerUI : can't show warning due to - plugged: true status unknown: false
01-07 10:40:27.416  1363  1363 I chatty  : uid=1000 system_server expire 4 lines
01-07 10:40:27.431  1363  1729 I chatty  : uid=1000(system) ConnectivitySer expire 12 lines
01-07 10:40:27.544  1363  1394 I chatty  : uid=1000(system) android.fg expire 4 lines
01-07 10:40:27.584  1363  1917 I chatty  : uid=1000(system) Binder:1363_7 expire 1 line
01-07 10:43:27.397  1779  9358 D PowerUI : can't show warning due to - plugged: true status unknown: false
01-07 10:44:27.392  1779  9366 D PowerUI : can't show warning due to - plugged: true status unknown: false
01-07 10:44:28.599  1363  1404 I chatty  : uid=1000(system) ActivityManager expire 5 lines
01-07 10:44:28.631  1363  9474 I chatty  : uid=1000(system) Binder:1363_1F expire 3 lines
01-07 10:44:37.121  1363  1402 I chatty  : uid=1000(system) android.bg expire 4 lines
01-07 10:45:08.076  1363  5257 I chatty  : uid=1000(system) Binder:1363_12 expire 10 lines
01-07 10:45:08.479  1363  1435 I chatty  : uid=1000(system) PowerManagerSer expire 12 lines
01-07 10:45:42.083  1363  2798 I chatty  : uid=1000(system) Binder:1363_F expire 1 line
01-07 10:47:27.390  1779  2500 D PowerUI : can't show warning due to - plugged: true status unknown: false
01-07 10:48:27.390  1779  7813 D PowerUI : can't show warning due to - plugged: true status unknown: false
01-07 10:50:27.676  1363  1729 I chatty  : uid=1000(system) ConnectivitySer expire 9 lines
01-07 10:54:03.795  1363  1386 I chatty  : uid=1000(system) Binder:1363_1 expire 3 lines
01-07 10:54:43.801  1363  1916 I chatty  : uid=1000(system) Binder:1363_6 expire 3 lines
01-07 10:55:59.014  1363  8465 I chatty  : uid=1000(system) Binder:1363_1A expire 3 lines
01-07 10:57:04.706  1363  8801 I chatty  : uid=1000(system) Binder:1363_1C expire 2 lines
01-07 11:00:27.399  1779  8884 D PowerUI : can't show warning due to - plugged: true status unknown: false
01-07 11:03:45.602  1363  2797 I chatty  : uid=1000(system) Binder:1363_E expire 1 line
01-07 11:10:46.060  1363  5981 I chatty  : uid=1000(system) Binder:1363_15 expire 2 lines
01-07 11:14:15.403  1363  7112 I chatty  : uid=1000(system) Binder:1363_17 expire 1 line
01-07 11:14:15.406  1363  7805 I chatty  : uid=1000(system) Binder:1363_18 expire 2 lines
01-07 11:14:15.634  1363  1435 I chatty  : uid=1000(system) PowerManagerSer expire 6 lines
01-07 11:14:16.198  1363  2746 I chatty  : uid=1000(system) Binder:1363_B expire 2 lines
01-07 11:14:31.421  1363  2553 I chatty  : uid=1000(system) Binder:1363_A expire 6 lines
01-07 11:14:31.424  1363  1403 I chatty  : uid=1000(system) ActivityManager expire 36 lines
01-07 11:14:36.457  1363  7805 I chatty  : uid=1000(system) Binder:1363_18 expire 2 lines
01-07 11:14:36.461  1363  2746 I chatty  : uid=1000(system) Binder:1363_B expire 3 lines
01-07 11:14:36.613  1363  1387 I chatty  : uid=1000(system) Binder:1363_2 expire 1 line
01-07 11:15:29.447  1363  1704 I chatty  : uid=1000(system) AlarmManager expire 1 line
01-07 11:15:29.466  1363  1729 I chatty  : uid=1000(system) ConnectivitySer expire 10 lines
01-07 11:16:30.588  1363  1404 I chatty  : uid=1000(system) ActivityManager expire 12 lines
01-07 11:16:30.814  1363  8742 I chatty  : uid=1000(system) Binder:1363_1B expire 4 lines
01-07 11:16:30.818  9584  9584 D ActivityThread: Loading provider contacts;com.android.contacts: com.android.providers.contacts.ContactsProvider2
01-07 11:24:27.406  1779  8907 D PowerUI : can't show warning due to - plugged: true status unknown: false
01-07 11:25:02.140  1363  8465 I chatty  : uid=1000(system) Binder:1363_1A expire 2 lines
01-07 11:25:02.141  1363  5767 I chatty  : uid=1000(system) Binder:1363_14 expire 1 line
01-07 11:25:27.415  1779  9156 D PowerUI : can't show warning due to - plugged: true status unknown: false
01-07 11:25:39.974  1363  8801 I chatty  : uid=1000(system) Binder:1363_1C expire 2 lines
01-07 11:25:40.470  1363  5981 I chatty  : uid=1000(system) Binder:1363_15 expire 2 lines
01-07 11:26:27.391  1779  9222 D PowerUI : can't show warning due to - plugged: true status unknown: false
01-07 11:28:27.391  1779  9358 D PowerUI : can't show warning due to - plugged: true status unknown: false
01-07 11:29:11.316  1363  1435 I chatty  : uid=1000(system) PowerManagerSer expire 11 lines
01-07 11:29:11.362  1363  1397 I chatty  : uid=1000(system) android.display expire 10 lines
01-07 11:29:27.393  1779  9366 D PowerUI : can't show warning due to - plugged: true status unknown: false
01-07 11:30:03.707  1363  1404 I chatty  : uid=1000(system) ActivityManager expire 10 lines
01-07 11:30:03.826  1363  2797 I chatty  : uid=1000(system) Binder:1363_E expire 2 lines
01-07 11:30:27.394  1779  2500 D PowerUI : can't show warning due to - plugged: true status unknown: false
01-07 11:30:46.291  1363  1402 I chatty  : uid=1000(system) android.bg expire 6 lines
01-07 11:34:27.388  1779  7813 D PowerUI : can't show warning due to - plugged: true status unknown: false
01-07 11:35:27.400  1779  8884 D PowerUI : can't show warning due to - plugged: true status unknown: false
01-07 11:35:27.412  1363  1932 I chatty  : uid=1000(system) Binder:1363_8 expire 4 lines
01-07 11:35:27.413  1363  1363 I chatty  : uid=1000 system_server expire 12 lines
01-07 11:35:27.598  1363  1394 I chatty  : uid=1000(system) android.fg expire 6 lines
01-07 11:35:27.633  1363  1806 I chatty  : uid=1000(system) Binder:1363_4 expire 2 lines
01-07 11:35:30.154  1363  7112 I chatty  : uid=1000(system) Binder:1363_17 expire 1 line
01-07 11:35:35.145  1363  1446 I chatty  : uid=1000(system) PackageManager expire 60 lines
01-07 11:35:35.558  1363  2139 I chatty  : uid=1000(system) Binder:1363_9 expire 2 lines
01-07 11:35:47.611  1363  6752 I chatty  : uid=1000(system) Binder:1363_16 expire 3 lines
01-07 11:36:27.393  1779  8907 D PowerUI : can't show warning due to - plugged: true status unknown: false
01-07 11:37:27.389  1779  9156 D PowerUI : can't show warning due to - plugged: true status unknown: false
01-07 11:37:51.889  1363  1435 I chatty  : uid=1000(system) PowerManagerSer expire 15 lines
01-07 11:37:58.888  1363  1363 I chatty  : uid=1000 system_server expire 1 line
01-07 11:39:27.368  1779  9222 D PowerUI : can't show warning due to - plugged: true status unknown: false
01-07 11:42:27.391  1779  9358 D PowerUI : can't show warning due to - plugged: true status unknown: false
01-07 11:44:27.421  1779  9366 D PowerUI : can't show warning due to - plugged: true status unknown: false
01-07 11:45:57.886  1363  8393 I chatty  : uid=1000(system) Binder:1363_19 expire 2 lines
01-07 11:45:59.125  1363  9482 I chatty  : uid=1000(system) Binder:1363_20 expire 2 lines
01-07 11:48:27.392  1779  2500 D PowerUI : can't show warning due to - plugged: true status unknown: false
01-07 11:49:27.392  1779  7813 D PowerUI : can't show warning due to - plugged: true status unknown: false
01-07 11:50:27.390  1779  8884 D PowerUI : can't show warning due to - plugged: true status unknown: false
01-07 11:52:27.391  1779  8907 D PowerUI : can't show warning due to - plugged: true status unknown: false
01-07 11:58:53.870  1363  1403 I chatty  : uid=1000(system) ActivityManager expire 8 lines
01-07 11:58:53.982  1363  5080 I chatty  : uid=1000(system) Binder:1363_10 expire 1 line
01-07 11:59:11.190  1363  1435 I chatty  : uid=1000(system) PowerManagerSer expire 8 lines
01-07 11:59:11.241  1363  1397 I chatty  : uid=1000(system) android.display expire 3 lines
01-07 12:00:27.396  1779  9156 D PowerUI : can't show warning due to - plugged: true status unknown: false
01-07 12:01:27.392  1779  9222 D PowerUI : can't show warning due to - plugged: true status unknown: false
01-07 12:06:03.775  1363  9394 I chatty  : uid=1000(system) Binder:1363_1E expire 1 line
01-07 12:06:03.795  1363  1807 I chatty  : uid=1000(system) Binder:1363_5 expire 3 lines
01-07 12:06:09.652  1363  5249 I chatty  : uid=1000(system) Binder:1363_11 expire 2 lines
01-07 12:06:27.391  1779  9358 D PowerUI : can't show warning due to - plugged: true status unknown: false
01-07 12:07:27.385  1779  9366 D PowerUI : can't show warning due to - plugged: true status unknown: false
01-07 12:10:27.413  1779  2500 D PowerUI : can't show warning due to - plugged: true status unknown: false
01-07 12:12:27.393  1779  7813 D PowerUI : can't show warning due to - plugged: true status unknown: false
01-07 12:13:27.391  1779  8884 D PowerUI : can't show warning due to - plugged: true status unknown: false
01-07 12:14:27.392  1779  8907 D PowerUI : can't show warning due to - plugged: true status unknown: false
01-07 12:15:27.388  1779  9156 D PowerUI : can't show warning due to - plugged: true status unknown: false
01-07 12:15:30.508  1363  9394 I chatty  : uid=1000(system) Binder:1363_1E expire 1 line
01-07 12:15:30.517  1363  1435 I chatty  : uid=1000(system) PowerManagerSer expire 10 lines
01-07 12:15:30.892  1363  1404 I chatty  : uid=1000(system) ActivityManager expire 11 lines
01-07 12:15:30.957  1363  1729 I chatty  : uid=1000(system) ConnectivitySer expire 14 lines
01-07 12:15:31.449  1363  5080 I chatty  : uid=1000(system) Binder:1363_10 expire 2 lines
01-07 12:15:33.056  1363  1715 I chatty  : uid=1000(system) Binder:1363_3 expire 11 lines
01-07 12:15:35.957  1363  1397 I chatty  : uid=1000(system) android.display expire 8 lines
01-07 12:15:36.718  1363  1403 I chatty  : uid=1000(system) ActivityManager expire 36 lines
01-07 12:15:43.868  1363  5257 I chatty  : uid=1000(system) Binder:1363_12 expire 3 lines
01-07 12:15:44.291  1363  5731 I chatty  : uid=1000(system) Binder:1363_13 expire 4 lines
01-07 12:15:45.670  1363  7805 I chatty  : uid=1000(system) Binder:1363_18 expire 4 lines
01-07 12:15:51.422  1363  2762 I chatty  : uid=1000(system) Binder:1363_D expire 3 lines
01-07 12:16:27.389  1779  9222 D PowerUI : can't show warning due to - plugged: true status unknown: false
01-07 12:17:27.390  1779  9358 D PowerUI : can't show warning due to - plugged: true status unknown: false
01-07 12:17:45.744 10898 10898 D ActivityThread: Loading provider contacts;com.android.contacts: com.android.providers.contacts.ContactsProvider2
01-07 12:18:27.383  1779  9366 D PowerUI : can't show warning due to - plugged: true status unknown: false
01-07 12:19:27.389  1779  2500 D PowerUI : can't show warning due to - plugged: true status unknown: false
01-07 12:23:27.412  1779  7813 D PowerUI : can't show warning due to - plugged: true status unknown: false
01-07 12:24:21.290  1363  1396 I chatty  : uid=1000(system) android.io expire 2 lines
01-07 12:25:27.394  1779  8884 D PowerUI : can't show warning due to - plugged: true status unknown: false
01-07 12:27:27.390  1779  8907 D PowerUI : can't show warning due to - plugged: true status unknown: false
01-07 12:28:52.510  1363  1404 I chatty  : uid=1000(system) ActivityManager expire 5 lines
01-07 12:28:53.647  1363  1387 I chatty  : uid=1000(system) Binder:1363_2 expire 4 lines
01-07 12:28:55.013  1363  1765 I chatty  : uid=1000(system) SyncManager expire 1 line
01-07 12:29:27.393  1779  9156 D PowerUI : can't show warning due to - plugged: true status unknown: false
01-07 12:31:27.400  1779  9222 D PowerUI : can't show warning due to - plugged: true status unknown: false
01-07 12:32:27.391  1779  9358 D PowerUI : can't show warning due to - plugged: true status unknown: false
01-07 12:34:27.391  1779  9366 D PowerUI : can't show warning due to - plugged: true status unknown: false
01-07 12:35:27.392  1779  2500 D PowerUI : can't show warning due to - plugged: true status unknown: false
01-07 12:35:31.402  1363  1402 I chatty  : uid=1000(system) android.bg expire 3 lines
01-07 12:36:27.390  1779  7813 D PowerUI : can't show warning due to - plugged: true status unknown: false
01-07 12:37:27.391  1779  8884 D PowerUI : can't show warning due to - plugged: true status unknown: false
01-07 12:38:27.391  1779  8907 D PowerUI : can't show warning due to - plugged: true status unknown: false
01-07 12:39:27.384  1779  9156 D PowerUI : can't show warning due to - plugged: true status unknown: false
01-07 12:40:27.389  1779  9222 D PowerUI : can't show warning due to - plugged: true status unknown: false
01-07 12:42:03.640  1363  8742 I chatty  : uid=1000(system) Binder:1363_1B expire 3 lines
01-07 12:42:03.720  1363  9482 I chatty  : uid=1000(system) Binder:1363_20 expire 2 lines
01-07 12:42:27.396  1779  9358 D PowerUI : can't show warning due to - plugged: true status unknown: false
01-07 12:43:27.390  1779  9366 D PowerUI : can't show warning due to - plugged: true status unknown: false
01-07 12:43:41.163  1363  1363 I chatty  : uid=1000 system_server expire 8 lines
01-07 12:43:41.167  1363  1435 I chatty  : uid=1000(system) PowerManagerSer expire 17 lines
01-07 12:43:41.355  1363  1394 I chatty  : uid=1000(system) android.fg expire 6 lines
01-07 12:43:41.389  1363  2553 I chatty  : uid=1000(system) Binder:1363_A expire 3 lines
01-07 12:43:42.444  1363  8801 I chatty  : uid=1000(system) Binder:1363_1C expire 1 line
01-07 12:43:46.963  1363  1446 I chatty  : uid=1000(system) PackageManager expire 60 lines
01-07 12:43:47.221  1363  2798 I chatty  : uid=1000(system) Binder:1363_F expire 5 lines
01-07 12:44:15.115  1363  2139 I chatty  : uid=1000(system) Binder:1363_9 expire 2 lines
01-07 12:45:27.377  1779  2500 D PowerUI : can't show warning due to - plugged: true status unknown: false
01-07 12:45:48.354  1363  1435 V DisplayPowerController: Brightness [39] reason changing to: 'automatic', previous reason: 'manual'.
01-07 12:45:48.354  1363  1363 V SettingsProvider: Notifying for 0: content://settings/system/screen_brightness
01-07 12:45:48.374  1363  1435 I DreamManagerService: Gently waking up from dream.
01-07 12:45:48.374  1363  1394 I DreamManagerService: Performing gentle wake from dream.
01-07 12:45:48.412  1363  2139 I DreamManagerService: Leaving dreamland.
01-07 12:45:48.413  1363  1394 I DreamManagerService: Performing gentle wake from dream.
01-07 12:45:48.413  1363  1394 I DreamController: Stopping dream: name=ComponentInfo{com.android.systemui/com.android.systemui.doze.DozeService}, isTest=false, canDoze=true, userId=0
01-07 12:45:49.330  1363  2139 D ActivityTaskManager: Top Process State changed to PROCESS_STATE_TOP
01-07 12:45:49.395  1363  1397 W UsageStatsService: Event reported without a package name, eventType:18
01-07 12:45:49.409  1363  1403 W BroadcastQueue: Background execution not allowed: receiving Intent { act=android.intent.action.USER_PRESENT flg=0x24200010 } to com.android.chrome/org.chromium.chrome.browser.sharing.click_to_call.ClickToCallMessageHandler$PhoneUnlockedReceiver
01-07 12:45:49.409  1363  1403 W BroadcastQueue: Background execution not allowed: receiving Intent { act=android.intent.action.USER_PRESENT flg=0x24200010 } to com.google.android.gms/.auth.setup.devicesignals.LockScreenReceiver
01-07 12:45:49.410  1363  1403 W BroadcastQueue: Background execution not allowed: receiving Intent { act=android.intent.action.USER_PRESENT flg=0x24200010 } to com.google.android.gms/.chimera.GmsIntentOperationService$PersistentTrustedReceiver
01-07 12:45:49.510  1363  2139 E WifiService: Permission violation - startScan not allowed for uid=10144, packageName=com.google.android.gms, reason=java.lang.SecurityException: Location mode is disabled for the device
01-07 12:45:53.433  1363  8393 I ActivityTaskManager: START u0 {act=android.intent.action.MAIN cat=[android.intent.category.LAUNCHER] flg=0x10200000 cmp=com.sonosaurus.sonobus/com.rmsl.juce.JuceActivity bnds=[238,1831][439,2135]} from uid 10149
01-07 12:45:53.485  1363  1404 I ActivityManager: Start proc 11757:com.sonosaurus.sonobus/u0a216 for activity {com.sonosaurus.sonobus/com.rmsl.juce.JuceActivity}
01-07 12:45:53.912 11757 11757 F libc    : Fatal signal 6 (SIGABRT), code -1 (SI_QUEUE) in tid 11757 (osaurus.sonobus), pid 11757 (osaurus.sonobus)
01-07 12:45:53.965 11783 11783 F DEBUG   : *** *** *** *** *** *** *** *** *** *** *** *** *** *** *** ***
01-07 12:45:53.965 11783 11783 F DEBUG   : Build fingerprint: 'google/sargo/sargo:10/QQ3A.200605.002/6416773:user/release-keys'
01-07 12:45:53.965 11783 11783 F DEBUG   : Revision: 'MP1.0'
01-07 12:45:53.965 11783 11783 F DEBUG   : ABI: 'arm64'
01-07 12:45:53.966 11783 11783 F DEBUG   : Timestamp: 2021-01-07 12:45:53-0500
01-07 12:45:53.966 11783 11783 F DEBUG   : pid: 11757, tid: 11757, name: osaurus.sonobus  >>> com.sonosaurus.sonobus <<<
01-07 12:45:53.966 11783 11783 F DEBUG   : uid: 10216
01-07 12:45:53.966 11783 11783 F DEBUG   : signal 6 (SIGABRT), code -1 (SI_QUEUE), fault addr --------
01-07 12:45:53.966 11783 11783 F DEBUG   : Abort message: 'JNI DETECTED ERROR IN APPLICATION: JNI NewGlobalRef called with pending exception java.lang.ClassNotFoundException: Didn't find class "com.Sonosaurus.SonoBus.SonoBusActivity" on path: DexPathList[[zip file "/data/app/com.sonosaurus.sonobus-85iwlQjwIdpjiccEFcLmIg==/base.apk"],nativeLibraryDirectories=[/data/app/com.sonosaurus.sonobus-85iwlQjwIdpjiccEFcLmIg==/lib/arm64, /data/app/com.sonosaurus.sonobus-85iwlQjwIdpjiccEFcLmIg==/base.apk!/lib/arm64-v8a, /system/lib64, /product/lib64]]
01-07 12:45:53.966 11783 11783 F DEBUG   :   at java.lang.Class dalvik.system.BaseDexClassLoader.findClass(java.lang.String) (BaseDexClassLoader.java:196)
01-07 12:45:53.966 11783 11783 F DEBUG   :   at java.lang.Class java.lang.ClassLoader.loadClass(java.lang.String, boolean) (ClassLoader.java:379)
01-07 12:45:53.966 11783 11783 F DEBUG   :   at java.lang.Class java.lang.ClassLoader.loadClass(java.lang.String) (ClassLoader.java:312)
01-07 12:45:53.966 11783 11783 F DEBUG   :   at java.lang.String java.lang.Runtime.nativeLoad(java.lang.String, java.lang.ClassLoader, java.lang.Class) (Runtime.java:-2)
01-07 12:45:53.966 11783 11783 F DEBUG   :   at java.lang.String java.lang.Runtime.nativeLoad(java.lang.String, java.lang.ClassLoader) (Runtime.java:1115)
01-07 12:45:53.966 11783 11783 F DEBUG   :   at void java.lang.Runtime.loadLibrary0(java.lang.ClassLoader, java.lang.Class, java.lang.String) (Runtime.java:1069)
01-07 12:45:53.966 11783 11783 F DEBUG   :   at void java.lang.Runtime.loadLibrary0(java.lang.Class, java.lang.String) (Runtime.java:1007)
01-07 12:45:53.966 11783 11783 F DEBUG   :   at void java.lang.System.loadLibrary(java.lang.String) (System.java:1667)
01-07 12:45:53.966 11783 11783 F DEBUG   :   at void com.rmsl.juce.Java.<clinit>() (Java.java:31)
01-07 12:45:53.966 11783 11783 F DEBUG   :   at void com.rmsl.juce.Java.initialiseJUCE(android.content.Context) (Java.java:-2)
01-07 12:45:53.966 11783 11783 F DEBUG   :   at void com.rmsl.juce.JuceApp.onCreate() (JuceApp.java:35)
01-07 12:45:53.966 11783 11783 F DEBUG   :   at void android.app.Instrumentation.callApplicationOnCreate(android.app.Application) (Instrumentation.java:1189)
01-07 12:45:53.966 11783 11783 F DEBUG   :   at void android.app.ActivityThread.handleBindApplication(android.app.ActivityThread$AppBindData) (ActivityThread.java:6460)
01-07 12:45:53.966 11783 11783 F DEBUG   :   at void android.app.ActivityThread.access$1300(android.app.ActivityThread, android.app.ActivityThread$AppBindData) (ActivityThread.java:219)
01-07 12:45:53.966 11783 11783 F DEBUG   :   at void android.app.ActivityThread$H.handleMessage(android.os.Message) (ActivityThread.java:1859)
01-07 12:45:53.966 11783 11783 F DEBUG   :   at void android.os.Handler.dispatchMessage(android.os.Message) (Handler.java:107)
01-07 12:45:53.966 11783 11783 F DEBUG   :   at void android.os.Looper.loop() (Looper.java:214)
01-07 12:45:53.966 11783 11783 F DEBUG   :   at void android.app.ActivityThread.main(java.lang.String[]) (ActivityThread.java:7356)
01-07 12:45:53.966 11783 11783 F DEBUG   :   at java.lang.Object java.lang.reflect.Method.invoke(java.lang.Object, java.lang.Object[]) (Method.java:-2)
01-07 12:45:53.966 11783 11783 F DEBUG   :   at void com.android.internal.os.RuntimeInit$MethodAndArgsCaller.run() (RuntimeInit.java:492)
01-07 12:45:53.966 11783 11783 F DEBUG   :   at void com.android.internal.os.ZygoteInit.main(java.lang.String[]) (ZygoteInit.java:930)
01-07 12:45:53.966 11783 11783 F DEBUG   : 
01-07 12:45:53.966 11783 11783 F DEBUG   :     in call to NewGlobalRef
01-07 12:45:53.966 11783 11783 F DEBUG   :     from java.lang.String java.lang.Runtime.nativeLoad(java.lang.String, java.lang.ClassLoader, java.lang.Class)'
01-07 12:45:53.966 11783 11783 F DEBUG   :     x0  0000000000000000  x1  0000000000002ded  x2  0000000000000006  x3  0000007ff025ac50
01-07 12:45:53.966 11783 11783 F DEBUG   :     x4  fefeff7ba940cf97  x5  fefeff7ba940cf97  x6  fefeff7ba940cf97  x7  7f7f7f7fff7fffff
01-07 12:45:53.966 11783 11783 F DEBUG   :     x8  00000000000000f0  x9  a6351a1d8ddc569f  x10 0000000000000001  x11 0000000000000000
01-07 12:45:53.966 11783 11783 F DEBUG   :     x12 fffffff0fffffbdf  x13 000000000c9a03a8  x14 0000000000000004  x15 ffffffffffffffff
01-07 12:45:53.966 11783 11783 F DEBUG   :     x16 0000007cab5cd8c0  x17 0000007cab5ab0c0  x18 0000007cad5f0000  x19 0000000000002ded
01-07 12:45:53.966 11783 11783 F DEBUG   :     x20 0000000000002ded  x21 00000000ffffffff  x22 0000007c17276000  x23 0000007c276a76a5
01-07 12:45:53.966 11783 11783 F DEBUG   :     x24 0000007c276c90a7  x25 0000000000000001  x26 0000007cac63d258  x27 0000007caca700a0
01-07 12:45:53.966 11783 11783 F DEBUG   :     x28 0000000000000002  x29 0000007ff025acf0
01-07 12:45:53.966 11783 11783 F DEBUG   :     sp  0000007ff025ac30  lr  0000007cab55ff48  pc  0000007cab55ff74
01-07 12:45:54.223 11783 11783 F DEBUG   : 
01-07 12:45:54.223 11783 11783 F DEBUG   : backtrace:
01-07 12:45:54.223 11783 11783 F DEBUG   :       #00 pc 0000000000081f74  /apex/com.android.runtime/lib64/bionic/libc.so (abort+160) (BuildId: 8de865099c99977483c8947f9b7937e9)
01-07 12:45:54.223 11783 11783 F DEBUG   :       #01 pc 00000000004b14a4  /apex/com.android.runtime/lib64/libart.so (art::Runtime::Abort(char const*)+2268) (BuildId: f9ff276075287a1d376fcd141f6042aa)
01-07 12:45:54.223 11783 11783 F DEBUG   :       #02 pc 000000000000c5b4  /system/lib64/libbase.so (android::base::LogMessage::~LogMessage()+608) (BuildId: 162c2be0cfbc8bf79a6118a3f7f9658d)
01-07 12:45:54.223 11783 11783 F DEBUG   :       #03 pc 0000000000372e00  /apex/com.android.runtime/lib64/libart.so (art::JavaVMExt::JniAbort(char const*, char const*)+1592) (BuildId: f9ff276075287a1d376fcd141f6042aa)
01-07 12:45:54.223 11783 11783 F DEBUG   :       #04 pc 0000000000372fb4  /apex/com.android.runtime/lib64/libart.so (art::JavaVMExt::JniAbortV(char const*, char const*, std::__va_list)+108) (BuildId: f9ff276075287a1d376fcd141f6042aa)
01-07 12:45:54.223 11783 11783 F DEBUG   :       #05 pc 0000000000365530  /apex/com.android.runtime/lib64/libart.so (art::(anonymous namespace)::ScopedCheck::AbortF(char const*, ...)+136) (BuildId: f9ff276075287a1d376fcd141f6042aa)
01-07 12:45:54.223 11783 11783 F DEBUG   :       #06 pc 0000000000363fb8  /apex/com.android.runtime/lib64/libart.so (art::(anonymous namespace)::ScopedCheck::CheckPossibleHeapValue(art::ScopedObjectAccess&, char, art::(anonymous namespace)::JniValueType)+1144) (BuildId: f9ff276075287a1d376fcd141f6042aa)
01-07 12:45:54.223 11783 11783 F DEBUG   :       #07 pc 0000000000363384  /apex/com.android.runtime/lib64/libart.so (art::(anonymous namespace)::ScopedCheck::Check(art::ScopedObjectAccess&, bool, char const*, art::(anonymous namespace)::JniValueType*)+624) (BuildId: f9ff276075287a1d376fcd141f6042aa)
01-07 12:45:54.223 11783 11783 F DEBUG   :       #08 pc 0000000000365980  /apex/com.android.runtime/lib64/libart.so (art::(anonymous namespace)::CheckJNI::NewRef(char const*, _JNIEnv*, _jobject*, art::IndirectRefKind)+668) (BuildId: f9ff276075287a1d376fcd141f6042aa)
01-07 12:45:54.223 11783 11783 F DEBUG   :       #09 pc 0000000000ae74f8  /data/app/com.sonosaurus.sonobus-85iwlQjwIdpjiccEFcLmIg==/base.apk!libjuce_jni.so (offset 0x2eca000) (_JNIEnv::NewGlobalRef(_jobject*)+52) (BuildId: a83e82e4603fb1493e1783c7109e2f1e5c45a024)
01-07 12:45:54.223 11783 11783 F DEBUG   :       #10 pc 0000000000d1f61c  /data/app/com.sonosaurus.sonobus-85iwlQjwIdpjiccEFcLmIg==/base.apk!libjuce_jni.so (offset 0x2eca000) (juce::JNIClassBase::initialise(_JNIEnv*)+2660) (BuildId: a83e82e4603fb1493e1783c7109e2f1e5c45a024)
01-07 12:45:54.223 11783 11783 F DEBUG   :       #11 pc 0000000000d200a4  /data/app/com.sonosaurus.sonobus-85iwlQjwIdpjiccEFcLmIg==/base.apk!libjuce_jni.so (offset 0x2eca000) (juce::JNIClassBase::initialiseAllClasses(_JNIEnv*)+88) (BuildId: a83e82e4603fb1493e1783c7109e2f1e5c45a024)
01-07 12:45:54.223 11783 11783 F DEBUG   :       #12 pc 0000000000d27f20  /data/app/com.sonosaurus.sonobus-85iwlQjwIdpjiccEFcLmIg==/base.apk!libjuce_jni.so (offset 0x2eca000) (JNI_OnLoad+308) (BuildId: a83e82e4603fb1493e1783c7109e2f1e5c45a024)
01-07 12:45:54.223 11783 11783 F DEBUG   :       #13 pc 0000000000376910  /apex/com.android.runtime/lib64/libart.so (art::JavaVMExt::LoadNativeLibrary(_JNIEnv*, std::__1::basic_string<char, std::__1::char_traits<char>, std::__1::allocator<char>> const&, _jobject*, _jclass*, std::__1::basic_string<char, std::__1::char_traits<char>, std::__1::allocator<char>>*)+3232) (BuildId: f9ff276075287a1d376fcd141f6042aa)
01-07 12:45:54.223 11783 11783 F DEBUG   :       #14 pc 00000000000050e8  /apex/com.android.runtime/lib64/libopenjdkjvm.so (JVM_NativeLoad+412) (BuildId: c0a2d91663a03efdfb0eb7cdc5152e45)
01-07 12:45:54.223 11783 11783 F DEBUG   :       #15 pc 00000000000b9af4  /system/framework/arm64/boot.oat (art_jni_trampoline+228) (BuildId: 3ac9ca66a99f96bfe2251d3af092afd975a96ddd)
01-07 12:45:54.223 11783 11783 F DEBUG   :       #16 pc 00000000001365b8  /apex/com.android.runtime/lib64/libart.so (art_quick_invoke_static_stub+568) (BuildId: f9ff276075287a1d376fcd141f6042aa)
01-07 12:45:54.223 11783 11783 F DEBUG   :       #17 pc 000000000014508c  /apex/com.android.runtime/lib64/libart.so (art::ArtMethod::Invoke(art::Thread*, unsigned int*, unsigned int, art::JValue*, char const*)+276) (BuildId: f9ff276075287a1d376fcd141f6042aa)
01-07 12:45:54.223 11783 11783 F DEBUG   :       #18 pc 00000000002df0d4  /apex/com.android.runtime/lib64/libart.so (art::interpreter::ArtInterpreterToCompiledCodeBridge(art::Thread*, art::ArtMethod*, art::ShadowFrame*, unsigned short, art::JValue*)+384) (BuildId: f9ff276075287a1d376fcd141f6042aa)
01-07 12:45:54.223 11783 11783 F DEBUG   :       #19 pc 00000000002da3b4  /apex/com.android.runtime/lib64/libart.so (bool art::interpreter::DoCall<false, false>(art::ArtMethod*, art::Thread*, art::ShadowFrame&, art::Instruction const*, unsigned short, art::JValue*)+912) (BuildId: f9ff276075287a1d376fcd141f6042aa)
01-07 12:45:54.223 11783 11783 F DEBUG   :       #20 pc 000000000059a3f0  /apex/com.android.runtime/lib64/libart.so (MterpInvokeStatic+368) (BuildId: f9ff276075287a1d376fcd141f6042aa)
01-07 12:45:54.223 11783 11783 F DEBUG   :       #21 pc 0000000000130994  /apex/com.android.runtime/lib64/libart.so (mterp_op_invoke_static+20) (BuildId: f9ff276075287a1d376fcd141f6042aa)
01-07 12:45:54.223 11783 11783 F DEBUG   :       #22 pc 00000000000e25fa  /apex/com.android.runtime/javalib/core-oj.jar (java.lang.Runtime.nativeLoad+2)
01-07 12:45:54.223 11783 11783 F DEBUG   :       #23 pc 000000000059a6f0  /apex/com.android.runtime/lib64/libart.so (MterpInvokeStatic+1136) (BuildId: f9ff276075287a1d376fcd141f6042aa)
01-07 12:45:54.223 11783 11783 F DEBUG   :       #24 pc 0000000000130994  /apex/com.android.runtime/lib64/libart.so (mterp_op_invoke_static+20) (BuildId: f9ff276075287a1d376fcd141f6042aa)
01-07 12:45:54.223 11783 11783 F DEBUG   :       #25 pc 00000000000e2afe  /apex/com.android.runtime/javalib/core-oj.jar (java.lang.Runtime.loadLibrary0+46)
01-07 12:45:54.223 11783 11783 F DEBUG   :       #26 pc 0000000000599ee4  /apex/com.android.runtime/lib64/libart.so (MterpInvokeDirect+1168) (BuildId: f9ff276075287a1d376fcd141f6042aa)
01-07 12:45:54.223 11783 11783 F DEBUG   :       #27 pc 0000000000130914  /apex/com.android.runtime/lib64/libart.so (mterp_op_invoke_direct+20) (BuildId: f9ff276075287a1d376fcd141f6042aa)
01-07 12:45:54.223 11783 11783 F DEBUG   :       #28 pc 00000000000e2ab8  /apex/com.android.runtime/javalib/core-oj.jar (java.lang.Runtime.loadLibrary0+8)
01-07 12:45:54.223 11783 11783 F DEBUG   :       #29 pc 0000000000597b54  /apex/com.android.runtime/lib64/libart.so (MterpInvokeVirtual+1432) (BuildId: f9ff276075287a1d376fcd141f6042aa)
01-07 12:45:54.223 11783 11783 F DEBUG   :       #30 pc 0000000000130814  /apex/com.android.runtime/lib64/libart.so (mterp_op_invoke_virtual+20) (BuildId: f9ff276075287a1d376fcd141f6042aa)
01-07 12:45:54.223 11783 11783 F DEBUG   :       #31 pc 00000000000e805c  /apex/com.android.runtime/javalib/core-oj.jar (java.lang.System.loadLibrary+16)
01-07 12:45:54.223 11783 11783 F DEBUG   :       #32 pc 000000000059a6f0  /apex/com.android.runtime/lib64/libart.so (MterpInvokeStatic+1136) (BuildId: f9ff276075287a1d376fcd141f6042aa)
01-07 12:45:54.223 11783 11783 F DEBUG   :       #33 pc 0000000000130994  /apex/com.android.runtime/lib64/libart.so (mterp_op_invoke_static+20) (BuildId: f9ff276075287a1d376fcd141f6042aa)
01-07 12:45:54.223 11783 11783 F DEBUG   :       #34 pc 00000000000006f8  [anon:dalvik-classes.dex extracted in memory from /data/app/com.sonosaurus.sonobus-85iwlQjwIdpjiccEFcLmIg==/base.apk] (com.rmsl.juce.Java.<clinit>+4)
01-07 12:45:54.223 11783 11783 F DEBUG   :       #35 pc 00000000002afd20  /apex/com.android.runtime/lib64/libart.so (_ZN3art11interpreterL7ExecuteEPNS_6ThreadERKNS_20CodeItemDataAccessorERNS_11ShadowFrameENS_6JValueEbb.llvm.1271440803783865717+240) (BuildId: f9ff276075287a1d376fcd141f6042aa)
01-07 12:45:54.223 11783 11783 F DEBUG   :       #36 pc 0000000000588e8c  /apex/com.android.runtime/lib64/libart.so (artQuickToInterpreterBridge+1012) (BuildId: f9ff276075287a1d376fcd141f6042aa)
01-07 12:45:54.223 11783 11783 F DEBUG   :       #37 pc 000000000013f468  /apex/com.android.runtime/lib64/libart.so (art_quick_to_interpreter_bridge+88) (BuildId: f9ff276075287a1d376fcd141f6042aa)
01-07 12:45:54.223 11783 11783 F DEBUG   :       #38 pc 00000000001365b8  /apex/com.android.runtime/lib64/libart.so (art_quick_invoke_static_stub+568) (BuildId: f9ff276075287a1d376fcd141f6042aa)
01-07 12:45:54.223 11783 11783 F DEBUG   :       #39 pc 000000000014508c  /apex/com.android.runtime/lib64/libart.so (art::ArtMethod::Invoke(art::Thread*, unsigned int*, unsigned int, art::JValue*, char const*)+276) (BuildId: f9ff276075287a1d376fcd141f6042aa)
01-07 12:45:54.223 11783 11783 F DEBUG   :       #40 pc 00000000001709c0  /apex/com.android.runtime/lib64/libart.so (art::ClassLinker::InitializeClass(art::Thread*, art::Handle<art::mirror::Class>, bool, bool)+1920) (BuildId: f9ff276075287a1d376fcd141f6042aa)
01-07 12:45:54.223 11783 11783 F DEBUG   :       #41 pc 000000000015b948  /apex/com.android.runtime/lib64/libart.so (art::ClassLinker::EnsureInitialized(art::Thread*, art::Handle<art::mirror::Class>, bool, bool)+92) (BuildId: f9ff276075287a1d376fcd141f6042aa)
01-07 12:45:54.223 11783 11783 F DEBUG   :       #42 pc 00000000002df168  /apex/com.android.runtime/lib64/libart.so (art::interpreter::ArtInterpreterToCompiledCodeBridge(art::Thread*, art::ArtMethod*, art::ShadowFrame*, unsigned short, art::JValue*)+532) (BuildId: f9ff276075287a1d376fcd141f6042aa)
01-07 12:45:54.223 11783 11783 F DEBUG   :       #43 pc 00000000002da3b4  /apex/com.android.runtime/lib64/libart.so (bool art::interpreter::DoCall<false, false>(art::ArtMethod*, art::Thread*, art::ShadowFrame&, art::Instruction const*, unsigned short, art::JValue*)+912) (BuildId: f9ff276075287a1d376fcd141f6042aa)
01-07 12:45:54.223 11783 11783 F DEBUG   :       #44 pc 000000000059a3f0  /apex/com.android.runtime/lib64/libart.so (MterpInvokeStatic+368) (BuildId: f9ff276075287a1d376fcd141f6042aa)
01-07 12:45:54.223 11783 11783 F DEBUG   :       #45 pc 0000000000130994  /apex/com.android.runtime/lib64/libart.so (mterp_op_invoke_static+20) (BuildId: f9ff276075287a1d376fcd141f6042aa)
01-07 12:45:54.224 11783 11783 F DEBUG   :       #46 pc 0000000000000782  [anon:dalvik-classes.dex extracted in memory from /data/app/com.sonosaurus.sonobus-85iwlQjwIdpjiccEFcLmIg==/base.apk] (com.rmsl.juce.JuceApp.onCreate+6)
01-07 12:45:54.224 11783 11783 F DEBUG   :       #47 pc 0000000000597b54  /apex/com.android.runtime/lib64/libart.so (MterpInvokeVirtual+1432) (BuildId: f9ff276075287a1d376fcd141f6042aa)
01-07 12:45:54.224 11783 11783 F DEBUG   :       #48 pc 0000000000130814  /apex/com.android.runtime/lib64/libart.so (mterp_op_invoke_virtual+20) (BuildId: f9ff276075287a1d376fcd141f6042aa)
01-07 12:45:54.224 11783 11783 F DEBUG   :       #49 pc 00000000001f0b30  /system/framework/framework.jar (android.app.Instrumentation.callApplicationOnCreate)
01-07 12:45:54.224 11783 11783 F DEBUG   :       #50 pc 0000000000597b54  /apex/com.android.runtime/lib64/libart.so (MterpInvokeVirtual+1432) (BuildId: f9ff276075287a1d376fcd141f6042aa)
01-07 12:45:54.224 11783 11783 F DEBUG   :       #51 pc 0000000000130814  /apex/com.android.runtime/lib64/libart.so (mterp_op_invoke_virtual+20) (BuildId: f9ff276075287a1d376fcd141f6042aa)
01-07 12:45:54.224 11783 11783 F DEBUG   :       #52 pc 0000000000186daa  /system/framework/framework.jar (android.app.ActivityThread.handleBindApplication+2206)
01-07 12:45:54.224 11783 11783 F DEBUG   :       #53 pc 0000000000599ee4  /apex/com.android.runtime/lib64/libart.so (MterpInvokeDirect+1168) (BuildId: f9ff276075287a1d376fcd141f6042aa)
01-07 12:45:54.224 11783 11783 F DEBUG   :       #54 pc 0000000000130914  /apex/com.android.runtime/lib64/libart.so (mterp_op_invoke_direct+20) (BuildId: f9ff276075287a1d376fcd141f6042aa)
01-07 12:45:54.224 11783 11783 F DEBUG   :       #55 pc 0000000000183e50  /system/framework/framework.jar (android.app.ActivityThread.access$1300)
01-07 12:45:54.224 11783 11783 F DEBUG   :       #56 pc 000000000059a6f0  /apex/com.android.runtime/lib64/libart.so (MterpInvokeStatic+1136) (BuildId: f9ff276075287a1d376fcd141f6042aa)
01-07 12:45:54.224 11783 11783 F DEBUG   :       #57 pc 0000000000130994  /apex/com.android.runtime/lib64/libart.so (mterp_op_invoke_static+20) (BuildId: f9ff276075287a1d376fcd141f6042aa)
01-07 12:45:54.224 11783 11783 F DEBUG   :       #58 pc 0000000000180c1c  /system/framework/framework.jar (android.app.ActivityThread$H.handleMessage+1400)
01-07 12:45:54.224 11783 11783 F DEBUG   :       #59 pc 0000000000597b54  /apex/com.android.runtime/lib64/libart.so (MterpInvokeVirtual+1432) (BuildId: f9ff276075287a1d376fcd141f6042aa)
01-07 12:45:54.224 11783 11783 F DEBUG   :       #60 pc 0000000000130814  /apex/com.android.runtime/lib64/libart.so (mterp_op_invoke_virtual+20) (BuildId: f9ff276075287a1d376fcd141f6042aa)
01-07 12:45:54.224 11783 11783 F DEBUG   :       #61 pc 00000000002f6fd6  /system/framework/framework.jar (android.os.Handler.dispatchMessage+38)
01-07 12:45:54.224 11783 11783 F DEBUG   :       #62 pc 0000000000597b54  /apex/com.android.runtime/lib64/libart.so (MterpInvokeVirtual+1432) (BuildId: f9ff276075287a1d376fcd141f6042aa)
01-07 12:45:54.224 11783 11783 F DEBUG   :       #63 pc 0000000000130814  /apex/com.android.runtime/lib64/libart.so (mterp_op_invoke_virtual+20) (BuildId: f9ff276075287a1d376fcd141f6042aa)
01-07 12:45:54.224 11783 11783 F DEBUG   :       #64 pc 000000000031b9ea  /system/framework/framework.jar (android.os.Looper.loop+466)
01-07 12:45:54.224 11783 11783 F DEBUG   :       #65 pc 000000000059a6f0  /apex/com.android.runtime/lib64/libart.so (MterpInvokeStatic+1136) (BuildId: f9ff276075287a1d376fcd141f6042aa)
01-07 12:45:54.224 11783 11783 F DEBUG   :       #66 pc 0000000000130994  /apex/com.android.runtime/lib64/libart.so (mterp_op_invoke_static+20) (BuildId: f9ff276075287a1d376fcd141f6042aa)
01-07 12:45:54.224 11783 11783 F DEBUG   :       #67 pc 0000000000189fea  /system/framework/framework.jar (android.app.ActivityThread.main+194)
01-07 12:45:54.224 11783 11783 F DEBUG   :       #68 pc 00000000002afd20  /apex/com.android.runtime/lib64/libart.so (_ZN3art11interpreterL7ExecuteEPNS_6ThreadERKNS_20CodeItemDataAccessorERNS_11ShadowFrameENS_6JValueEbb.llvm.1271440803783865717+240) (BuildId: f9ff276075287a1d376fcd141f6042aa)
01-07 12:45:54.224 11783 11783 F DEBUG   :       #69 pc 0000000000588e8c  /apex/com.android.runtime/lib64/libart.so (artQuickToInterpreterBridge+1012) (BuildId: f9ff276075287a1d376fcd141f6042aa)
01-07 12:45:54.224 11783 11783 F DEBUG   :       #70 pc 000000000013f468  /apex/com.android.runtime/lib64/libart.so (art_quick_to_interpreter_bridge+88) (BuildId: f9ff276075287a1d376fcd141f6042aa)
01-07 12:45:54.224 11783 11783 F DEBUG   :       #71 pc 00000000001365b8  /apex/com.android.runtime/lib64/libart.so (art_quick_invoke_static_stub+568) (BuildId: f9ff276075287a1d376fcd141f6042aa)
01-07 12:45:54.224 11783 11783 F DEBUG   :       #72 pc 000000000014508c  /apex/com.android.runtime/lib64/libart.so (art::ArtMethod::Invoke(art::Thread*, unsigned int*, unsigned int, art::JValue*, char const*)+276) (BuildId: f9ff276075287a1d376fcd141f6042aa)
01-07 12:45:54.224 11783 11783 F DEBUG   :       #73 pc 00000000004a9110  /apex/com.android.runtime/lib64/libart.so (art::(anonymous namespace)::InvokeWithArgArray(art::ScopedObjectAccessAlreadyRunnable const&, art::ArtMethod*, art::(anonymous namespace)::ArgArray*, art::JValue*, char const*)+104) (BuildId: f9ff276075287a1d376fcd141f6042aa)
01-07 12:45:54.224 11783 11783 F DEBUG   :       #74 pc 00000000004aab38  /apex/com.android.runtime/lib64/libart.so (art::InvokeMethod(art::ScopedObjectAccessAlreadyRunnable const&, _jobject*, _jobject*, _jobject*, unsigned long)+1476) (BuildId: f9ff276075287a1d376fcd141f6042aa)
01-07 12:45:54.224 11783 11783 F DEBUG   :       #75 pc 000000000043744c  /apex/com.android.runtime/lib64/libart.so (art::Method_invoke(_JNIEnv*, _jobject*, _jobject*, _jobjectArray*)+52) (BuildId: f9ff276075287a1d376fcd141f6042aa)
01-07 12:45:54.224 11783 11783 F DEBUG   :       #76 pc 00000000000c2c34  /system/framework/arm64/boot.oat (art_jni_trampoline+180) (BuildId: 3ac9ca66a99f96bfe2251d3af092afd975a96ddd)
01-07 12:45:54.224 11783 11783 F DEBUG   :       #77 pc 0000000000136334  /apex/com.android.runtime/lib64/libart.so (art_quick_invoke_stub+548) (BuildId: f9ff276075287a1d376fcd141f6042aa)
01-07 12:45:54.224 11783 11783 F DEBUG   :       #78 pc 000000000014506c  /apex/com.android.runtime/lib64/libart.so (art::ArtMethod::Invoke(art::Thread*, unsigned int*, unsigned int, art::JValue*, char const*)+244) (BuildId: f9ff276075287a1d376fcd141f6042aa)
01-07 12:45:54.224 11783 11783 F DEBUG   :       #79 pc 00000000002df0d4  /apex/com.android.runtime/lib64/libart.so (art::interpreter::ArtInterpreterToCompiledCodeBridge(art::Thread*, art::ArtMethod*, art::ShadowFrame*, unsigned short, art::JValue*)+384) (BuildId: f9ff276075287a1d376fcd141f6042aa)
01-07 12:45:54.224 11783 11783 F DEBUG   :       #80 pc 00000000002da3b4  /apex/com.android.runtime/lib64/libart.so (bool art::interpreter::DoCall<false, false>(art::ArtMethod*, art::Thread*, art::ShadowFrame&, art::Instruction const*, unsigned short, art::JValue*)+912) (BuildId: f9ff276075287a1d376fcd141f6042aa)
01-07 12:45:54.224 11783 11783 F DEBUG   :       #81 pc 0000000000597844  /apex/com.android.runtime/lib64/libart.so (MterpInvokeVirtual+648) (BuildId: f9ff276075287a1d376fcd141f6042aa)
