--------- beginning of system
01-06 21:24:21.993  1353  1353 I imsrcsd : getAndroidPropValue[2]
01-06 21:24:21.993  1353  1353 I imsrcsd : Uce Service HAL  detected modemVersion[2]
01-06 21:24:21.993  1353  1353 I imsrcsd : Uce Service HAL  loading lib-imsrcs-v2
01-06 21:24:22.000   596   596 I chatty  : uid=0(root) Binder:596_2 expire 39 lines
01-06 21:24:22.002  1363  1363 I chatty  : uid=1000 system_server expire 207 lines
01-06 21:24:22.018  1363  1705 I chatty  : uid=1000 system_server expire 1 line
01-06 21:24:22.019  1363  1404 I chatty  : uid=1000(system) ActivityManager expire 218 lines
01-06 21:24:22.029  1363  1411 I chatty  : uid=1000(system) batterystats-wo expire 7 lines
01-06 21:24:22.033  1353  1353 I Diag_Lib: StartImsService
01-06 21:24:22.034  1353  1353 I imsrcsd : ImsServiceMain startService[1]
01-06 21:24:22.034  1363  1722 I chatty  : uid=1000(system) NetworkPolicy expire 1 line
01-06 21:24:22.042  1353  1813 I ServiceManagement: Registered vendor.qti.ims.callinfo@1.0::IService/default (start delay of 5088ms)
01-06 21:24:22.042  1353  1813 I imsrcsd : ImsServiceMain Running..
01-06 21:24:22.072  1363  1715 I chatty  : uid=1000(system) Binder:1363_3 expire 14 lines
01-06 21:24:22.076  1363  1402 I chatty  : uid=1000(system) android.bg expire 10 lines
01-06 21:24:22.119  1363  1403 I chatty  : uid=1000(system) ActivityManager expire 28 lines
01-06 21:24:22.162  1353  1812 I Diag_Lib: OnServiceStatusReceived iStatus[0]
01-06 21:24:22.163  1353  1812 E Diag_Lib: Modem does not support UCE/IMS-CM, proceed to register HAL's
01-06 21:24:22.163  1353  1812 I Diag_Lib: Starting Service for First Time
01-06 21:24:22.168  1353  1812 I ServiceManagement: Registered com.qualcomm.qti.uceservice@2.0::IUceService/com.qualcomm.qti.uceservice (start delay of 5214ms)
01-06 21:24:22.458  1363  1386 I chatty  : uid=1000(system) Binder:1363_1 expire 13 lines
01-06 21:24:22.469  1363  1806 I chatty  : uid=1000(system) Binder:1363_4 expire 24 lines
01-06 21:24:22.477  1363  1395 I chatty  : uid=1000(system) android.ui expire 3 lines
01-06 21:24:22.479  1363  1917 I chatty  : uid=1000(system) Binder:1363_7 expire 10 lines
01-06 21:24:22.481   854   854 I vendor.google.wifi_ext@1.0-service-vendor: Wifi HAL started
01-06 21:24:22.489  1363  1394 I chatty  : uid=1000(system) android.fg expire 34 lines
01-06 21:24:22.621  1363  1807 I chatty  : uid=1000(system) Binder:1363_5 expire 19 lines
01-06 21:24:22.931  1779  1779 E ActivityThread: Failed to find provider info for com.google.android.apps.turbo.estimated_time_remaining
01-06 21:24:23.010  1363  1397 I chatty  : uid=1000(system) android.display expire 27 lines
01-06 21:24:23.020  1363  2161 I chatty  : uid=1000(system) BluetoothRouteM expire 1 line
01-06 21:24:23.041  1363  2180 I chatty  : uid=1000(system) uteStateMachine expire 11 lines
01-06 21:24:23.052  1363  2183 I chatty  : uid=1000(system) CallAudioModeSt expire 1 line
01-06 21:24:23.108  2000  2000 E SystemConfig: SystemConfig is being accessed by a process other than system_server.
01-06 21:24:23.122  1363  2209 I chatty  : uid=1000 system_server expire 1 line
01-06 21:24:23.184  2000  2000 I SystemConfig: Adding association: com.google.android.as <- com.android.providers.contacts
01-06 21:24:23.184  2000  2000 I SystemConfig: Adding association: com.google.android.as <- com.android.providers.media
01-06 21:24:23.184  2000  2000 I SystemConfig: Adding association: com.google.android.as <- com.android.providers.telephony
01-06 21:24:23.184  2000  2000 I SystemConfig: Adding association: com.google.android.as <- com.android.systemui
01-06 21:24:23.184  2000  2000 I SystemConfig: Adding association: com.google.android.as <- com.google.android.gms
01-06 21:24:23.184  2000  2000 I SystemConfig: Adding association: com.google.android.as <- com.google.android.gsf
01-06 21:24:23.199   854   854 I vendor.google.wifi_ext@1.0-service-vendor: Adding interface handle for wlan0
01-06 21:24:23.199   854   854 I vendor.google.wifi_ext@1.0-service-vendor: Adding interface handle for p2p0
01-06 21:24:23.199   854   854 I vendor.google.wifi_ext@1.0-service-vendor: Adding interface handle for wlan1
01-06 21:24:23.199   854   854 W vendor.google.wifi_ext@1.0-service-vendor: No active wlan interfaces in use! Using default
01-06 21:24:23.199   854   854 W vendor.google.wifi_ext@1.0-service-vendor: No active wlan interfaces in use! Using default
01-06 21:24:23.202   854   854 I vendor.google.wifi_ext@1.0-service-vendor: Configured chip in mode 3
01-06 21:24:23.202   854   854 W vendor.google.wifi_ext@1.0-service-vendor: No active wlan interfaces in use! Using default
01-06 21:24:23.207   854   854 W vendor.google.wifi_ext@1.0-service-vendor: No active wlan interfaces in use! Using default
01-06 21:24:23.225  2000  2000 W SystemConfig: No directory /product_services/etc/sysconfig, skipping
01-06 21:24:23.225  2000  2000 W SystemConfig: No directory /product_services/etc/permissions, skipping
01-06 21:24:23.237   995   995 I wificond: create scanner for interface with index: 30
01-06 21:24:23.238   995   995 I wificond: subscribe scan result for interface with index: 30
01-06 21:24:23.239   995   995 E wificond: No Offload Service available
01-06 21:24:23.240   995   995 I wificond: Offload HAL not supported 
01-06 21:24:23.245  1363  1729 I chatty  : uid=1000(system) ConnectivitySer expire 27 lines
01-06 21:24:23.273  2000  2238 E ActivityThread: Failed to find provider info for com.android.contacts
01-06 21:24:23.280  1363  1932 I chatty  : uid=1000(system) Binder:1363_8 expire 13 lines
01-06 21:24:23.305  1363  1396 I chatty  : uid=1000(system) android.io expire 18 lines
01-06 21:24:23.312  1363  1735 I chatty  : uid=1000(system) onProviders.ECP expire 2 lines
01-06 21:24:23.359   995   995 I wificond: Regulatory domain changed
01-06 21:24:23.361   995   995 I wificond: 2.4Ghz frequencies: 2412 2417 2422 2427 2432 2437 2442 2447 2452 2457 2462 2467
01-06 21:24:23.361   995   995 I wificond: 5Ghz non-DFS frequencies:
01-06 21:24:23.361   995   995 I wificond: 5Ghz DFS frequencies: 5180 5200 5220 5240 5260 5280 5300 5320 5500 5520 5540 5560 5580 5600 5620 5640 5660 5680 5700 5720 5745 5765 5785 5805 5825
01-06 21:24:23.676  2000  2000 I TelecomFramework: : onSubscriptionsChanged - update accounts
01-06 21:24:23.676  2000  2000 I TelecomFramework: TelecomAccountRegistry: setupAccounts: Found 1 phones.  Attempting to register.
01-06 21:24:23.676  2000  2000 I TelecomFramework: TelecomAccountRegistry: setupAccounts: Phone with subscription id -1
01-06 21:24:23.676  2000  2000 I TelecomFramework: TelecomAccountRegistry: setupAccounts: adding default
01-06 21:24:23.696  2000  2000 I TelecomFramework: AccountEntry: Registered phoneAccount: [[ ] PhoneAccount: ComponentInfo{com.android.phone/com.android.services.telephony.TelephonyConnectionService}, ***, UserHandle{0} Capabilities: CallProvider MultiUser PlaceEmerg SimSub  Audio Routes: BESW Schemes: tel voicemail  Extras: Bundle[{android.telecom.extra.SUPPORTS_VIDEO_CALLING_FALLBACK=true}] GroupId: ***] with handle: ComponentInfo{com.android.phone/com.android.services.telephony.TelephonyConnectionService}, ***, UserHandle{0}
01-06 21:24:23.697  2000  2000 I TelecomFramework: PstnIncomingCallNotifier: Registering: Handler (com.android.internal.telephony.GsmCdmaPhone) {734aa6c}
01-06 21:24:23.735  1779  2304 E ActivityThread: Failed to find provider info for com.android.contacts
01-06 21:24:23.748  2000  2000 I TelecomFramework: PstnPhoneCapabilitiesNotifier: handleVideoCapabilitesChanged. Video capability - false
01-06 21:24:23.753  2310  2310 E ActivityThread: Failed to find provider info for com.google.android.gsf.gservices
01-06 21:24:23.755  2310  2310 I chatty  : uid=10140(com.google.android.euicc) identical 1 line
01-06 21:24:23.756  2310  2310 E ActivityThread: Failed to find provider info for com.google.android.gsf.gservices
01-06 21:24:23.781  2000  2000 I TelecomFramework: : Carrier-config changed, checking for phone account updates.
01-06 21:24:23.783  2310  2310 E ActivityThread: Failed to find provider info for com.google.android.gsf.gservices
01-06 21:24:23.784  2000  2000 I TelecomFramework: : onSubscriptionsChanged - update accounts
01-06 21:24:23.784  2000  2000 I TelecomFramework: PstnIncomingCallNotifier: Unregistering: Handler (com.android.internal.telephony.GsmCdmaPhone) {734aa6c}
01-06 21:24:23.784  2000  2000 I TelecomFramework: TelecomAccountRegistry: setupAccounts: Found 1 phones.  Attempting to register.
01-06 21:24:23.784  2000  2000 I TelecomFramework: TelecomAccountRegistry: setupAccounts: Phone with subscription id -1
01-06 21:24:23.784  2000  2000 I TelecomFramework: TelecomAccountRegistry: setupAccounts: adding default
01-06 21:24:23.785  2310  2375 E ActivityThread: Failed to find provider info for com.google.android.gsf.gservices
01-06 21:24:23.802  2000  2000 I TelecomFramework: AccountEntry: Registered phoneAccount: [[ ] PhoneAccount: ComponentInfo{com.android.phone/com.android.services.telephony.TelephonyConnectionService}, ***, UserHandle{0} Capabilities: CallProvider MultiUser PlaceEmerg SimSub  Audio Routes: BESW Schemes: tel voicemail  Extras: Bundle[{android.telecom.extra.SUPPORTS_VIDEO_CALLING_FALLBACK=true}] GroupId: ***] with handle: ComponentInfo{com.android.phone/com.android.services.telephony.TelephonyConnectionService}, ***, UserHandle{0}
01-06 21:24:23.802  2000  2000 I TelecomFramework: PstnIncomingCallNotifier: Registering: Handler (com.android.internal.telephony.GsmCdmaPhone) {734aa6c}
01-06 21:24:23.895  2310  2377 E ActivityThread: Failed to find provider info for com.google.android.gsf.gservices
01-06 21:24:23.934  2310  2377 I chatty  : uid=10140(com.google.android.euicc) identical 4 lines
01-06 21:24:23.939  2310  2377 E ActivityThread: Failed to find provider info for com.google.android.gsf.gservices
01-06 21:24:23.944  2000  2000 I TelecomFramework: PstnPhoneCapabilitiesNotifier: handleVideoCapabilitesChanged. Video capability - false
01-06 21:24:23.961  1363  2139 I chatty  : uid=1000(system) Binder:1363_9 expire 20 lines
01-06 21:24:24.037   995   995 I wificond: Regulatory domain changed to country: US
01-06 21:24:24.038   995   995 I wificond: 2.4Ghz frequencies: 2412 2417 2422 2427 2432 2437 2442 2447 2452 2457 2462
01-06 21:24:24.038   995   995 I wificond: 5Ghz non-DFS frequencies: 5180 5200 5220 5240 5745 5765 5785 5805 5825
01-06 21:24:24.038   995   995 I wificond: 5Ghz DFS frequencies: 5260 5280 5300 5320 5500 5520 5540 5560 5580 5600 5620 5640 5660 5680 5700 5720
01-06 21:24:24.080  2000  2000 I TelecomFramework: : onSubscriptionsChanged - update accounts
01-06 21:24:24.080  2000  2000 I TelecomFramework: PstnIncomingCallNotifier: Unregistering: Handler (com.android.internal.telephony.GsmCdmaPhone) {734aa6c}
01-06 21:24:24.080  2000  2000 I TelecomFramework: TelecomAccountRegistry: setupAccounts: Found 1 phones.  Attempting to register.
01-06 21:24:24.080  2000  2000 I TelecomFramework: TelecomAccountRegistry: setupAccounts: Phone with subscription id -1
01-06 21:24:24.080  2000  2000 I TelecomFramework: TelecomAccountRegistry: setupAccounts: adding default
01-06 21:24:24.083  1779  1951 E ActivityThread: Failed to find provider info for com.android.contacts
01-06 21:24:24.089  2000  2000 I TelecomFramework: AccountEntry: Registered phoneAccount: [[ ] PhoneAccount: ComponentInfo{com.android.phone/com.android.services.telephony.TelephonyConnectionService}, ***, UserHandle{0} Capabilities: CallProvider MultiUser PlaceEmerg SimSub  Audio Routes: BESW Schemes: tel voicemail  Extras: Bundle[{android.telecom.extra.SUPPORTS_VIDEO_CALLING_FALLBACK=true}] GroupId: ***] with handle: ComponentInfo{com.android.phone/com.android.services.telephony.TelephonyConnectionService}, ***, UserHandle{0}
01-06 21:24:24.089  2000  2000 I TelecomFramework: PstnIncomingCallNotifier: Registering: Handler (com.android.internal.telephony.GsmCdmaPhone) {734aa6c}
01-06 21:24:24.103  1779  1951 E ActivityThread: Failed to find provider info for com.android.contacts
01-06 21:24:24.111  2000  2000 I TelecomFramework: PstnPhoneCapabilitiesNotifier: handleVideoCapabilitesChanged. Video capability - false
01-06 21:24:24.120  2419  2419 E ActivityThread: Failed to find provider info for com.google.android.gsf.gservices
01-06 21:24:24.133  2419  2419 E ActivityThread: Failed to find provider info for com.google.android.gsf.gservices
01-06 21:24:24.297  2419  2419 I chatty  : uid=10144 com.google.android.gms.persistent identical 118 lines
01-06 21:24:24.300  2419  2419 E ActivityThread: Failed to find provider info for com.google.android.gsf.gservices
01-06 21:24:24.303  2419  2489 E ActivityThread: Failed to find provider info for com.google.android.gsf.gservices
01-06 21:24:24.304  2419  2489 E ActivityThread: Failed to find provider info for com.google.android.gsf.gservices
01-06 21:24:24.317  2419  2419 E ActivityThread: Failed to find provider info for com.google.android.gsf.gservices
01-06 21:24:24.466  2419  2419 E ActivityThread: Failed to find provider info for com.google.android.gsf.gservices
01-06 21:24:24.474  1779  2500 E ActivityThread: Failed to find provider info for com.google.android.apps.turbo.estimated_time_remaining
01-06 21:24:24.483  2419  2419 E ActivityThread: Failed to find provider info for com.google.android.gsf.gservices
01-06 21:24:24.485  2419  2502 E ActivityThread: Failed to find provider info for com.google.android.gsf.gservices
01-06 21:24:24.485  2419  2502 E ActivityThread: Failed to find provider info for com.google.android.gsf.gservices
01-06 21:24:24.488  2419  2419 E ActivityThread: Failed to find provider info for com.google.android.gsf.gservices
01-06 21:24:24.489  2419  2502 E ActivityThread: Failed to find provider info for com.google.android.gsf.gservices
01-06 21:24:24.489  2419  2419 E ActivityThread: Failed to find provider info for com.google.android.gsf.gservices
01-06 21:24:24.490  2419  2502 E ActivityThread: Failed to find provider info for com.google.android.gsf.gservices
01-06 21:24:24.496  2419  2419 E ActivityThread: Failed to find provider info for com.google.android.gsf.gservices
01-06 21:24:24.511  2419  2419 E ActivityThread: Failed to find provider info for com.google.android.gsf.gservices
01-06 21:24:24.512  2419  2437 E ActivityThread: Failed to find provider info for com.google.android.gsf.gservices
01-06 21:24:24.513  2419  2419 E ActivityThread: Failed to find provider info for com.google.android.gsf.gservices
01-06 21:24:24.513  2419  2437 E ActivityThread: Failed to find provider info for com.google.android.gsf.gservices
01-06 21:24:24.514  2419  2437 I chatty  : uid=10144(com.google.android.gms) Binder:2419_3 identical 5 lines
01-06 21:24:24.525  2419  2437 E ActivityThread: Failed to find provider info for com.google.android.gsf.gservices
01-06 21:24:24.527  2419  2419 E ActivityThread: Failed to find provider info for com.google.android.gsf.gservices
01-06 21:24:24.528  2419  2419 E ActivityThread: Failed to find provider info for com.google.android.gsf.gservices
01-06 21:24:24.530  2419  2437 E ActivityThread: Failed to find provider info for com.google.android.gsf.gservices
01-06 21:24:24.531  2419  2437 E ActivityThread: Failed to find provider info for com.google.android.gsf.gservices
01-06 21:24:24.532  2419  2507 E ActivityThread: Failed to find provider info for com.google.android.gsf.gservices
01-06 21:24:24.539  2419  2437 E ActivityThread: Failed to find provider info for com.google.android.gsf.gservices
01-06 21:24:24.544  2419  2437 E ActivityThread: Failed to find provider info for com.google.android.gsf.gservices
01-06 21:24:24.558  2310  2415 E ActivityThread: Failed to find provider info for com.google.android.gsf.gservices
01-06 21:24:24.567  2419  2437 E ActivityThread: Failed to find provider info for com.google.android.gsf.gservices
01-06 21:24:24.568  2419  2437 E ActivityThread: Failed to find provider info for com.google.android.gsf.gservices
01-06 21:24:24.596  2310  2415 E ActivityThread: Failed to find provider info for com.google.android.gsf.gservices
01-06 21:24:24.604  2419  2437 E ActivityThread: Failed to find provider info for com.google.android.gsf.gservices
01-06 21:24:24.613  2419  2437 E ActivityThread: Failed to find provider info for com.google.android.gsf.gservices
01-06 21:24:24.621  2419  2512 E ActivityThread: Failed to find provider info for com.google.android.gsf.gservices
01-06 21:24:24.765  2419  2512 I chatty  : uid=10144 com.google.android.gms.persistent identical 49 lines
01-06 21:24:24.766  2419  2512 E ActivityThread: Failed to find provider info for com.google.android.gsf.gservices
01-06 21:24:24.991  1766  2538 E ActivityThread: Failed to find provider info for com.android.contacts
01-06 21:24:25.054  1363  1714 I chatty  : uid=1000(system) StorageManagerS expire 3 lines
01-06 21:24:25.054  1363  1435 I chatty  : uid=1000(system) PowerManagerSer expire 18 lines
01-06 21:24:25.068  2550  2550 I chatty  : uid=0(root) expire 1 line
01-06 21:24:26.661  1779  2304 E ActivityThread: Failed to find provider info for com.google.android.apps.safetyhub.SysUIWalletProvider
01-06 21:24:26.662  1363  1695 I chatty  : uid=1000(system) RollbackPackage expire 1 line
01-06 21:24:26.665  1363  2562 I chatty  : uid=1000(system) AdbDebuggingMan expire 3 lines
01-06 21:24:26.720  2419  2419 E ActivityThread: Failed to find provider info for com.google.android.gsf.gservices
01-06 21:24:26.725  2419  2419 E ActivityThread: Failed to find provider info for com.google.android.gsf.gservices
01-06 21:24:26.726   596   616 I chatty  : uid=0(root) Binder:596_2 expire 1 line
01-06 21:24:26.921  1363  2553 I chatty  : uid=1000(system) Binder:1363_A expire 11 lines
01-06 21:24:26.963  2565  2609 E ActivityThread: Failed to find provider info for com.google.android.gsf.gservices
01-06 21:24:27.041  2565  2603 E ActivityThread: Failed to find provider info for com.google.android.gsf.gservices
01-06 21:24:27.064  2565  2603 E ActivityThread: Failed to find provider info for com.google.android.gsf.gservices
01-06 21:24:27.072  2419  2506 E ActivityThread: Failed to find provider info for com.google.android.gsf.gservices
01-06 21:24:27.073  2419  2506 E ActivityThread: Failed to find provider info for com.google.android.gsf.gservices
01-06 21:24:27.079  2419  2621 E ActivityThread: Failed to find provider info for com.google.android.gsf.gservices
01-06 21:24:27.079  2419  2621 E ActivityThread: Failed to find provider info for com.google.android.gsf.gservices
01-06 21:24:27.094  2419  2621 E ActivityThread: Failed to find provider info for com.google.android.gsf.gservices
01-06 21:24:27.095  2419  2621 E ActivityThread: Failed to find provider info for com.google.android.gsf.gservices
01-06 21:24:27.118  2419  2621 E ActivityThread: Failed to find provider info for com.google.android.gsf.gservices
01-06 21:24:27.119  2419  2621 E ActivityThread: Failed to find provider info for com.google.android.gsf.gservices
01-06 21:24:27.785  1363  1747 I chatty  : uid=1000(system) backup expire 7 lines
01-06 21:24:27.932  1363  2688 I chatty  : uid=1000(system) backup-0 expire 695 lines
01-06 21:24:28.044  1363  1765 I chatty  : uid=1000(system) SyncManager expire 2 lines
01-06 21:24:28.661  1363  2762 I chatty  : uid=1000(system) Binder:1363_D expire 18 lines
01-06 21:24:28.761   854   854 I vendor.google.wifi_ext@1.0-service-vendor: Wifi: Reseting SAR Scenario to default
01-06 21:24:29.433   995   995 W wificond: Scan is not started. Ignore abort request
01-06 21:24:29.605  1363  1725 I chatty  : uid=1000(system) ClientModeImpl expire 2 lines
01-06 21:24:30.819  2711  2711 W KeyphraseEnrollmentInfo: No enrollment application supports the given keyphrase/locale: 'null'/en_US
01-06 21:24:30.832  1363  2746 I chatty  : uid=1000(system) Binder:1363_B expire 16 lines
01-06 21:24:30.947   779  1080 I chatty  : uid=0(root) /system/bin/netd expire 8 lines
01-06 21:24:31.370  1363  1916 I chatty  : uid=1000(system) Binder:1363_6 expire 10 lines
01-06 21:24:31.519  1363  1387 I chatty  : uid=1000(system) Binder:1363_2 expire 13 lines
01-06 21:24:31.994  1363  2798 I chatty  : uid=1000(system) Binder:1363_F expire 15 lines
01-06 21:24:32.324  1363  2797 I chatty  : uid=1000(system) Binder:1363_E expire 20 lines
01-06 21:24:35.659  3007  3924 W PackageParser: Unknown element under <manifest>: queries at /data/user_de/0/com.google.android.gms/app_chimera/m/000000b8/AdsDynamite.apk Binary XML file line #5
01-06 21:24:35.948  3007  3924 W PackageParser: Unknown element under <manifest>: queries at /data/user_de/0/com.google.android.gms/app_chimera/m/000000c0/dl-AdsFdrDynamite.integ_204204100100000.apk Binary XML file line #5
01-06 21:24:36.035  3007  3924 W PackageParser: Unknown element under <manifest>: queries at /data/user_de/0/com.google.android.gms/app_chimera/m/000000b3/dl-Payments.integ_202390001100400.apk Binary XML file line #5
01-06 21:24:37.168  3007  3924 W PackageParser: Unknown element under <manifest>: queries at /data/user_de/0/com.google.android.gms/app_chimera/m/000000b8/AdsDynamite.apk Binary XML file line #5
01-06 21:24:37.329  3007  3924 W PackageParser: Unknown element under <manifest>: queries at /data/user_de/0/com.google.android.gms/app_chimera/m/000000c0/dl-AdsFdrDynamite.integ_204204100100000.apk Binary XML file line #5
01-06 21:24:37.445  3007  3924 W PackageParser: Unknown element under <manifest>: queries at /data/user_de/0/com.google.android.gms/app_chimera/m/000000a6/dl-Payments.integ_202112000100400.apk Binary XML file line #5
01-06 21:24:38.184  3007  3924 W PackageParser: Unknown element under <manifest>: queries at /data/user_de/0/com.google.android.gms/app_chimera/m/000000b8/AdsDynamite.apk Binary XML file line #5
01-06 21:24:38.279  3007  3924 W PackageParser: Unknown element under <manifest>: queries at /data/user_de/0/com.google.android.gms/app_chimera/m/000000c0/dl-AdsFdrDynamite.integ_204204100100000.apk Binary XML file line #5
01-06 21:24:38.315  1363  4389 I chatty  : uid=1000 system_server expire 3 lines
01-06 21:24:39.301  3007  4402 W PackageParser: Unknown element under <manifest>: queries at /data/user_de/0/com.google.android.gms/app_chimera/m/000000c0/dl-AdsFdrDynamite.integ_204204100100000.apk Binary XML file line #5
01-06 21:24:40.162  3007  4402 W PackageParser: Unknown element under <manifest>: queries at /data/user_de/0/com.google.android.gms/app_chimera/m/000000b8/AdsDynamite.apk Binary XML file line #5
01-06 21:24:40.187  1363  1404 I chatty  : uid=1000(system) ActivityManager expire 80 lines
01-06 21:24:40.272  2000  2000 I TelecomFramework: : Carrier-config changed, checking for phone account updates.
01-06 21:24:40.413  2419  4514 E ActivityThread: Failed to find provider info for instantapp-dev-manager
01-06 21:24:40.607  3007  4402 W PackageParser: Unknown element under <manifest>: queries at /data/user_de/0/com.google.android.gms/app_chimera/m/000000a6/dl-Payments.integ_202112000100400.apk Binary XML file line #5
01-06 21:24:41.673  2802  2802 W ContextImpl: Calling a method in the system process without a qualified user: android.app.ContextImpl.startService:1570 android.content.ContextWrapper.startService:669 android.content.ContextWrapper.startService:669 com.google.SSRestartDetector.SSRestartDetectorAutoboot.onReceive:43 android.app.ActivityThread.handleReceiver:3788 
01-06 21:24:41.775  3007  4402 W PackageParser: Unknown element under <manifest>: queries at /data/user_de/0/com.google.android.gms/app_chimera/m/000000b3/dl-Payments.integ_202390001100400.apk Binary XML file line #5
01-06 21:24:42.184  1363  1394 I chatty  : uid=1000(system) android.fg expire 22 lines
01-06 21:24:44.582  1363  5080 I chatty  : uid=1000(system) Binder:1363_10 expire 19 lines
01-06 21:24:44.619  1363  1729 I chatty  : uid=1000(system) ConnectivitySer expire 41 lines
01-06 21:24:44.914  3007  4402 W PackageParser: Unknown element under <manifest>: queries at /data/user_de/0/com.google.android.gms/app_chimera/m/000000b8/AdsDynamite.apk Binary XML file line #5
01-06 21:24:44.999  3007  4402 W PackageParser: Unknown element under <manifest>: queries at /data/user_de/0/com.google.android.gms/app_chimera/m/000000c0/dl-AdsFdrDynamite.integ_204204100100000.apk Binary XML file line #5
01-06 21:24:45.033  3007  4402 W PackageParser: Unknown element under <manifest>: queries at /data/user_de/0/com.google.android.gms/app_chimera/m/000000b3/dl-Payments.integ_202390001100400.apk Binary XML file line #5
01-06 21:24:45.419  3007  4402 W PackageParser: Unknown element under <manifest>: queries at /data/user_de/0/com.google.android.gms/app_chimera/m/000000b8/AdsDynamite.apk Binary XML file line #5
01-06 21:24:45.484  3007  4402 W PackageParser: Unknown element under <manifest>: queries at /data/user_de/0/com.google.android.gms/app_chimera/m/000000c0/dl-AdsFdrDynamite.integ_204204100100000.apk Binary XML file line #5
01-06 21:24:45.516  3007  4402 W PackageParser: Unknown element under <manifest>: queries at /data/user_de/0/com.google.android.gms/app_chimera/m/000000a6/dl-Payments.integ_202112000100400.apk Binary XML file line #5
01-06 21:24:45.759  3007  4402 W PackageParser: Unknown element under <manifest>: queries at /data/user_de/0/com.google.android.gms/app_chimera/m/000000b8/AdsDynamite.apk Binary XML file line #5
01-06 21:24:45.859  1363  5249 I chatty  : uid=1000(system) Binder:1363_11 expire 11 lines
01-06 21:24:45.882  3007  4402 W PackageParser: Unknown element under <manifest>: queries at /data/user_de/0/com.google.android.gms/app_chimera/m/000000c0/dl-AdsFdrDynamite.integ_204204100100000.apk Binary XML file line #5
01-06 21:24:46.178  1363  5257 I chatty  : uid=1000(system) Binder:1363_12 expire 10 lines
01-06 21:24:49.239  1363  1713 I chatty  : uid=1000(system) NetworkWatchlis expire 3 lines
01-06 21:24:52.389  1363  1386 I chatty  : uid=1000(system) Binder:1363_1 expire 10 lines
01-06 21:24:52.630  1363  1363 I chatty  : uid=1000 system_server expire 16 lines
01-06 21:24:53.233  1363  5731 I chatty  : uid=1000(system) Binder:1363_13 expire 12 lines
01-06 21:24:53.576  1363  1932 I chatty  : uid=1000(system) Binder:1363_8 expire 10 lines
01-06 21:24:53.879  1363  5767 I chatty  : uid=1000(system) Binder:1363_14 expire 17 lines
01-06 21:24:56.696  1363  1397 I chatty  : uid=1000(system) android.display expire 11 lines
01-06 21:24:56.740  1363  1806 I chatty  : uid=1000(system) Binder:1363_4 expire 6 lines
01-06 21:24:57.721  1363  5981 I chatty  : uid=1000(system) Binder:1363_15 expire 10 lines
01-06 21:25:00.963  1363  1403 I chatty  : uid=1000(system) ActivityManager expire 18 lines
01-06 21:25:05.070  1363  6752 I chatty  : uid=1000(system) Binder:1363_16 expire 13 lines
01-06 21:25:05.547  1363  2760 I chatty  : uid=1000(system) Binder:1363_C expire 13 lines
01-06 21:25:06.771  1363  1917 I chatty  : uid=1000(system) Binder:1363_7 expire 18 lines
01-06 21:25:07.693  1363  7112 I chatty  : uid=1000(system) Binder:1363_17 expire 10 lines
01-06 21:25:09.830  1363  1916 I chatty  : uid=1000(system) Binder:1363_6 expire 13 lines
01-06 21:25:15.079  1363  7805 I chatty  : uid=1000(system) Binder:1363_18 expire 11 lines
01-06 21:25:15.368  3007  7926 W PackageParser: Unknown element under <manifest>: queries at /data/user_de/0/com.google.android.gms/app_chimera/m/000000b8/AdsDynamite.apk Binary XML file line #5
01-06 21:25:15.442  3007  7926 W PackageParser: Unknown element under <manifest>: queries at /data/user_de/0/com.google.android.gms/app_chimera/m/000000c0/dl-AdsFdrDynamite.integ_204204100100000.apk Binary XML file line #5
01-06 21:25:15.492  3007  7926 W PackageParser: Unknown element under <manifest>: queries at /data/user_de/0/com.google.android.gms/app_chimera/m/000000b3/dl-Payments.integ_202390001100400.apk Binary XML file line #5
01-06 21:25:15.683  3007  7926 W PackageParser: Unknown element under <manifest>: queries at /data/user_de/0/com.google.android.gms/app_chimera/m/000000b8/AdsDynamite.apk Binary XML file line #5
01-06 21:25:15.757  3007  7926 W PackageParser: Unknown element under <manifest>: queries at /data/user_de/0/com.google.android.gms/app_chimera/m/000000c0/dl-AdsFdrDynamite.integ_204204100100000.apk Binary XML file line #5
01-06 21:25:15.793  3007  7926 W PackageParser: Unknown element under <manifest>: queries at /data/user_de/0/com.google.android.gms/app_chimera/m/000000a6/dl-Payments.integ_202112000100400.apk Binary XML file line #5
01-06 21:25:16.014  3007  7926 W PackageParser: Unknown element under <manifest>: queries at /data/user_de/0/com.google.android.gms/app_chimera/m/000000b8/AdsDynamite.apk Binary XML file line #5
01-06 21:25:16.079  3007  7926 W PackageParser: Unknown element under <manifest>: queries at /data/user_de/0/com.google.android.gms/app_chimera/m/000000c0/dl-AdsFdrDynamite.integ_204204100100000.apk Binary XML file line #5
01-06 21:25:16.657  3007  3735 W PackageParser: Unknown element under <manifest>: queries at /data/user_de/0/com.google.android.gms/app_chimera/m/000000b8/AdsDynamite.apk Binary XML file line #5
01-06 21:25:16.870  3007  3735 W PackageParser: Unknown element under <manifest>: queries at /data/user_de/0/com.google.android.gms/app_chimera/m/000000c0/dl-AdsFdrDynamite.integ_204204100100000.apk Binary XML file line #5
01-06 21:25:16.915  3007  3735 W PackageParser: Unknown element under <manifest>: queries at /data/user_de/0/com.google.android.gms/app_chimera/m/000000b3/dl-Payments.integ_202390001100400.apk Binary XML file line #5
01-06 21:25:17.132  3007  3735 W PackageParser: Unknown element under <manifest>: queries at /data/user_de/0/com.google.android.gms/app_chimera/m/000000b8/AdsDynamite.apk Binary XML file line #5
01-06 21:25:17.171  3007  3735 W PackageParser: Unknown element under <manifest>: queries at /data/user_de/0/com.google.android.gms/app_chimera/m/000000c0/dl-AdsFdrDynamite.integ_204204100100000.apk Binary XML file line #5
01-06 21:25:17.190  3007  3735 W PackageParser: Unknown element under <manifest>: queries at /data/user_de/0/com.google.android.gms/app_chimera/m/000000a6/dl-Payments.integ_202112000100400.apk Binary XML file line #5
01-06 21:25:17.433  3007  3735 W PackageParser: Unknown element under <manifest>: queries at /data/user_de/0/com.google.android.gms/app_chimera/m/000000b8/AdsDynamite.apk Binary XML file line #5
01-06 21:25:17.489  3007  3735 W PackageParser: Unknown element under <manifest>: queries at /data/user_de/0/com.google.android.gms/app_chimera/m/000000c0/dl-AdsFdrDynamite.integ_204204100100000.apk Binary XML file line #5
01-06 21:25:47.449  1363  1446 I chatty  : uid=1000(system) PackageManager expire 126 lines
01-06 21:25:54.144  1363  8393 I chatty  : uid=1000(system) Binder:1363_19 expire 12 lines
01-06 21:26:00.098  1363  1403 I chatty  : uid=1000(system) ActivityManager expire 37 lines
01-06 21:26:00.207  1363  2797 I chatty  : uid=1000(system) Binder:1363_E expire 10 lines
01-06 21:26:00.225  1363  1404 I chatty  : uid=1000(system) ActivityManager expire 10 lines
01-06 21:26:00.477  1363  1402 I chatty  : uid=1000(system) android.bg expire 10 lines
01-06 21:26:00.817  1363  1387 I chatty  : uid=1000(system) Binder:1363_2 expire 19 lines
01-06 21:26:01.414  1363  2746 I chatty  : uid=1000(system) Binder:1363_B expire 10 lines
01-06 21:26:01.414  1363  1729 I chatty  : uid=1000(system) ConnectivitySer expire 23 lines
01-06 21:26:04.445  1363  1715 I chatty  : uid=1000(system) Binder:1363_3 expire 13 lines
01-06 21:26:04.500  1363  2762 I chatty  : uid=1000(system) Binder:1363_D expire 12 lines
01-06 21:26:04.621  1363  8465 I chatty  : uid=1000(system) Binder:1363_1A expire 12 lines
01-06 21:26:10.132  1363  1704 I chatty  : uid=1000(system) AlarmManager expire 1 line
01-06 21:26:13.939  1779  8884 D PowerUI : can't show warning due to - plugged: true status unknown: false
01-06 21:26:18.630  1779  8907 D PowerUI : can't show warning due to - plugged: true status unknown: false
01-06 21:26:25.498  1363  5767 I chatty  : uid=1000(system) Binder:1363_14 expire 11 lines
01-06 21:27:08.922  1363  1917 I chatty  : uid=1000(system) Binder:1363_7 expire 12 lines
01-06 21:27:08.972  1363  2798 I chatty  : uid=1000(system) Binder:1363_F expire 13 lines
01-06 21:27:13.935  1779  9156 D PowerUI : can't show warning due to - plugged: true status unknown: false
01-06 21:27:18.533  1363  1403 I chatty  : uid=1000(system) ActivityManager expire 16 lines
01-06 21:27:18.580  1363  2139 I chatty  : uid=1000(system) Binder:1363_9 expire 10 lines
01-06 21:28:14.091  1779  9222 D PowerUI : can't show warning due to - plugged: true status unknown: false
01-06 21:29:11.215  1363  1404 I chatty  : uid=1000(system) ActivityManager expire 16 lines
01-06 21:29:13.937  1779  9358 D PowerUI : can't show warning due to - plugged: true status unknown: false
01-06 21:29:40.598  1779  9366 D PowerUI : can't show warning due to - plugged: true status unknown: false
01-06 21:30:13.935  1779  2500 D PowerUI : can't show warning due to - plugged: true status unknown: false
01-06 21:31:13.935  1779  7813 D PowerUI : can't show warning due to - plugged: true status unknown: false
01-06 21:31:15.637  1363  1363 I chatty  : uid=1000 system_server expire 17 lines
01-06 21:31:49.139  1363  1397 I chatty  : uid=1000(system) android.display expire 12 lines
01-06 21:32:13.941  1779  8884 D PowerUI : can't show warning due to - plugged: true status unknown: false
01-06 21:32:15.177  1363  1398 I chatty  : uid=1000(system) android.anim expire 6 lines
01-06 21:32:20.427  1363  9090 I chatty  : uid=1000(system) Binder:1363_1D expire 15 lines
01-06 21:32:21.668  9499  9499 I ActivityThread: handleStopService: token=android.os.BinderProxy@673f1ff not found.
01-06 21:32:23.204  1363  9482 I chatty  : uid=1000(system) Binder:1363_20 expire 10 lines
01-06 21:33:13.931  1779  8907 D PowerUI : can't show warning due to - plugged: true status unknown: false
01-06 21:34:13.938  1779  9156 D PowerUI : can't show warning due to - plugged: true status unknown: false
01-06 21:34:20.017  1363  2221 I chatty  : uid=1000(system) HwBinder:1363_5 expire 11 lines
01-06 21:34:37.524  1363  5731 I chatty  : uid=1000(system) Binder:1363_13 expire 9 lines
01-06 21:34:39.308  1363  1708 I chatty  : uid=1000(system) HwBinder:1363_2 expire 4 lines
01-06 21:34:45.731  1363  1707 I chatty  : uid=1000(system) InputReader expire 10 lines
01-06 21:35:02.223  1363  1397 I chatty  : uid=1000(system) android.display expire 19 lines
01-06 21:35:04.365   995   995 E wificond: Timeout waiting for netlink reply messages
01-06 21:35:04.366   995   995 E wificond: NL80211_CMD_GET_WIPHY dump failed
01-06 21:35:04.366   995   995 E wificond: Failed to get wiphy info from kernel
01-06 21:35:04.370   995   995 E wificond: Failed to read packet from buffer
01-06 21:35:04.370   995   995 W wificond: No handler for message: 499
01-06 21:35:04.670   995   995 E wificond: Failed to poll netlink fd: time out 
01-06 21:35:06.122  1363  9474 I chatty  : uid=1000(system) Binder:1363_1F expire 13 lines
01-06 21:35:12.594   995   995 I wificond: Received external scan result notification from kernel.
01-06 21:35:22.250  1363  1363 I chatty  : uid=1000 system_server expire 14 lines
01-06 21:35:42.711   995   995 W wificond: No pno scan started
01-06 21:35:42.711   995   995 W wificond: Scheduled scan is not running!
01-06 21:35:42.725   854   854 W vendor.google.wifi_ext@1.0-service-vendor: No active wlan interfaces in use! Using default
01-06 21:35:42.881   995   995 I wificond: Unsubscribe scan result for interface with index: 30
01-06 21:35:42.944   854  2223 I vendor.google.wifi_ext@1.0-service-vendor: Legacy HAL stop complete callback received
01-06 21:35:42.950   854   854 I vendor.google.wifi_ext@1.0-service-vendor: Wifi HAL stopped
01-06 21:35:42.951  1363  1729 I chatty  : uid=1000(system) ConnectivitySer expire 23 lines
01-06 21:36:52.117  1363  1772 I chatty  : uid=1000(system) UsbService host expire 5 lines
01-06 21:38:33.273  1363  1396 I chatty  : uid=1000(system) android.io expire 3 lines
01-06 21:38:33.287  1779  9358 D PowerUI : can't show warning due to - plugged: true status unknown: false
01-06 21:38:33.292  1363  1403 I chatty  : uid=1000(system) ActivityManager expire 17 lines
01-06 21:38:33.630  1363  1394 I chatty  : uid=1000(system) android.fg expire 16 lines
01-06 21:38:33.812  1779  2500 D PowerUI : can't show warning due to - plugged: true status unknown: false
01-06 21:38:33.856  1779  7813 D PowerUI : can't show warning due to - plugged: true status unknown: false
01-06 21:38:35.451  1779  8884 D PowerUI : can't show warning due to - plugged: true status unknown: false
01-06 21:38:35.760  1363  2221 I chatty  : uid=1000(system) HwBinder:1363_5 expire 1 line
01-06 21:39:14.482  1363  1363 I chatty  : uid=1000 system_server expire 11 lines
01-06 21:39:33.268  1779  8907 D PowerUI : can't show warning due to - plugged: true status unknown: false
01-06 21:39:56.633   854   854 I vendor.google.wifi_ext@1.0-service-vendor: Wifi HAL started
01-06 21:39:56.944   854   854 I vendor.google.wifi_ext@1.0-service-vendor: Adding interface handle for wlan0
01-06 21:39:56.944   854   854 I vendor.google.wifi_ext@1.0-service-vendor: Adding interface handle for p2p0
01-06 21:39:56.944   854   854 I vendor.google.wifi_ext@1.0-service-vendor: Adding interface handle for wlan1
01-06 21:39:56.944   854   854 W vendor.google.wifi_ext@1.0-service-vendor: No active wlan interfaces in use! Using default
01-06 21:39:56.944   854   854 W vendor.google.wifi_ext@1.0-service-vendor: No active wlan interfaces in use! Using default
01-06 21:39:56.946   854   854 I vendor.google.wifi_ext@1.0-service-vendor: Configured chip in mode 3
01-06 21:39:56.947   854   854 W vendor.google.wifi_ext@1.0-service-vendor: No active wlan interfaces in use! Using default
01-06 21:39:56.950   854   854 W vendor.google.wifi_ext@1.0-service-vendor: No active wlan interfaces in use! Using default
01-06 21:39:56.964   995   995 I wificond: create scanner for interface with index: 30
01-06 21:39:56.965   995   995 I wificond: subscribe scan result for interface with index: 30
01-06 21:39:56.968   995   995 E wificond: No Offload Service available
01-06 21:39:56.968   995   995 I wificond: Offload HAL not supported 
01-06 21:39:59.752   995   995 W wificond: Scan is not started. Ignore abort request
01-06 21:40:01.154  1363  8742 I chatty  : uid=1000(system) Binder:1363_1B expire 14 lines
01-06 21:40:07.524  1363  1807 I chatty  : uid=1000(system) Binder:1363_5 expire 14 lines
01-06 21:40:33.300  1779  9156 D PowerUI : can't show warning due to - plugged: true status unknown: false
01-06 21:40:35.221  1779  9222 D PowerUI : can't show warning due to - plugged: true status unknown: false
01-06 21:40:37.806 10459 10459 D ActivityThread: Loading provider contacts;com.android.contacts: com.android.providers.contacts.ContactsProvider2
01-06 21:40:48.289  1363  1404 I chatty  : uid=1000(system) ActivityManager expire 11 lines
01-06 21:41:04.675  1363  7112 I chatty  : uid=1000(system) Binder:1363_17 expire 11 lines
01-06 21:41:33.291  1779  9358 D PowerUI : can't show warning due to - plugged: true status unknown: false
01-06 21:42:15.939  1779  9366 D PowerUI : can't show warning due to - plugged: true status unknown: false
01-06 21:42:29.713  1363  1729 I chatty  : uid=1000(system) ConnectivitySer expire 10 lines
01-06 21:42:33.291  1779  2500 D PowerUI : can't show warning due to - plugged: true status unknown: false
01-06 21:43:33.280  1779  7813 D PowerUI : can't show warning due to - plugged: true status unknown: false
01-06 21:44:33.293  1779  8884 D PowerUI : can't show warning due to - plugged: true status unknown: false
01-06 21:44:43.764  1363  1397 I chatty  : uid=1000(system) android.display expire 13 lines
01-06 21:45:33.385  1779  8907 D PowerUI : can't show warning due to - plugged: true status unknown: false
01-06 21:46:24.587  1779  9156 D PowerUI : can't show warning due to - plugged: true status unknown: false
01-06 21:46:33.280  1779  9222 D PowerUI : can't show warning due to - plugged: true status unknown: false
01-06 21:47:33.279  1779  9358 D PowerUI : can't show warning due to - plugged: true status unknown: false
01-06 21:48:18.025  1363  1435 I chatty  : uid=1000(system) PowerManagerSer expire 17 lines
01-06 21:48:29.902  1363  8801 I chatty  : uid=1000(system) Binder:1363_1C expire 11 lines
01-06 21:48:33.341  1779  9366 D PowerUI : can't show warning due to - plugged: true status unknown: false
01-06 21:48:33.553  1363  1446 I chatty  : uid=1000(system) PackageManager expire 58 lines
01-06 21:48:39.029   596  2551 I chatty  : uid=0(root) Binder:596_6 expire 1 line
01-06 21:48:39.055   596   596 I chatty  : uid=0(root) Binder:596_2 expire 1 line
01-06 21:48:39.076   596   665 I chatty  : uid=0(root) Binder:596_5 expire 1 line
01-06 21:48:39.104  1363  1363 I chatty  : uid=1000 system_server expire 10 lines
01-06 21:48:39.151  1363  1729 I chatty  : uid=1000(system) ConnectivitySer expire 11 lines
01-06 21:48:39.162  1363  1403 I chatty  : uid=1000(system) ActivityManager expire 10 lines
01-06 21:48:47.895  1363  2553 I chatty  : uid=1000(system) Binder:1363_A expire 14 lines
01-06 21:49:33.274  1779  2500 D PowerUI : can't show warning due to - plugged: true status unknown: false
01-06 21:50:33.271  1779  7813 D PowerUI : can't show warning due to - plugged: true status unknown: false
01-06 21:51:33.274  1779  8884 D PowerUI : can't show warning due to - plugged: true status unknown: false
01-06 21:51:50.912  1363  1363 I chatty  : uid=1000 system_server expire 10 lines
--------- beginning of crash
01-06 21:52:09.242 11306 11306 F libc    : Fatal signal 11 (SIGSEGV), code 1 (SEGV_MAPERR), fault addr 0x68 in tid 11306 (osaurus.sonobus), pid 11306 (osaurus.sonobus)
01-06 21:52:09.346 11475 11475 F DEBUG   : *** *** *** *** *** *** *** *** *** *** *** *** *** *** *** ***
01-06 21:52:09.346 11475 11475 F DEBUG   : Build fingerprint: 'google/sargo/sargo:10/QQ3A.200605.002/6416773:user/release-keys'
01-06 21:52:09.346 11475 11475 F DEBUG   : Revision: 'MP1.0'
01-06 21:52:09.346 11475 11475 F DEBUG   : ABI: 'arm64'
01-06 21:52:09.347 11475 11475 F DEBUG   : Timestamp: 2021-01-06 21:52:09-0500
01-06 21:52:09.347 11475 11475 F DEBUG   : pid: 11306, tid: 11306, name: osaurus.sonobus  >>> com.sonosaurus.sonobus <<<
01-06 21:52:09.347 11475 11475 F DEBUG   : uid: 10216
01-06 21:52:09.347 11475 11475 F DEBUG   : signal 11 (SIGSEGV), code 1 (SEGV_MAPERR), fault addr 0x68
01-06 21:52:09.347 11475 11475 F DEBUG   : Cause: null pointer dereference
01-06 21:52:09.347 11475 11475 F DEBUG   :     x0  0000000000000000  x1  0000000000000000  x2  0000000000000000  x3  0000007caca03180
01-06 21:52:09.347 11475 11475 F DEBUG   :     x4  0000007cac9900a0  x5  0000007cac9900c0  x6  0000007caca03200  x7  0000007caca031e0
01-06 21:52:09.347 11475 11475 F DEBUG   :     x8  0000000000000000  x9  0000000000000001  x10 0000000000004001  x11 0000000000000000
01-06 21:52:09.347 11475 11475 F DEBUG   :     x12 0000007caca03160  x13 0000007caca031a0  x14 0000000000000001  x15 00000000000000ff
01-06 21:52:09.347 11475 11475 F DEBUG   :     x16 0000007bc1cdad40  x17 0000007cab5c0018  x18 0000007cad5f0000  x19 0000007c172a9f58
01-06 21:52:09.347 11475 11475 F DEBUG   :     x20 0000000000000000  x21 0000007c17324de0  x22 0000007ff025d77c  x23 00000000000000d1
01-06 21:52:09.347 11475 11475 F DEBUG   :     x24 0000000000000000  x25 0000007caca8e6c0  x26 0000007caca03400  x27 0000007caccc5020
01-06 21:52:09.347 11475 11475 F DEBUG   :     x28 0000007bc1cf5170  x29 0000007ff025d630
01-06 21:52:09.347 11475 11475 F DEBUG   :     sp  0000007ff025d610  lr  0000007bc188a564  pc  0000007bc188a56c
01-06 21:52:09.760 11475 11475 F DEBUG   : 
01-06 21:52:09.760 11475 11475 F DEBUG   : backtrace:
01-06 21:52:09.760 11475 11475 F DEBUG   :       #00 pc 00000000008bb56c  /data/app/com.sonosaurus.sonobus-jWxIH6Y04D34Xh0w0Hw1bg==/lib/arm64/libjuce_jni.so (juce::OpenGLContext::detach()+64) (BuildId: 96f21d6ed53fe59451b307322b60670ec6aae423)
01-06 21:52:09.761 11475 11475 F DEBUG   :       #01 pc 0000000000482318  /data/app/com.sonosaurus.sonobus-jWxIH6Y04D34Xh0w0Hw1bg==/lib/arm64/libjuce_jni.so (juce::SonobusStandaloneFilterApp::~SonobusStandaloneFilterApp()+64) (BuildId: 96f21d6ed53fe59451b307322b60670ec6aae423)
01-06 21:52:09.761 11475 11475 F DEBUG   :       #02 pc 00000000004824f4  /data/app/com.sonosaurus.sonobus-jWxIH6Y04D34Xh0w0Hw1bg==/lib/arm64/libjuce_jni.so (juce::SonobusStandaloneFilterApp::~SonobusStandaloneFilterApp()+16) (BuildId: 96f21d6ed53fe59451b307322b60670ec6aae423)
01-06 21:52:09.761 11475 11475 F DEBUG   :       #03 pc 00000000006b0398  /data/app/com.sonosaurus.sonobus-jWxIH6Y04D34Xh0w0Hw1bg==/lib/arm64/libjuce_jni.so (juce::JUCEApplicationBase::appWillTerminateByForce()+72) (BuildId: 96f21d6ed53fe59451b307322b60670ec6aae423)
01-06 21:52:09.761 11475 11475 F DEBUG   :       #04 pc 00000000006bd6b4  /data/app/com.sonosaurus.sonobus-jWxIH6Y04D34Xh0w0Hw1bg==/lib/arm64/libjuce_jni.so (juce::JuceAppLifecycle::onActivityDestroyed(_jobject*)+120) (BuildId: 96f21d6ed53fe59451b307322b60670ec6aae423)
01-06 21:52:09.761 11475 11475 F DEBUG   :       #05 pc 000000000060ae4c  /data/app/com.sonosaurus.sonobus-jWxIH6Y04D34Xh0w0Hw1bg==/lib/arm64/libjuce_jni.so (juce::ActivityLifecycleCallbacks::invoke(_jobject*, _jobject*, _jobjectArray*)+1156) (BuildId: 96f21d6ed53fe59451b307322b60670ec6aae423)
01-06 21:52:09.761 11475 11475 F DEBUG   :       #06 pc 0000000002000de8  /memfd:/jit-cache (deleted) (art_jni_trampoline+216)
01-06 21:52:09.761 11475 11475 F DEBUG   :       #07 pc 0000000002000420  /memfd:/jit-cache (deleted) (com.rmsl.juce.JuceInvocationHandler.invoke+80)
01-06 21:52:09.761 11475 11475 F DEBUG   :       #08 pc 00000000001aed6c  /system/framework/arm64/boot.oat (java.lang.reflect.Proxy.invoke+92) (BuildId: 3ac9ca66a99f96bfe2251d3af092afd975a96ddd)
01-06 21:52:09.761 11475 11475 F DEBUG   :       #09 pc 00000000001365b8  /apex/com.android.runtime/lib64/libart.so (art_quick_invoke_static_stub+568) (BuildId: f9ff276075287a1d376fcd141f6042aa)
01-06 21:52:09.761 11475 11475 F DEBUG   :       #10 pc 000000000014508c  /apex/com.android.runtime/lib64/libart.so (art::ArtMethod::Invoke(art::Thread*, unsigned int*, unsigned int, art::JValue*, char const*)+276) (BuildId: f9ff276075287a1d376fcd141f6042aa)
01-06 21:52:09.761 11475 11475 F DEBUG   :       #11 pc 00000000004a9110  /apex/com.android.runtime/lib64/libart.so (art::(anonymous namespace)::InvokeWithArgArray(art::ScopedObjectAccessAlreadyRunnable const&, art::ArtMethod*, art::(anonymous namespace)::ArgArray*, art::JValue*, char const*)+104) (BuildId: f9ff276075287a1d376fcd141f6042aa)
01-06 21:52:09.761 11475 11475 F DEBUG   :       #12 pc 00000000004a9db8  /apex/com.android.runtime/lib64/libart.so (art::InvokeWithJValues(art::ScopedObjectAccessAlreadyRunnable const&, _jobject*, _jmethodID*, jvalue const*)+400) (BuildId: f9ff276075287a1d376fcd141f6042aa)
01-06 21:52:09.761 11475 11475 F DEBUG   :       #13 pc 00000000003aa0d0  /apex/com.android.runtime/lib64/libart.so (art::JNI::CallStaticObjectMethodA(_JNIEnv*, _jclass*, _jmethodID*, jvalue const*)+620) (BuildId: f9ff276075287a1d376fcd141f6042aa)
01-06 21:52:09.761 11475 11475 F DEBUG   :       #14 pc 0000000000568e08  /apex/com.android.runtime/lib64/libart.so (art::InvokeProxyInvocationHandler(art::ScopedObjectAccessAlreadyRunnable&, char const*, _jobject*, _jobject*, std::__1::vector<jvalue, std::__1::allocator<jvalue>>&)+664) (BuildId: f9ff276075287a1d376fcd141f6042aa)
01-06 21:52:09.761 11475 11475 F DEBUG   :       #15 pc 0000000000589ea4  /apex/com.android.runtime/lib64/libart.so (artQuickProxyInvokeHandler+1060) (BuildId: f9ff276075287a1d376fcd141f6042aa)
01-06 21:52:09.761 11475 11475 F DEBUG   :       #16 pc 000000000013eefc  /apex/com.android.runtime/lib64/libart.so (art_quick_proxy_invoke_handler+76) (BuildId: f9ff276075287a1d376fcd141f6042aa)
01-06 21:52:09.761 11475 11475 F DEBUG   :       #17 pc 00000000005b7d10  /system/framework/arm64/boot-framework.oat (android.app.Application.dispatchActivityDestroyed+176) (BuildId: 8dd360e7ac2513f6c21e6f05c4163646b3e394be)
01-06 21:52:09.761 11475 11475 F DEBUG   :       #18 pc 00000000006a286c  /system/framework/arm64/boot-framework.oat (android.app.Activity.onDestroy+892) (BuildId: 8dd360e7ac2513f6c21e6f05c4163646b3e394be)
01-06 21:52:09.761 11475 11475 F DEBUG   :       #19 pc 00000000006a4aac  /system/framework/arm64/boot-framework.oat (android.app.Activity.performDestroy+316) (BuildId: 8dd360e7ac2513f6c21e6f05c4163646b3e394be)
01-06 21:52:09.761 11475 11475 F DEBUG   :       #20 pc 00000000003da5f4  /system/framework/arm64/boot-framework.oat (android.app.Instrumentation.callActivityOnDestroy+52) (BuildId: 8dd360e7ac2513f6c21e6f05c4163646b3e394be)
01-06 21:52:09.762 11475 11475 F DEBUG   :       #21 pc 00000000004cf71c  /system/framework/arm64/boot-framework.oat (android.app.ActivityThread.performDestroyActivity+828) (BuildId: 8dd360e7ac2513f6c21e6f05c4163646b3e394be)
01-06 21:52:09.762 11475 11475 F DEBUG   :       #22 pc 00000000004cbcdc  /system/framework/arm64/boot-framework.oat (android.app.ActivityThread.handleDestroyActivity+92) (BuildId: 8dd360e7ac2513f6c21e6f05c4163646b3e394be)
01-06 21:52:09.762 11475 11475 F DEBUG   :       #23 pc 00000000006c3338  /system/framework/arm64/boot-framework.oat (android.app.servertransaction.DestroyActivityItem.execute+136) (BuildId: 8dd360e7ac2513f6c21e6f05c4163646b3e394be)
01-06 21:52:09.762 11475 11475 F DEBUG   :       #24 pc 00000000004031f4  /system/framework/arm64/boot-framework.oat (android.app.servertransaction.TransactionExecutor.executeLifecycleState+340) (BuildId: 8dd360e7ac2513f6c21e6f05c4163646b3e394be)
