01-07 12:45:54.224 11783 11783 F DEBUG   :       #82 pc 0000000000130814  /apex/com.android.runtime/lib64/libart.so (mterp_op_invoke_virtual+20) (BuildId: f9ff276075287a1d376fcd141f6042aa)
01-07 12:45:54.224 11783 11783 F DEBUG   :       #83 pc 0000000000350e1a  /system/framework/framework.jar (com.android.internal.os.RuntimeInit$MethodAndArgsCaller.run+22)
01-07 12:45:54.224 11783 11783 F DEBUG   :       #84 pc 00000000002afd20  /apex/com.android.runtime/lib64/libart.so (_ZN3art11interpreterL7ExecuteEPNS_6ThreadERKNS_20CodeItemDataAccessorERNS_11ShadowFrameENS_6JValueEbb.llvm.1271440803783865717+240) (BuildId: f9ff276075287a1d376fcd141f6042aa)
01-07 12:45:54.224 11783 11783 F DEBUG   :       #85 pc 0000000000588e8c  /apex/com.android.runtime/lib64/libart.so (artQuickToInterpreterBridge+1012) (BuildId: f9ff276075287a1d376fcd141f6042aa)
01-07 12:45:54.224 11783 11783 F DEBUG   :       #86 pc 000000000013f468  /apex/com.android.runtime/lib64/libart.so (art_quick_to_interpreter_bridge+88) (BuildId: f9ff276075287a1d376fcd141f6042aa)
01-07 12:45:54.224 11783 11783 F DEBUG   :       #87 pc 00000000009b13fc  /system/framework/arm64/boot-framework.oat (com.android.internal.os.ZygoteInit.main+2076) (BuildId: 8dd360e7ac2513f6c21e6f05c4163646b3e394be)
01-07 12:45:54.224 11783 11783 F DEBUG   :       #88 pc 00000000001365b8  /apex/com.android.runtime/lib64/libart.so (art_quick_invoke_static_stub+568) (BuildId: f9ff276075287a1d376fcd141f6042aa)
01-07 12:45:54.224 11783 11783 F DEBUG   :       #89 pc 000000000014508c  /apex/com.android.runtime/lib64/libart.so (art::ArtMethod::Invoke(art::Thread*, unsigned int*, unsigned int, art::JValue*, char const*)+276) (BuildId: f9ff276075287a1d376fcd141f6042aa)
01-07 12:45:54.224 11783 11783 F DEBUG   :       #90 pc 00000000004a9110  /apex/com.android.runtime/lib64/libart.so (art::(anonymous namespace)::InvokeWithArgArray(art::ScopedObjectAccessAlreadyRunnable const&, art::ArtMethod*, art::(anonymous namespace)::ArgArray*, art::JValue*, char const*)+104) (BuildId: f9ff276075287a1d376fcd141f6042aa)
01-07 12:45:54.224 11783 11783 F DEBUG   :       #91 pc 00000000004a8d7c  /apex/com.android.runtime/lib64/libart.so (art::InvokeWithVarArgs(art::ScopedObjectAccessAlreadyRunnable const&, _jobject*, _jmethodID*, std::__va_list)+408) (BuildId: f9ff276075287a1d376fcd141f6042aa)
01-07 12:45:54.224 11783 11783 F DEBUG   :       #92 pc 00000000003b6160  /apex/com.android.runtime/lib64/libart.so (art::JNI::CallStaticVoidMethodV(_JNIEnv*, _jclass*, _jmethodID*, std::__va_list)+628) (BuildId: f9ff276075287a1d376fcd141f6042aa)
01-07 12:45:54.224 11783 11783 F DEBUG   :       #93 pc 00000000000be560  /system/lib64/libandroid_runtime.so (_JNIEnv::CallStaticVoidMethod(_jclass*, _jmethodID*, ...)+116) (BuildId: a4deef8d84f80b74d5707e20f76e8091)
01-07 12:45:54.224 11783 11783 F DEBUG   :       #94 pc 00000000000c1434  /system/lib64/libandroid_runtime.so (android::AndroidRuntime::start(char const*, android::Vector<android::String8> const&, bool)+780) (BuildId: a4deef8d84f80b74d5707e20f76e8091)
01-07 12:45:54.224 11783 11783 F DEBUG   :       #95 pc 00000000000034e0  /system/bin/app_process64 (main+1168) (BuildId: e7b904a71a1cdf25c7a6206f850cf378)
01-07 12:45:54.224 11783 11783 F DEBUG   :       #96 pc 000000000007d780  /apex/com.android.runtime/lib64/bionic/libc.so (__libc_init+108) (BuildId: 8de865099c99977483c8947f9b7937e9)
01-07 12:45:54.556  1363 11786 W ActivityTaskManager:   Force finishing activity com.sonosaurus.sonobus/com.rmsl.juce.JuceActivity
01-07 12:45:54.556  1363 11787 I DropBoxManagerService: add tag=data_app_native_crash isTagEnabled=true flags=0x2
01-07 12:45:54.560  1363  1430 I BootReceiver: Copying /data/tombstones/tombstone_05 to DropBox (SYSTEM_TOMBSTONE)
01-07 12:45:54.562  1363  1430 I DropBoxManagerService: add tag=SYSTEM_TOMBSTONE isTagEnabled=true flags=0x2
01-07 12:45:54.572  1363  1403 W BroadcastQueue: Background execution not allowed: receiving Intent { act=android.intent.action.DROPBOX_ENTRY_ADDED flg=0x10 (has extras) } to com.google.android.gms/.stats.service.DropBoxEntryAddedReceiver
01-07 12:45:54.572  1363  1403 W BroadcastQueue: Background execution not allowed: receiving Intent { act=android.intent.action.DROPBOX_ENTRY_ADDED flg=0x10 (has extras) } to com.google.android.gms/.chimera.GmsIntentOperationService$PersistentTrustedReceiver
01-07 12:45:54.604  1363  1403 W BroadcastQueue: Background execution not allowed: receiving Intent { act=android.intent.action.DROPBOX_ENTRY_ADDED flg=0x10 (has extras) } to com.google.android.gms/.stats.service.DropBoxEntryAddedReceiver
01-07 12:45:54.604  1363  1403 W BroadcastQueue: Background execution not allowed: receiving Intent { act=android.intent.action.DROPBOX_ENTRY_ADDED flg=0x10 (has extras) } to com.google.android.gms/.chimera.GmsIntentOperationService$PersistentTrustedReceiver
01-07 12:45:54.618  1363  8393 I ActivityManager: Process com.sonosaurus.sonobus (pid 11757) has died: vis+99 TOP 
01-07 12:45:54.630  1363  1398 W WindowManager: Failed looking up window callers=com.android.server.wm.WindowManagerService.windowForClientLocked:5302 com.android.server.wm.WindowManagerService.removeWindow:1774 com.android.server.wm.Session.remove:176 
01-07 12:45:55.064  1363  1397 W ActivityTaskManager: Activity top resumed state loss timeout for ActivityRecord{3cd1e87 u0 com.sonosaurus.sonobus/com.rmsl.juce.JuceActivity t-1 f}
01-07 12:46:12.896  1363  5257 I ActivityTaskManager: START u0 {act=android.intent.action.MAIN cat=[android.intent.category.LAUNCHER] flg=0x10200000 cmp=com.sonosaurus.sonobus/com.rmsl.juce.JuceActivity bnds=[238,1831][439,2135]} from uid 10149
01-07 12:46:12.930  1363  1404 I ActivityManager: Start proc 11798:com.sonosaurus.sonobus/u0a216 for activity {com.sonosaurus.sonobus/com.rmsl.juce.JuceActivity}
01-07 12:46:13.325 11798 11798 F libc    : Fatal signal 6 (SIGABRT), code -1 (SI_QUEUE) in tid 11798 (osaurus.sonobus), pid 11798 (osaurus.sonobus)
01-07 12:46:13.368 11822 11822 F DEBUG   : *** *** *** *** *** *** *** *** *** *** *** *** *** *** *** ***
01-07 12:46:13.368 11822 11822 F DEBUG   : Build fingerprint: 'google/sargo/sargo:10/QQ3A.200605.002/6416773:user/release-keys'
01-07 12:46:13.368 11822 11822 F DEBUG   : Revision: 'MP1.0'
01-07 12:46:13.368 11822 11822 F DEBUG   : ABI: 'arm64'
01-07 12:46:13.369 11822 11822 F DEBUG   : Timestamp: 2021-01-07 12:46:13-0500
01-07 12:46:13.369 11822 11822 F DEBUG   : pid: 11798, tid: 11798, name: osaurus.sonobus  >>> com.sonosaurus.sonobus <<<
01-07 12:46:13.369 11822 11822 F DEBUG   : uid: 10216
01-07 12:46:13.369 11822 11822 F DEBUG   : signal 6 (SIGABRT), code -1 (SI_QUEUE), fault addr --------
01-07 12:46:13.369 11822 11822 F DEBUG   : Abort message: 'JNI DETECTED ERROR IN APPLICATION: JNI NewGlobalRef called with pending exception java.lang.ClassNotFoundException: Didn't find class "com.Sonosaurus.SonoBus.SonoBusActivity" on path: DexPathList[[zip file "/data/app/com.sonosaurus.sonobus-85iwlQjwIdpjiccEFcLmIg==/base.apk"],nativeLibraryDirectories=[/data/app/com.sonosaurus.sonobus-85iwlQjwIdpjiccEFcLmIg==/lib/arm64, /data/app/com.sonosaurus.sonobus-85iwlQjwIdpjiccEFcLmIg==/base.apk!/lib/arm64-v8a, /system/lib64, /product/lib64]]
01-07 12:46:13.369 11822 11822 F DEBUG   :   at java.lang.Class dalvik.system.BaseDexClassLoader.findClass(java.lang.String) (BaseDexClassLoader.java:196)
01-07 12:46:13.369 11822 11822 F DEBUG   :   at java.lang.Class java.lang.ClassLoader.loadClass(java.lang.String, boolean) (ClassLoader.java:379)
01-07 12:46:13.369 11822 11822 F DEBUG   :   at java.lang.Class java.lang.ClassLoader.loadClass(java.lang.String) (ClassLoader.java:312)
01-07 12:46:13.369 11822 11822 F DEBUG   :   at java.lang.String java.lang.Runtime.nativeLoad(java.lang.String, java.lang.ClassLoader, java.lang.Class) (Runtime.java:-2)
01-07 12:46:13.369 11822 11822 F DEBUG   :   at java.lang.String java.lang.Runtime.nativeLoad(java.lang.String, java.lang.ClassLoader) (Runtime.java:1115)
01-07 12:46:13.369 11822 11822 F DEBUG   :   at void java.lang.Runtime.loadLibrary0(java.lang.ClassLoader, java.lang.Class, java.lang.String) (Runtime.java:1069)
01-07 12:46:13.369 11822 11822 F DEBUG   :   at void java.lang.Runtime.loadLibrary0(java.lang.Class, java.lang.String) (Runtime.java:1007)
01-07 12:46:13.369 11822 11822 F DEBUG   :   at void java.lang.System.loadLibrary(java.lang.String) (System.java:1667)
01-07 12:46:13.369 11822 11822 F DEBUG   :   at void com.rmsl.juce.Java.<clinit>() (Java.java:31)
01-07 12:46:13.369 11822 11822 F DEBUG   :   at void com.rmsl.juce.Java.initialiseJUCE(android.content.Context) (Java.java:-2)
01-07 12:46:13.369 11822 11822 F DEBUG   :   at void com.rmsl.juce.JuceApp.onCreate() (JuceApp.java:35)
01-07 12:46:13.369 11822 11822 F DEBUG   :   at void android.app.Instrumentation.callApplicationOnCreate(android.app.Application) (Instrumentation.java:1189)
01-07 12:46:13.369 11822 11822 F DEBUG   :   at void android.app.ActivityThread.handleBindApplication(android.app.ActivityThread$AppBindData) (ActivityThread.java:6460)
01-07 12:46:13.369 11822 11822 F DEBUG   :   at void android.app.ActivityThread.access$1300(android.app.ActivityThread, android.app.ActivityThread$AppBindData) (ActivityThread.java:219)
01-07 12:46:13.369 11822 11822 F DEBUG   :   at void android.app.ActivityThread$H.handleMessage(android.os.Message) (ActivityThread.java:1859)
01-07 12:46:13.369 11822 11822 F DEBUG   :   at void android.os.Handler.dispatchMessage(android.os.Message) (Handler.java:107)
01-07 12:46:13.369 11822 11822 F DEBUG   :   at void android.os.Looper.loop() (Looper.java:214)
01-07 12:46:13.369 11822 11822 F DEBUG   :   at void android.app.ActivityThread.main(java.lang.String[]) (ActivityThread.java:7356)
01-07 12:46:13.369 11822 11822 F DEBUG   :   at java.lang.Object java.lang.reflect.Method.invoke(java.lang.Object, java.lang.Object[]) (Method.java:-2)
01-07 12:46:13.369 11822 11822 F DEBUG   :   at void com.android.internal.os.RuntimeInit$MethodAndArgsCaller.run() (RuntimeInit.java:492)
01-07 12:46:13.369 11822 11822 F DEBUG   :   at void com.android.internal.os.ZygoteInit.main(java.lang.String[]) (ZygoteInit.java:930)
01-07 12:46:13.369 11822 11822 F DEBUG   : 
01-07 12:46:13.369 11822 11822 F DEBUG   :     in call to NewGlobalRef
01-07 12:46:13.369 11822 11822 F DEBUG   :     from java.lang.String java.lang.Runtime.nativeLoad(java.lang.String, java.lang.ClassLoader, java.lang.Class)'
01-07 12:46:13.369 11822 11822 F DEBUG   :     x0  0000000000000000  x1  0000000000002e16  x2  0000000000000006  x3  0000007ff025ac50
01-07 12:46:13.369 11822 11822 F DEBUG   :     x4  fefeff7ba940cf97  x5  fefeff7ba940cf97  x6  fefeff7ba940cf97  x7  7f7f7f7fff7fffff
01-07 12:46:13.369 11822 11822 F DEBUG   :     x8  00000000000000f0  x9  a6351a1d8ddc569f  x10 0000000000000001  x11 0000000000000000
01-07 12:46:13.369 11822 11822 F DEBUG   :     x12 fffffff0fffffbdf  x13 000000000c9943e0  x14 0000000000000004  x15 ffffffffffffffff
01-07 12:46:13.369 11822 11822 F DEBUG   :     x16 0000007cab5cd8c0  x17 0000007cab5ab0c0  x18 0000007cad5f0000  x19 0000000000002e16
01-07 12:46:13.369 11822 11822 F DEBUG   :     x20 0000000000002e16  x21 00000000ffffffff  x22 0000007c17276000  x23 0000007c276a76a5
01-07 12:46:13.369 11822 11822 F DEBUG   :     x24 0000007c276c90a7  x25 0000000000000001  x26 0000007cac63d258  x27 0000007caca700a0
01-07 12:46:13.369 11822 11822 F DEBUG   :     x28 0000000000000002  x29 0000007ff025acf0
01-07 12:46:13.369 11822 11822 F DEBUG   :     sp  0000007ff025ac30  lr  0000007cab55ff48  pc  0000007cab55ff74
01-07 12:46:13.570 11822 11822 F DEBUG   : 
01-07 12:46:13.570 11822 11822 F DEBUG   : backtrace:
01-07 12:46:13.570 11822 11822 F DEBUG   :       #00 pc 0000000000081f74  /apex/com.android.runtime/lib64/bionic/libc.so (abort+160) (BuildId: 8de865099c99977483c8947f9b7937e9)
01-07 12:46:13.570 11822 11822 F DEBUG   :       #01 pc 00000000004b14a4  /apex/com.android.runtime/lib64/libart.so (art::Runtime::Abort(char const*)+2268) (BuildId: f9ff276075287a1d376fcd141f6042aa)
01-07 12:46:13.570 11822 11822 F DEBUG   :       #02 pc 000000000000c5b4  /system/lib64/libbase.so (android::base::LogMessage::~LogMessage()+608) (BuildId: 162c2be0cfbc8bf79a6118a3f7f9658d)
01-07 12:46:13.570 11822 11822 F DEBUG   :       #03 pc 0000000000372e00  /apex/com.android.runtime/lib64/libart.so (art::JavaVMExt::JniAbort(char const*, char const*)+1592) (BuildId: f9ff276075287a1d376fcd141f6042aa)
01-07 12:46:13.570 11822 11822 F DEBUG   :       #04 pc 0000000000372fb4  /apex/com.android.runtime/lib64/libart.so (art::JavaVMExt::JniAbortV(char const*, char const*, std::__va_list)+108) (BuildId: f9ff276075287a1d376fcd141f6042aa)
01-07 12:46:13.570 11822 11822 F DEBUG   :       #05 pc 0000000000365530  /apex/com.android.runtime/lib64/libart.so (art::(anonymous namespace)::ScopedCheck::AbortF(char const*, ...)+136) (BuildId: f9ff276075287a1d376fcd141f6042aa)
01-07 12:46:13.570 11822 11822 F DEBUG   :       #06 pc 0000000000363fb8  /apex/com.android.runtime/lib64/libart.so (art::(anonymous namespace)::ScopedCheck::CheckPossibleHeapValue(art::ScopedObjectAccess&, char, art::(anonymous namespace)::JniValueType)+1144) (BuildId: f9ff276075287a1d376fcd141f6042aa)
01-07 12:46:13.570 11822 11822 F DEBUG   :       #07 pc 0000000000363384  /apex/com.android.runtime/lib64/libart.so (art::(anonymous namespace)::ScopedCheck::Check(art::ScopedObjectAccess&, bool, char const*, art::(anonymous namespace)::JniValueType*)+624) (BuildId: f9ff276075287a1d376fcd141f6042aa)
01-07 12:46:13.570 11822 11822 F DEBUG   :       #08 pc 0000000000365980  /apex/com.android.runtime/lib64/libart.so (art::(anonymous namespace)::CheckJNI::NewRef(char const*, _JNIEnv*, _jobject*, art::IndirectRefKind)+668) (BuildId: f9ff276075287a1d376fcd141f6042aa)
01-07 12:46:13.570 11822 11822 F DEBUG   :       #09 pc 0000000000ae74f8  /data/app/com.sonosaurus.sonobus-85iwlQjwIdpjiccEFcLmIg==/base.apk!libjuce_jni.so (offset 0x2eca000) (_JNIEnv::NewGlobalRef(_jobject*)+52) (BuildId: a83e82e4603fb1493e1783c7109e2f1e5c45a024)
01-07 12:46:13.570 11822 11822 F DEBUG   :       #10 pc 0000000000d1f61c  /data/app/com.sonosaurus.sonobus-85iwlQjwIdpjiccEFcLmIg==/base.apk!libjuce_jni.so (offset 0x2eca000) (juce::JNIClassBase::initialise(_JNIEnv*)+2660) (BuildId: a83e82e4603fb1493e1783c7109e2f1e5c45a024)
01-07 12:46:13.570 11822 11822 F DEBUG   :       #11 pc 0000000000d200a4  /data/app/com.sonosaurus.sonobus-85iwlQjwIdpjiccEFcLmIg==/base.apk!libjuce_jni.so (offset 0x2eca000) (juce::JNIClassBase::initialiseAllClasses(_JNIEnv*)+88) (BuildId: a83e82e4603fb1493e1783c7109e2f1e5c45a024)
01-07 12:46:13.570 11822 11822 F DEBUG   :       #12 pc 0000000000d27f20  /data/app/com.sonosaurus.sonobus-85iwlQjwIdpjiccEFcLmIg==/base.apk!libjuce_jni.so (offset 0x2eca000) (JNI_OnLoad+308) (BuildId: a83e82e4603fb1493e1783c7109e2f1e5c45a024)
01-07 12:46:13.570 11822 11822 F DEBUG   :       #13 pc 0000000000376910  /apex/com.android.runtime/lib64/libart.so (art::JavaVMExt::LoadNativeLibrary(_JNIEnv*, std::__1::basic_string<char, std::__1::char_traits<char>, std::__1::allocator<char>> const&, _jobject*, _jclass*, std::__1::basic_string<char, std::__1::char_traits<char>, std::__1::allocator<char>>*)+3232) (BuildId: f9ff276075287a1d376fcd141f6042aa)
01-07 12:46:13.570 11822 11822 F DEBUG   :       #14 pc 00000000000050e8  /apex/com.android.runtime/lib64/libopenjdkjvm.so (JVM_NativeLoad+412) (BuildId: c0a2d91663a03efdfb0eb7cdc5152e45)
01-07 12:46:13.570 11822 11822 F DEBUG   :       #15 pc 00000000000b9af4  /system/framework/arm64/boot.oat (art_jni_trampoline+228) (BuildId: 3ac9ca66a99f96bfe2251d3af092afd975a96ddd)
01-07 12:46:13.570 11822 11822 F DEBUG   :       #16 pc 00000000001365b8  /apex/com.android.runtime/lib64/libart.so (art_quick_invoke_static_stub+568) (BuildId: f9ff276075287a1d376fcd141f6042aa)
01-07 12:46:13.570 11822 11822 F DEBUG   :       #17 pc 000000000014508c  /apex/com.android.runtime/lib64/libart.so (art::ArtMethod::Invoke(art::Thread*, unsigned int*, unsigned int, art::JValue*, char const*)+276) (BuildId: f9ff276075287a1d376fcd141f6042aa)
01-07 12:46:13.570 11822 11822 F DEBUG   :       #18 pc 00000000002df0d4  /apex/com.android.runtime/lib64/libart.so (art::interpreter::ArtInterpreterToCompiledCodeBridge(art::Thread*, art::ArtMethod*, art::ShadowFrame*, unsigned short, art::JValue*)+384) (BuildId: f9ff276075287a1d376fcd141f6042aa)
01-07 12:46:13.570 11822 11822 F DEBUG   :       #19 pc 00000000002da3b4  /apex/com.android.runtime/lib64/libart.so (bool art::interpreter::DoCall<false, false>(art::ArtMethod*, art::Thread*, art::ShadowFrame&, art::Instruction const*, unsigned short, art::JValue*)+912) (BuildId: f9ff276075287a1d376fcd141f6042aa)
01-07 12:46:13.570 11822 11822 F DEBUG   :       #20 pc 000000000059a3f0  /apex/com.android.runtime/lib64/libart.so (MterpInvokeStatic+368) (BuildId: f9ff276075287a1d376fcd141f6042aa)
01-07 12:46:13.570 11822 11822 F DEBUG   :       #21 pc 0000000000130994  /apex/com.android.runtime/lib64/libart.so (mterp_op_invoke_static+20) (BuildId: f9ff276075287a1d376fcd141f6042aa)
01-07 12:46:13.570 11822 11822 F DEBUG   :       #22 pc 00000000000e25fa  /apex/com.android.runtime/javalib/core-oj.jar (java.lang.Runtime.nativeLoad+2)
01-07 12:46:13.570 11822 11822 F DEBUG   :       #23 pc 000000000059a6f0  /apex/com.android.runtime/lib64/libart.so (MterpInvokeStatic+1136) (BuildId: f9ff276075287a1d376fcd141f6042aa)
01-07 12:46:13.570 11822 11822 F DEBUG   :       #24 pc 0000000000130994  /apex/com.android.runtime/lib64/libart.so (mterp_op_invoke_static+20) (BuildId: f9ff276075287a1d376fcd141f6042aa)
01-07 12:46:13.570 11822 11822 F DEBUG   :       #25 pc 00000000000e2afe  /apex/com.android.runtime/javalib/core-oj.jar (java.lang.Runtime.loadLibrary0+46)
01-07 12:46:13.570 11822 11822 F DEBUG   :       #26 pc 0000000000599ee4  /apex/com.android.runtime/lib64/libart.so (MterpInvokeDirect+1168) (BuildId: f9ff276075287a1d376fcd141f6042aa)
01-07 12:46:13.570 11822 11822 F DEBUG   :       #27 pc 0000000000130914  /apex/com.android.runtime/lib64/libart.so (mterp_op_invoke_direct+20) (BuildId: f9ff276075287a1d376fcd141f6042aa)
01-07 12:46:13.570 11822 11822 F DEBUG   :       #28 pc 00000000000e2ab8  /apex/com.android.runtime/javalib/core-oj.jar (java.lang.Runtime.loadLibrary0+8)
01-07 12:46:13.570 11822 11822 F DEBUG   :       #29 pc 0000000000597b54  /apex/com.android.runtime/lib64/libart.so (MterpInvokeVirtual+1432) (BuildId: f9ff276075287a1d376fcd141f6042aa)
01-07 12:46:13.570 11822 11822 F DEBUG   :       #30 pc 0000000000130814  /apex/com.android.runtime/lib64/libart.so (mterp_op_invoke_virtual+20) (BuildId: f9ff276075287a1d376fcd141f6042aa)
01-07 12:46:13.570 11822 11822 F DEBUG   :       #31 pc 00000000000e805c  /apex/com.android.runtime/javalib/core-oj.jar (java.lang.System.loadLibrary+16)
01-07 12:46:13.570 11822 11822 F DEBUG   :       #32 pc 000000000059a6f0  /apex/com.android.runtime/lib64/libart.so (MterpInvokeStatic+1136) (BuildId: f9ff276075287a1d376fcd141f6042aa)
01-07 12:46:13.570 11822 11822 F DEBUG   :       #33 pc 0000000000130994  /apex/com.android.runtime/lib64/libart.so (mterp_op_invoke_static+20) (BuildId: f9ff276075287a1d376fcd141f6042aa)
01-07 12:46:13.570 11822 11822 F DEBUG   :       #34 pc 00000000000006f8  [anon:dalvik-classes.dex extracted in memory from /data/app/com.sonosaurus.sonobus-85iwlQjwIdpjiccEFcLmIg==/base.apk] (com.rmsl.juce.Java.<clinit>+4)
01-07 12:46:13.570 11822 11822 F DEBUG   :       #35 pc 00000000002afd20  /apex/com.android.runtime/lib64/libart.so (_ZN3art11interpreterL7ExecuteEPNS_6ThreadERKNS_20CodeItemDataAccessorERNS_11ShadowFrameENS_6JValueEbb.llvm.1271440803783865717+240) (BuildId: f9ff276075287a1d376fcd141f6042aa)
01-07 12:46:13.570 11822 11822 F DEBUG   :       #36 pc 0000000000588e8c  /apex/com.android.runtime/lib64/libart.so (artQuickToInterpreterBridge+1012) (BuildId: f9ff276075287a1d376fcd141f6042aa)
01-07 12:46:13.570 11822 11822 F DEBUG   :       #37 pc 000000000013f468  /apex/com.android.runtime/lib64/libart.so (art_quick_to_interpreter_bridge+88) (BuildId: f9ff276075287a1d376fcd141f6042aa)
01-07 12:46:13.570 11822 11822 F DEBUG   :       #38 pc 00000000001365b8  /apex/com.android.runtime/lib64/libart.so (art_quick_invoke_static_stub+568) (BuildId: f9ff276075287a1d376fcd141f6042aa)
01-07 12:46:13.570 11822 11822 F DEBUG   :       #39 pc 000000000014508c  /apex/com.android.runtime/lib64/libart.so (art::ArtMethod::Invoke(art::Thread*, unsigned int*, unsigned int, art::JValue*, char const*)+276) (BuildId: f9ff276075287a1d376fcd141f6042aa)
01-07 12:46:13.570 11822 11822 F DEBUG   :       #40 pc 00000000001709c0  /apex/com.android.runtime/lib64/libart.so (art::ClassLinker::InitializeClass(art::Thread*, art::Handle<art::mirror::Class>, bool, bool)+1920) (BuildId: f9ff276075287a1d376fcd141f6042aa)
01-07 12:46:13.570 11822 11822 F DEBUG   :       #41 pc 000000000015b948  /apex/com.android.runtime/lib64/libart.so (art::ClassLinker::EnsureInitialized(art::Thread*, art::Handle<art::mirror::Class>, bool, bool)+92) (BuildId: f9ff276075287a1d376fcd141f6042aa)
01-07 12:46:13.570 11822 11822 F DEBUG   :       #42 pc 00000000002df168  /apex/com.android.runtime/lib64/libart.so (art::interpreter::ArtInterpreterToCompiledCodeBridge(art::Thread*, art::ArtMethod*, art::ShadowFrame*, unsigned short, art::JValue*)+532) (BuildId: f9ff276075287a1d376fcd141f6042aa)
01-07 12:46:13.570 11822 11822 F DEBUG   :       #43 pc 00000000002da3b4  /apex/com.android.runtime/lib64/libart.so (bool art::interpreter::DoCall<false, false>(art::ArtMethod*, art::Thread*, art::ShadowFrame&, art::Instruction const*, unsigned short, art::JValue*)+912) (BuildId: f9ff276075287a1d376fcd141f6042aa)
01-07 12:46:13.570 11822 11822 F DEBUG   :       #44 pc 000000000059a3f0  /apex/com.android.runtime/lib64/libart.so (MterpInvokeStatic+368) (BuildId: f9ff276075287a1d376fcd141f6042aa)
01-07 12:46:13.570 11822 11822 F DEBUG   :       #45 pc 0000000000130994  /apex/com.android.runtime/lib64/libart.so (mterp_op_invoke_static+20) (BuildId: f9ff276075287a1d376fcd141f6042aa)
01-07 12:46:13.571 11822 11822 F DEBUG   :       #46 pc 0000000000000782  [anon:dalvik-classes.dex extracted in memory from /data/app/com.sonosaurus.sonobus-85iwlQjwIdpjiccEFcLmIg==/base.apk] (com.rmsl.juce.JuceApp.onCreate+6)
01-07 12:46:13.571 11822 11822 F DEBUG   :       #47 pc 0000000000597b54  /apex/com.android.runtime/lib64/libart.so (MterpInvokeVirtual+1432) (BuildId: f9ff276075287a1d376fcd141f6042aa)
01-07 12:46:13.571 11822 11822 F DEBUG   :       #48 pc 0000000000130814  /apex/com.android.runtime/lib64/libart.so (mterp_op_invoke_virtual+20) (BuildId: f9ff276075287a1d376fcd141f6042aa)
01-07 12:46:13.571 11822 11822 F DEBUG   :       #49 pc 00000000001f0b30  /system/framework/framework.jar (android.app.Instrumentation.callApplicationOnCreate)
01-07 12:46:13.571 11822 11822 F DEBUG   :       #50 pc 0000000000597b54  /apex/com.android.runtime/lib64/libart.so (MterpInvokeVirtual+1432) (BuildId: f9ff276075287a1d376fcd141f6042aa)
01-07 12:46:13.571 11822 11822 F DEBUG   :       #51 pc 0000000000130814  /apex/com.android.runtime/lib64/libart.so (mterp_op_invoke_virtual+20) (BuildId: f9ff276075287a1d376fcd141f6042aa)
01-07 12:46:13.571 11822 11822 F DEBUG   :       #52 pc 0000000000186daa  /system/framework/framework.jar (android.app.ActivityThread.handleBindApplication+2206)
01-07 12:46:13.571 11822 11822 F DEBUG   :       #53 pc 0000000000599ee4  /apex/com.android.runtime/lib64/libart.so (MterpInvokeDirect+1168) (BuildId: f9ff276075287a1d376fcd141f6042aa)
01-07 12:46:13.571 11822 11822 F DEBUG   :       #54 pc 0000000000130914  /apex/com.android.runtime/lib64/libart.so (mterp_op_invoke_direct+20) (BuildId: f9ff276075287a1d376fcd141f6042aa)
01-07 12:46:13.571 11822 11822 F DEBUG   :       #55 pc 0000000000183e50  /system/framework/framework.jar (android.app.ActivityThread.access$1300)
01-07 12:46:13.571 11822 11822 F DEBUG   :       #56 pc 000000000059a6f0  /apex/com.android.runtime/lib64/libart.so (MterpInvokeStatic+1136) (BuildId: f9ff276075287a1d376fcd141f6042aa)
01-07 12:46:13.571 11822 11822 F DEBUG   :       #57 pc 0000000000130994  /apex/com.android.runtime/lib64/libart.so (mterp_op_invoke_static+20) (BuildId: f9ff276075287a1d376fcd141f6042aa)
01-07 12:46:13.571 11822 11822 F DEBUG   :       #58 pc 0000000000180c1c  /system/framework/framework.jar (android.app.ActivityThread$H.handleMessage+1400)
01-07 12:46:13.571 11822 11822 F DEBUG   :       #59 pc 0000000000597b54  /apex/com.android.runtime/lib64/libart.so (MterpInvokeVirtual+1432) (BuildId: f9ff276075287a1d376fcd141f6042aa)
01-07 12:46:13.571 11822 11822 F DEBUG   :       #60 pc 0000000000130814  /apex/com.android.runtime/lib64/libart.so (mterp_op_invoke_virtual+20) (BuildId: f9ff276075287a1d376fcd141f6042aa)
01-07 12:46:13.571 11822 11822 F DEBUG   :       #61 pc 00000000002f6fd6  /system/framework/framework.jar (android.os.Handler.dispatchMessage+38)
01-07 12:46:13.571 11822 11822 F DEBUG   :       #62 pc 0000000000597b54  /apex/com.android.runtime/lib64/libart.so (MterpInvokeVirtual+1432) (BuildId: f9ff276075287a1d376fcd141f6042aa)
01-07 12:46:13.571 11822 11822 F DEBUG   :       #63 pc 0000000000130814  /apex/com.android.runtime/lib64/libart.so (mterp_op_invoke_virtual+20) (BuildId: f9ff276075287a1d376fcd141f6042aa)
01-07 12:46:13.571 11822 11822 F DEBUG   :       #64 pc 000000000031b9ea  /system/framework/framework.jar (android.os.Looper.loop+466)
01-07 12:46:13.571 11822 11822 F DEBUG   :       #65 pc 000000000059a6f0  /apex/com.android.runtime/lib64/libart.so (MterpInvokeStatic+1136) (BuildId: f9ff276075287a1d376fcd141f6042aa)
01-07 12:46:13.571 11822 11822 F DEBUG   :       #66 pc 0000000000130994  /apex/com.android.runtime/lib64/libart.so (mterp_op_invoke_static+20) (BuildId: f9ff276075287a1d376fcd141f6042aa)
01-07 12:46:13.571 11822 11822 F DEBUG   :       #67 pc 0000000000189fea  /system/framework/framework.jar (android.app.ActivityThread.main+194)
01-07 12:46:13.571 11822 11822 F DEBUG   :       #68 pc 00000000002afd20  /apex/com.android.runtime/lib64/libart.so (_ZN3art11interpreterL7ExecuteEPNS_6ThreadERKNS_20CodeItemDataAccessorERNS_11ShadowFrameENS_6JValueEbb.llvm.1271440803783865717+240) (BuildId: f9ff276075287a1d376fcd141f6042aa)
01-07 12:46:13.571 11822 11822 F DEBUG   :       #69 pc 0000000000588e8c  /apex/com.android.runtime/lib64/libart.so (artQuickToInterpreterBridge+1012) (BuildId: f9ff276075287a1d376fcd141f6042aa)
01-07 12:46:13.571 11822 11822 F DEBUG   :       #70 pc 000000000013f468  /apex/com.android.runtime/lib64/libart.so (art_quick_to_interpreter_bridge+88) (BuildId: f9ff276075287a1d376fcd141f6042aa)
01-07 12:46:13.571 11822 11822 F DEBUG   :       #71 pc 00000000001365b8  /apex/com.android.runtime/lib64/libart.so (art_quick_invoke_static_stub+568) (BuildId: f9ff276075287a1d376fcd141f6042aa)
01-07 12:46:13.571 11822 11822 F DEBUG   :       #72 pc 000000000014508c  /apex/com.android.runtime/lib64/libart.so (art::ArtMethod::Invoke(art::Thread*, unsigned int*, unsigned int, art::JValue*, char const*)+276) (BuildId: f9ff276075287a1d376fcd141f6042aa)
01-07 12:46:13.571 11822 11822 F DEBUG   :       #73 pc 00000000004a9110  /apex/com.android.runtime/lib64/libart.so (art::(anonymous namespace)::InvokeWithArgArray(art::ScopedObjectAccessAlreadyRunnable const&, art::ArtMethod*, art::(anonymous namespace)::ArgArray*, art::JValue*, char const*)+104) (BuildId: f9ff276075287a1d376fcd141f6042aa)
01-07 12:46:13.571 11822 11822 F DEBUG   :       #74 pc 00000000004aab38  /apex/com.android.runtime/lib64/libart.so (art::InvokeMethod(art::ScopedObjectAccessAlreadyRunnable const&, _jobject*, _jobject*, _jobject*, unsigned long)+1476) (BuildId: f9ff276075287a1d376fcd141f6042aa)
01-07 12:46:13.571 11822 11822 F DEBUG   :       #75 pc 000000000043744c  /apex/com.android.runtime/lib64/libart.so (art::Method_invoke(_JNIEnv*, _jobject*, _jobject*, _jobjectArray*)+52) (BuildId: f9ff276075287a1d376fcd141f6042aa)
01-07 12:46:13.571 11822 11822 F DEBUG   :       #76 pc 00000000000c2c34  /system/framework/arm64/boot.oat (art_jni_trampoline+180) (BuildId: 3ac9ca66a99f96bfe2251d3af092afd975a96ddd)
01-07 12:46:13.571 11822 11822 F DEBUG   :       #77 pc 0000000000136334  /apex/com.android.runtime/lib64/libart.so (art_quick_invoke_stub+548) (BuildId: f9ff276075287a1d376fcd141f6042aa)
01-07 12:46:13.571 11822 11822 F DEBUG   :       #78 pc 000000000014506c  /apex/com.android.runtime/lib64/libart.so (art::ArtMethod::Invoke(art::Thread*, unsigned int*, unsigned int, art::JValue*, char const*)+244) (BuildId: f9ff276075287a1d376fcd141f6042aa)
01-07 12:46:13.571 11822 11822 F DEBUG   :       #79 pc 00000000002df0d4  /apex/com.android.runtime/lib64/libart.so (art::interpreter::ArtInterpreterToCompiledCodeBridge(art::Thread*, art::ArtMethod*, art::ShadowFrame*, unsigned short, art::JValue*)+384) (BuildId: f9ff276075287a1d376fcd141f6042aa)
01-07 12:46:13.571 11822 11822 F DEBUG   :       #80 pc 00000000002da3b4  /apex/com.android.runtime/lib64/libart.so (bool art::interpreter::DoCall<false, false>(art::ArtMethod*, art::Thread*, art::ShadowFrame&, art::Instruction const*, unsigned short, art::JValue*)+912) (BuildId: f9ff276075287a1d376fcd141f6042aa)
01-07 12:46:13.571 11822 11822 F DEBUG   :       #81 pc 0000000000597844  /apex/com.android.runtime/lib64/libart.so (MterpInvokeVirtual+648) (BuildId: f9ff276075287a1d376fcd141f6042aa)
01-07 12:46:13.571 11822 11822 F DEBUG   :       #82 pc 0000000000130814  /apex/com.android.runtime/lib64/libart.so (mterp_op_invoke_virtual+20) (BuildId: f9ff276075287a1d376fcd141f6042aa)
01-07 12:46:13.571 11822 11822 F DEBUG   :       #83 pc 0000000000350e1a  /system/framework/framework.jar (com.android.internal.os.RuntimeInit$MethodAndArgsCaller.run+22)
01-07 12:46:13.571 11822 11822 F DEBUG   :       #84 pc 00000000002afd20  /apex/com.android.runtime/lib64/libart.so (_ZN3art11interpreterL7ExecuteEPNS_6ThreadERKNS_20CodeItemDataAccessorERNS_11ShadowFrameENS_6JValueEbb.llvm.1271440803783865717+240) (BuildId: f9ff276075287a1d376fcd141f6042aa)
01-07 12:46:13.571 11822 11822 F DEBUG   :       #85 pc 0000000000588e8c  /apex/com.android.runtime/lib64/libart.so (artQuickToInterpreterBridge+1012) (BuildId: f9ff276075287a1d376fcd141f6042aa)
01-07 12:46:13.571 11822 11822 F DEBUG   :       #86 pc 000000000013f468  /apex/com.android.runtime/lib64/libart.so (art_quick_to_interpreter_bridge+88) (BuildId: f9ff276075287a1d376fcd141f6042aa)
01-07 12:46:13.571 11822 11822 F DEBUG   :       #87 pc 00000000009b13fc  /system/framework/arm64/boot-framework.oat (com.android.internal.os.ZygoteInit.main+2076) (BuildId: 8dd360e7ac2513f6c21e6f05c4163646b3e394be)
01-07 12:46:13.571 11822 11822 F DEBUG   :       #88 pc 00000000001365b8  /apex/com.android.runtime/lib64/libart.so (art_quick_invoke_static_stub+568) (BuildId: f9ff276075287a1d376fcd141f6042aa)
01-07 12:46:13.571 11822 11822 F DEBUG   :       #89 pc 000000000014508c  /apex/com.android.runtime/lib64/libart.so (art::ArtMethod::Invoke(art::Thread*, unsigned int*, unsigned int, art::JValue*, char const*)+276) (BuildId: f9ff276075287a1d376fcd141f6042aa)
01-07 12:46:13.571 11822 11822 F DEBUG   :       #90 pc 00000000004a9110  /apex/com.android.runtime/lib64/libart.so (art::(anonymous namespace)::InvokeWithArgArray(art::ScopedObjectAccessAlreadyRunnable const&, art::ArtMethod*, art::(anonymous namespace)::ArgArray*, art::JValue*, char const*)+104) (BuildId: f9ff276075287a1d376fcd141f6042aa)
01-07 12:46:13.571 11822 11822 F DEBUG   :       #91 pc 00000000004a8d7c  /apex/com.android.runtime/lib64/libart.so (art::InvokeWithVarArgs(art::ScopedObjectAccessAlreadyRunnable const&, _jobject*, _jmethodID*, std::__va_list)+408) (BuildId: f9ff276075287a1d376fcd141f6042aa)
01-07 12:46:13.571 11822 11822 F DEBUG   :       #92 pc 00000000003b6160  /apex/com.android.runtime/lib64/libart.so (art::JNI::CallStaticVoidMethodV(_JNIEnv*, _jclass*, _jmethodID*, std::__va_list)+628) (BuildId: f9ff276075287a1d376fcd141f6042aa)
01-07 12:46:13.571 11822 11822 F DEBUG   :       #93 pc 00000000000be560  /system/lib64/libandroid_runtime.so (_JNIEnv::CallStaticVoidMethod(_jclass*, _jmethodID*, ...)+116) (BuildId: a4deef8d84f80b74d5707e20f76e8091)
01-07 12:46:13.571 11822 11822 F DEBUG   :       #94 pc 00000000000c1434  /system/lib64/libandroid_runtime.so (android::AndroidRuntime::start(char const*, android::Vector<android::String8> const&, bool)+780) (BuildId: a4deef8d84f80b74d5707e20f76e8091)
01-07 12:46:13.571 11822 11822 F DEBUG   :       #95 pc 00000000000034e0  /system/bin/app_process64 (main+1168) (BuildId: e7b904a71a1cdf25c7a6206f850cf378)
01-07 12:46:13.571 11822 11822 F DEBUG   :       #96 pc 000000000007d780  /apex/com.android.runtime/lib64/bionic/libc.so (__libc_init+108) (BuildId: 8de865099c99977483c8947f9b7937e9)
01-07 12:46:13.692  1363 11825 W ActivityTaskManager:   Force finishing activity com.sonosaurus.sonobus/com.rmsl.juce.JuceActivity
01-07 12:46:13.693  1363 11826 I DropBoxManagerService: add tag=data_app_native_crash isTagEnabled=true flags=0x2
01-07 12:46:13.694  1363  1430 I BootReceiver: Copying /data/tombstones/tombstone_06 to DropBox (SYSTEM_TOMBSTONE)
01-07 12:46:13.695  1363  1430 I DropBoxManagerService: add tag=SYSTEM_TOMBSTONE isTagEnabled=true flags=0x2
01-07 12:46:13.727  1363  1395 I ActivityManager: Showing crash dialog for package com.sonosaurus.sonobus u0
01-07 12:46:13.729  1363  1403 W BroadcastQueue: Background execution not allowed: receiving Intent { act=android.intent.action.DROPBOX_ENTRY_ADDED flg=0x10 (has extras) } to com.google.android.gms/.stats.service.DropBoxEntryAddedReceiver
01-07 12:46:13.730  1363  8801 I ActivityManager: Process com.sonosaurus.sonobus (pid 11798) has died: fore TOP 
01-07 12:46:13.751  1363  1398 W WindowManager: Failed looking up window callers=com.android.server.wm.WindowManagerService.windowForClientLocked:5302 com.android.server.wm.WindowManagerService.removeWindow:1774 com.android.server.wm.Session.remove:176 
01-07 12:46:13.755  1363  1403 W BroadcastQueue: Background execution not allowed: receiving Intent { act=android.intent.action.DROPBOX_ENTRY_ADDED flg=0x10 (has extras) } to com.google.android.gms/.chimera.GmsIntentOperationService$PersistentTrustedReceiver
01-07 12:46:13.768  1363  1403 W BroadcastQueue: Background execution not allowed: receiving Intent { act=android.intent.action.DROPBOX_ENTRY_ADDED flg=0x10 (has extras) } to com.google.android.gms/.stats.service.DropBoxEntryAddedReceiver
01-07 12:46:13.768  1363  1403 W BroadcastQueue: Background execution not allowed: receiving Intent { act=android.intent.action.DROPBOX_ENTRY_ADDED flg=0x10 (has extras) } to com.google.android.gms/.chimera.GmsIntentOperationService$PersistentTrustedReceiver
01-07 12:46:14.015  1363  1395 W Looper  : Slow dispatch took 208ms android.ui h=android.view.Choreographer$FrameHandler c=android.view.Choreographer$FrameDisplayEventReceiver@bb26b91 m=0
01-07 12:46:14.016  1363  1395 W Looper  : Slow delivery took 215ms android.ui h=com.android.server.wm.DisplayPolicy$PolicyHandler c=com.android.server.wm.-$$Lambda$DisplayPolicy$qQY9m_Itua9TDy-Nk3zzDxvjEwE@ae42af6 m=0
01-07 12:46:14.025  1363  1395 W Looper  : Drained
01-07 12:46:14.193  1363  1397 W ActivityTaskManager: Activity top resumed state loss timeout for ActivityRecord{c12239d u0 com.sonosaurus.sonobus/com.rmsl.juce.JuceActivity t-1 f}
01-07 12:46:27.392  1779  7813 D PowerUI : can't show warning due to - plugged: true status unknown: false
01-07 12:47:27.389  1779  8884 D PowerUI : can't show warning due to - plugged: true status unknown: false
01-07 12:47:50.271  1363  2798 I ActivityManager: Killing 10898:android.process.acore/u0a61 (adj 975): empty for 1804s
01-07 12:47:50.323  1363  1932 D CountryDetector: No listener is left
01-07 12:48:05.794  1363  1435 V DisplayPowerController: Brightness [6] reason changing to: 'automatic [ dim ]', previous reason: 'automatic'.
01-07 12:48:12.786  1363  1435 I PowerManagerService: Going to sleep due to timeout (uid 1000)...
01-07 12:48:12.787  1363  1363 W UsageStatsService: Event reported without a package name, eventType:16
01-07 12:48:12.861  1363  1435 V DisplayPowerController: Brightness [39] reason changing to: 'automatic', previous reason: 'automatic [ dim ]'.
01-07 12:48:13.269  1363  1435 I DisplayPowerController: Blocking screen off
01-07 12:48:13.269  1363  1435 I DisplayPowerController: Unblocked screen off after 0 ms
01-07 12:48:13.270  1363  1435 D ActivityTaskManager: Top Process State changed to PROCESS_STATE_TOP_SLEEPING
01-07 12:48:13.321  1363  1435 V DisplayPowerController: Brightness [0] reason changing to: 'screen_off', previous reason: 'automatic'.
01-07 12:48:13.329  1363  1397 I DisplayManagerService: Display device changed state: "Built-in Screen", OFF
01-07 12:48:13.485  1363  1435 I DreamManagerService: Entering dreamland.
01-07 12:48:13.486  1363  1435 I PowerManagerService: Dozing...
01-07 12:48:13.487  1363  1394 I DreamController: Starting dream: name=ComponentInfo{com.android.systemui/com.android.systemui.doze.DozeService}, isTest=false, canDoze=true, userId=0
01-07 12:48:13.490  1363 11825 W ActivityManager: Ignoring remove of inactive process: ProcessRecord{1e80d92 0:com.sonosaurus.sonobus/u0a216}
01-07 12:48:17.822  1363  1397 W UsageStatsService: Event reported without a package name, eventType:17
01-07 12:51:27.426  1779  8907 D PowerUI : can't show warning due to - plugged: true status unknown: false
01-07 12:54:27.387  1779  9156 D PowerUI : can't show warning due to - plugged: true status unknown: false
01-07 12:54:35.567  1363  8393 I ActivityManager: Killing 10560:com.google.android.apps.messaging/u0a177 (adj 965): empty for 1806s
01-07 12:55:26.495  1363  1404 I ActivityManager: Start proc 11911:com.google.android.apps.gcs/u0a107 for service {com.google.android.apps.gcs/androidx.work.impl.background.systemjob.SystemJobService}
01-07 12:55:26.823  1363  2797 D ConnectivityService: requestNetwork for uid/pid:10107/11911 NetworkRequest [ TRACK_DEFAULT id=282, [ Capabilities: INTERNET&NOT_RESTRICTED&TRUSTED Uid: 10107] ]
01-07 12:55:26.833  1363  1729 D ConnectivityService: Blocked status changed to true for 10107(282) on netId 101
01-07 12:55:26.848  1363  1729 D ConnectivityService: Blocked status changed to false for 10107(282) on netId 101
01-07 12:55:27.195  1363  1729 D ConnectivityService: Blocked status changed to true for 10107(282) on netId 101
01-07 12:55:27.203  1363  1729 D ConnectivityService: releasing NetworkRequest [ TRACK_DEFAULT id=282, [ Capabilities: INTERNET&NOT_RESTRICTED&TRUSTED Uid: 10107] ] (release request)
01-07 12:55:27.390  1779  9222 D PowerUI : can't show warning due to - plugged: true status unknown: false
01-07 12:55:39.796  1363  1402 I UsageStatsService: User[0] Flushing usage stats to disk
01-07 12:55:39.872  1363  1402 W AppIdleHistory: Skipping App Idle write for unexpected null package
01-07 12:57:35.729  1363  5257 I ActivityManager: Killing 11025:com.google.android.apps.turbo:aab/u0a157 (adj 965): empty for 1829s
01-07 12:57:35.733  1363  5257 I ActivityManager: Killing 11000:com.google.android.partnersetup/u0a116 (adj 965): empty for 1835s
01-07 12:59:11.110  1363  1435 I DisplayPowerController: Blocking screen on until initial contents have been drawn.
01-07 12:59:11.132  1363  1435 V DisplayPowerController: Brightness [25] reason changing to: 'doze', previous reason: 'screen_off'.
01-07 12:59:11.134  1363  1397 I DisplayManagerService: Display device changed state: "Built-in Screen", ON
01-07 12:59:11.200  1363  1435 I DisplayPowerController: Unblocked screen on after 91 ms
01-07 12:59:16.645  1363  1435 I DisplayPowerController: Blocking screen off
01-07 12:59:16.645  1363  1435 I DisplayPowerController: Unblocked screen off after 1 ms
01-07 12:59:16.681  1363  1435 V DisplayPowerController: Brightness [0] reason changing to: 'screen_off', previous reason: 'doze'.
01-07 12:59:16.683  1363  1397 I DisplayManagerService: Display device changed state: "Built-in Screen", OFF
01-07 13:01:27.417  1779  9358 D PowerUI : can't show warning due to - plugged: true status unknown: false
01-07 13:02:27.392  1779  9366 D PowerUI : can't show warning due to - plugged: true status unknown: false
01-07 13:03:27.392  1779  2500 D PowerUI : can't show warning due to - plugged: true status unknown: false
01-07 13:04:27.392  1779  7813 D PowerUI : can't show warning due to - plugged: true status unknown: false
01-07 13:05:01.672  1363  2760 I DropBoxManagerService: add tag=event_log isTagEnabled=true flags=0x2
01-07 13:05:01.677  1363  2760 I DropBoxManagerService: add tag=event_data isTagEnabled=true flags=0x2
01-07 13:05:01.678  1363  1403 W BroadcastQueue: Background execution not allowed: receiving Intent { act=android.intent.action.DROPBOX_ENTRY_ADDED flg=0x10 (has extras) } to com.google.android.gms/.stats.service.DropBoxEntryAddedReceiver
01-07 13:05:01.678  1363  1403 W BroadcastQueue: Background execution not allowed: receiving Intent { act=android.intent.action.DROPBOX_ENTRY_ADDED flg=0x10 (has extras) } to com.google.android.gms/.chimera.GmsIntentOperationService$PersistentTrustedReceiver
01-07 13:05:01.680  1363  1403 W BroadcastQueue: Background execution not allowed: receiving Intent { act=android.intent.action.DROPBOX_ENTRY_ADDED flg=0x10 (has extras) } to com.google.android.gms/.stats.service.DropBoxEntryAddedReceiver
01-07 13:05:01.680  1363  1403 W BroadcastQueue: Background execution not allowed: receiving Intent { act=android.intent.action.DROPBOX_ENTRY_ADDED flg=0x10 (has extras) } to com.google.android.gms/.chimera.GmsIntentOperationService$PersistentTrustedReceiver
01-07 13:05:01.721  1363  8801 I DropBoxManagerService: add tag=dumpsys:account isTagEnabled=true flags=0x2
01-07 13:05:01.725  1363  1403 W BroadcastQueue: Background execution not allowed: receiving Intent { act=android.intent.action.DROPBOX_ENTRY_ADDED flg=0x10 (has extras) } to com.google.android.gms/.stats.service.DropBoxEntryAddedReceiver
01-07 13:05:01.725  1363  1403 W BroadcastQueue: Background execution not allowed: receiving Intent { act=android.intent.action.DROPBOX_ENTRY_ADDED flg=0x10 (has extras) } to com.google.android.gms/.chimera.GmsIntentOperationService$PersistentTrustedReceiver
01-07 13:05:27.392  1779  8884 D PowerUI : can't show warning due to - plugged: true status unknown: false
01-07 13:06:27.384  1363  1403 W BroadcastQueue: Background execution not allowed: receiving Intent { act=android.intent.action.ACTION_POWER_DISCONNECTED flg=0x4000010 (has extras) } to com.google.android.apps.turbo/.nudges.broadcasts.BatteryStatusChangedReceiver
01-07 13:06:27.385  1363  1403 W BroadcastQueue: Background execution not allowed: receiving Intent { act=android.intent.action.ACTION_POWER_DISCONNECTED flg=0x4000010 (has extras) } to com.google.android.gms/.chimera.GmsIntentOperationService$PersistentTrustedReceiver
01-07 13:06:27.392  1363  1435 I PowerManagerService: Waking up from Dozing (uid=1000, reason=WAKE_REASON_PLUGGED_IN, details=android.server.power:PLUGGED:false)...
01-07 13:06:27.399  1363  1435 I DisplayPowerController: Blocking screen on until initial contents have been drawn.
01-07 13:06:27.400  1363  1403 W BroadcastQueue: Background execution not allowed: receiving Intent { act=android.intent.action.ACTION_POWER_DISCONNECTED flg=0x4000010 (has extras) } to com.google.android.projection.gearhead/com.google.android.apps.auto.components.connectivity.impl.ConnectivityEventHandlerImpl$ConnectivityEventBroadcastReceiver
01-07 13:06:27.410  1363  1435 V DisplayPowerController: Brightness [39] reason changing to: 'manual', previous reason: 'screen_off'.
01-07 13:06:27.412  1363  1397 I DisplayManagerService: Display device changed state: "Built-in Screen", ON
01-07 13:06:27.449  1363  1404 I ActivityManager: Start proc 12057:com.google.android.apps.turbo/u0a157 for broadcast {com.google.android.apps.turbo/com.google.android.apps.turbo.nudges.broadcasts.BatteryStatusChangedReceiver}
01-07 13:06:27.451  1363  1363 W UsageStatsService: Event reported without a package name, eventType:15
01-07 13:06:27.457  1363  1411 I BatteryStatsImpl: Resetting battery stats: level=100 status=3 dischargeLevel=100 lowAmount=0 highAmount=0
01-07 13:06:27.472  1363  1435 I DisplayPowerController: Unblocked screen on after 72 ms
01-07 13:06:27.547  1363  1435 V DisplayPowerController: Brightness [42] reason changing to: 'automatic', previous reason: 'manual'.
01-07 13:06:27.551  1363  1363 V SettingsProvider: Notifying for 0: content://settings/system/screen_brightness
01-07 13:06:27.568  1363  1435 I DreamManagerService: Gently waking up from dream.
01-07 13:06:27.569  1363  1394 I DreamManagerService: Performing gentle wake from dream.
01-07 13:06:27.602  1363  2762 I DreamManagerService: Leaving dreamland.
01-07 13:06:27.603  1363  1394 I DreamManagerService: Performing gentle wake from dream.
01-07 13:06:27.603  1363  1394 I DreamController: Stopping dream: name=ComponentInfo{com.android.systemui/com.android.systemui.doze.DozeService}, isTest=false, canDoze=true, userId=0
01-07 13:06:27.634  1363  1363 V SettingsProvider: Notifying for 0: content://settings/global/time_remaining_estimate_millis
01-07 13:06:27.637  1363  1363 V SettingsProvider: Notifying for 0: content://settings/global/battery_estimates_last_update_time
01-07 13:06:35.401  1363  1435 V DisplayPowerController: Brightness [6] reason changing to: 'automatic [ dim ]', previous reason: 'automatic'.
01-07 13:06:37.397  1363  1435 I PowerManagerService: Going to sleep due to timeout (uid 1000)...
01-07 13:06:37.398  1363  1363 W UsageStatsService: Event reported without a package name, eventType:16
01-07 13:06:37.463  1363  1435 V DisplayPowerController: Brightness [42] reason changing to: 'automatic', previous reason: 'automatic [ dim ]'.
01-07 13:06:37.886  1363  1435 I DisplayPowerController: Blocking screen off
01-07 13:06:37.886  1363  1435 I DisplayPowerController: Unblocked screen off after 1 ms
01-07 13:06:37.956  1363  1435 V DisplayPowerController: Brightness [0] reason changing to: 'screen_off', previous reason: 'automatic'.
01-07 13:06:37.958  1363  1397 I DisplayManagerService: Display device changed state: "Built-in Screen", OFF
01-07 13:06:38.151  1363  1435 I DreamManagerService: Entering dreamland.
01-07 13:06:38.155  1363  1435 I PowerManagerService: Dozing...
01-07 13:06:38.157  1363  1394 I DreamController: Starting dream: name=ComponentInfo{com.android.systemui/com.android.systemui.doze.DozeService}, isTest=false, canDoze=true, userId=0
01-07 13:07:05.159  1363  8465 W ProcessStats: Tracking association SourceState{7d61811 com.google.android.gms.persistent/10144 ImpBg #65897} whose proc state 3 is better than process ProcessState{da3367f com.google.android.gms/10144 pkg=com.google.android.gms} proc state 5 (27 skipped)
01-07 13:07:53.553  1363  1411 V BatteryExternalStatsWorker: WiFi energy data was reset, new WiFi energy data is WifiActivityEnergyInfo{ timestamp=56623418 mStackState=3 mControllerTxTimeMs=0 mControllerTxTimePerLevelMs=[0, 0, 0, 0, 0, 0, 0, 0, 0, 0, 0, 0, 0, 0, 0, 0, 0, 0, 0, 0, 0, 0, 0, 0, 0, 0, 0, 0, 0, 0, 0, 0, 0, 1050, 10408, 0, 0, 0, 0, 0, 0, 0, 0, 0, 0, 0, 0, 0, 0, 0, 0, 0, 0, 0, 0, 0, 0, 0, 0, 0, 0, 0, 0, 0, 0, 0, 0, 0, 0, 0, 0, 0, 0, 0, 0, 0, 0, 0, 1050, 10408, 0, 0, 0, 0, 0, 0, 0, 0, 0, 0, 0, 0, 0, 0, 0, 0, 0, 0, 0, 0, 0, 0, 0, 0, 0, 0, 0, 0, 98, 0, 1, 0, 0, 0, 0, 0, 343, 0, 841, 0, 5602, 0, 11512, 0, 0, 0, 0, 0, 0, 0, 0, 0, 0, 0, 0, 0, 0, 0, 0, 0, 0, 0, 0, 0, 0, 0, 0, 0, 0, 0, 0, 0, 0, 98, 0, 1, 0, 0, 0, 0, 0, 343, 0, 841, 0, 5602, 0, 11512, 0, 0, 0, 0, 0, 0, 0, 0, 0, 0, 0, 0] mControllerRxTimeMs=0 mControllerScanTimeMs=0 mControllerIdleTimeMs=0 mControllerEnergyUsed=0 }
01-07 13:08:31.118  1363  1411 V BatteryExternalStatsWorker: WiFi energy data was reset, new WiFi energy data is WifiActivityEnergyInfo{ timestamp=56660980 mStackState=3 mControllerTxTimeMs=0 mControllerTxTimePerLevelMs=[0, 0, 0, 0, 0, 0, 0, 0, 0, 0, 0, 0, 0, 0, 0, 0, 0, 0, 0, 0, 0, 0, 0, 0, 0, 0, 0, 0, 0, 0, 0, 0, 0, 1050, 10408, 0, 0, 0, 0, 0, 0, 0, 0, 0, 0, 0, 0, 0, 0, 0, 0, 0, 0, 0, 0, 0, 0, 0, 0, 0, 0, 0, 0, 0, 0, 0, 0, 0, 0, 0, 0, 0, 0, 0, 0, 0, 0, 0, 1050, 10408, 0, 0, 0, 0, 0, 0, 0, 0, 0, 0, 0, 0, 0, 0, 0, 0, 0, 0, 0, 0, 0, 0, 0, 0, 0, 0, 0, 0, 98, 0, 1, 0, 0, 0, 0, 0, 343, 0, 843, 0, 5605, 0, 11515, 0, 0, 0, 0, 0, 0, 0, 0, 0, 0, 0, 0, 0, 0, 0, 0, 0, 0, 0, 0, 0, 0, 0, 0, 0, 0, 0, 0, 0, 0, 98, 0, 1, 0, 0, 0, 0, 0, 343, 0, 843, 0, 5605, 0, 11515, 0, 0, 0, 0, 0, 0, 0, 0, 0, 0, 0, 0] mControllerRxTimeMs=0 mControllerScanTimeMs=0 mControllerIdleTimeMs=0 mControllerEnergyUsed=0 }
01-07 13:09:27.459  1363  1729 D ConnectivityService: Blocked status changed to true for 10123(278) on netId 101
01-07 13:09:27.459  1363  1729 D ConnectivityService: Blocked status changed to true for 10123(279) on netId 101
01-07 13:09:27.460  1363  1729 D ConnectivityService: Blocked status changed to true for 10123(280) on netId 101
01-07 13:09:27.460  1363  1729 D ConnectivityService: Blocked status changed to true for 10181(276) on netId 101
01-07 13:09:27.461  1363  1729 D ConnectivityService: Blocked status changed to true for 10181(277) on netId 101
01-07 13:09:27.461  1363  1729 D ConnectivityService: Blocked status changed to true for 10139(119) on netId 101
01-07 13:09:27.471  1363  1729 D ConnectivityService: Blocked status changed to true for 10198(22) on netId 101
01-07 13:09:27.472  1363  1729 D ConnectivityService: Blocked status changed to true for 10198(23) on netId 101
